Archive member included because of file (symbol)

e:/dev/tonc-code/code/tonclib/lib\libtonc.a(tonc_input.o)
                              main.o (key_poll)
e:/dev/tonc-code/code/tonclib/lib\libtonc.a(tonc_irq.o)
                              main.o (irq_init)
e:/dev/tonc-code/code/tonclib/lib\libtonc.a(tonc_oam.o)
                              video.o (obj_copy)
e:/dev/tonc-code/code/tonclib/lib\libtonc.a(sin_lut.o)
                              particles.o (sin_lut)
e:/dev/tonc-code/code/tonclib/lib\libtonc.a(tonc_bios.o)
                              main.o (VBlankIntrWait)
e:/dev/tonc-code/code/tonclib/lib\libtonc.a(tonc_isr_master.o)
                              e:/dev/tonc-code/code/tonclib/lib\libtonc.a(tonc_irq.o) (isr_master)
e:/dev/tonc-code/code/tonclib/lib\libtonc.a(tonc_memcpy.o)
                              e:/dev/tonc-code/code/tonclib/lib\libtonc.a(tonc_oam.o) (memcpy32)
e:/dev/tonc-code/code/tonclib/lib\libtonc.a(tonc_memset.o)
                              e:/dev/tonc-code/code/tonclib/lib\libtonc.a(tonc_irq.o) (memset32)
c:/devkitpro/devkitarm/bin/../lib/gcc/arm-none-eabi/4.8.2/../../../../arm-none-eabi/lib/thumb\libstdc++.a(eh_arm.o)
                              ballsystem.o (__cxa_end_cleanup)
c:/devkitpro/devkitarm/bin/../lib/gcc/arm-none-eabi/4.8.2/../../../../arm-none-eabi/lib/thumb\libstdc++.a(pure.o)
                              camera.o (__cxa_pure_virtual)
c:/devkitpro/devkitarm/bin/../lib/gcc/arm-none-eabi/4.8.2/../../../../arm-none-eabi/lib/thumb\libstdc++.a(eh_globals.o)
                              c:/devkitpro/devkitarm/bin/../lib/gcc/arm-none-eabi/4.8.2/../../../../arm-none-eabi/lib/thumb\libstdc++.a(eh_arm.o) (__cxa_get_globals)
c:/devkitpro/devkitarm/bin/../lib/gcc/arm-none-eabi/4.8.2/../../../../arm-none-eabi/lib/thumb\libstdc++.a(si_class_type_info.o)
                              ballsystem.o (vtable for __cxxabiv1::__si_class_type_info)
c:/devkitpro/devkitarm/bin/../lib/gcc/arm-none-eabi/4.8.2/../../../../arm-none-eabi/lib/thumb\libstdc++.a(new_op.o)
                              ballsystem.o (operator new(unsigned int))
c:/devkitpro/devkitarm/bin/../lib/gcc/arm-none-eabi/4.8.2/../../../../arm-none-eabi/lib/thumb\libstdc++.a(eh_call.o)
                              c:/devkitpro/devkitarm/bin/../lib/gcc/arm-none-eabi/4.8.2/../../../../arm-none-eabi/lib/thumb\libstdc++.a(new_op.o) (__cxa_call_unexpected)
c:/devkitpro/devkitarm/bin/../lib/gcc/arm-none-eabi/4.8.2/../../../../arm-none-eabi/lib/thumb\libstdc++.a(new_opv.o)
                              particles.o (operator new[](unsigned int))
c:/devkitpro/devkitarm/bin/../lib/gcc/arm-none-eabi/4.8.2/../../../../arm-none-eabi/lib/thumb\libstdc++.a(eh_personality.o)
                              ballsystem.o (__gxx_personality_v0)
c:/devkitpro/devkitarm/bin/../lib/gcc/arm-none-eabi/4.8.2/../../../../arm-none-eabi/lib/thumb\libstdc++.a(tinfo.o)
                              c:/devkitpro/devkitarm/bin/../lib/gcc/arm-none-eabi/4.8.2/../../../../arm-none-eabi/lib/thumb\libstdc++.a(si_class_type_info.o) (std::type_info::__is_pointer_p() const)
c:/devkitpro/devkitarm/bin/../lib/gcc/arm-none-eabi/4.8.2/../../../../arm-none-eabi/lib/thumb\libstdc++.a(del_op.o)
                              ballsystem.o (operator delete(void*))
c:/devkitpro/devkitarm/bin/../lib/gcc/arm-none-eabi/4.8.2/../../../../arm-none-eabi/lib/thumb\libstdc++.a(eh_terminate.o)
                              c:/devkitpro/devkitarm/bin/../lib/gcc/arm-none-eabi/4.8.2/../../../../arm-none-eabi/lib/thumb\libstdc++.a(eh_call.o) (__cxxabiv1::__terminate(void (*)()))
c:/devkitpro/devkitarm/bin/../lib/gcc/arm-none-eabi/4.8.2/../../../../arm-none-eabi/lib/thumb\libstdc++.a(eh_exception.o)
                              c:/devkitpro/devkitarm/bin/../lib/gcc/arm-none-eabi/4.8.2/../../../../arm-none-eabi/lib/thumb\libstdc++.a(eh_call.o) (std::bad_exception::~bad_exception())
c:/devkitpro/devkitarm/bin/../lib/gcc/arm-none-eabi/4.8.2/../../../../arm-none-eabi/lib/thumb\libstdc++.a(eh_alloc.o)
                              c:/devkitpro/devkitarm/bin/../lib/gcc/arm-none-eabi/4.8.2/../../../../arm-none-eabi/lib/thumb\libstdc++.a(new_op.o) (__cxa_allocate_exception)
c:/devkitpro/devkitarm/bin/../lib/gcc/arm-none-eabi/4.8.2/../../../../arm-none-eabi/lib/thumb\libstdc++.a(bad_alloc.o)
                              c:/devkitpro/devkitarm/bin/../lib/gcc/arm-none-eabi/4.8.2/../../../../arm-none-eabi/lib/thumb\libstdc++.a(new_op.o) (std::bad_alloc::~bad_alloc())
c:/devkitpro/devkitarm/bin/../lib/gcc/arm-none-eabi/4.8.2/../../../../arm-none-eabi/lib/thumb\libstdc++.a(del_opv.o)
                              particles.o (operator delete[](void*))
c:/devkitpro/devkitarm/bin/../lib/gcc/arm-none-eabi/4.8.2/../../../../arm-none-eabi/lib/thumb\libstdc++.a(class_type_info.o)
[...]
Memory Configuration

Name             Origin             Length             Attributes
rom              0x08000000         0x02000000
iwram            0x03000000         0x00008000
ewram            0x02000000         0x00040000
*default*        0x00000000         0xffffffff

Linker script and memory map

                0x02000000                __text_start = ORIGIN (ewram)
                0x02040000                __eheap_end = (ORIGIN (ewram) + 0x40000)
                0x03000000                __iwram_start = ORIGIN (iwram)
                0x03008000                __iwram_top = (ORIGIN (iwram) + 0x8000)
                0x03007fa0                __sp_irq = (__iwram_top - 0x60)
                0x03007f00                __sp_usr = (__sp_irq - 0xa0)
                0x03007ff8                __irq_flags = 0x3007ff8
                0x02000000                . = __text_start

.init           0x02000000      0x21c
 *(.init)
 .init          0x02000000      0x210 c:/devkitpro/devkitarm/bin/../lib/gcc/arm-none-eabi/4.8.2/../../../../arm-none-eabi/lib/thumb/gba_crt0.o
                0x02000000                _start
                0x020000c4                __boot_method
                0x020000c5                __slave_number
                0x020000e0                start_vector
 .init          0x02000210        0x4 c:/devkitpro/devkitarm/bin/../lib/gcc/arm-none-eabi/4.8.2/thumb/crti.o
                0x02000210                _init
 .init          0x02000214        0x8 c:/devkitpro/devkitarm/bin/../lib/gcc/arm-none-eabi/4.8.2/thumb/crtn.o
                0x0200021c                . = ALIGN (0x4)

.plt            0x0200021c        0x0
 *(.plt)
                0x0200021c                . = ALIGN (0x4)

.text           0x0200021c    0x1411c
 *(EXCLUDE_FILE(*.iwram*) .text)
 .text          0x0200021c        0x0 c:/devkitpro/devkitarm/bin/../lib/gcc/arm-none-eabi/4.8.2/../../../../arm-none-eabi/lib/thumb/gba_crt0.o
 .text          0x0200021c        0x0 c:/devkitpro/devkitarm/bin/../lib/gcc/arm-none-eabi/4.8.2/thumb/crti.o
 .text          0x0200021c       0xd0 c:/devkitpro/devkitarm/bin/../lib/gcc/arm-none-eabi/4.8.2/thumb/crtbegin.o
 .text          0x020002ec      0x3e8 ballsystem.o
                0x020002ec                BallSystem::BallSystem()
                0x020002ec                BallSystem::BallSystem()
                0x02000314                BallSystem::ballCollision(BallSystem*, Physics*, RECT&, bool&)
                0x02000450                BallSystem::update()
 .text          0x020006d4      0x184 bricks.o
                0x020006d4                initializeBricks()
                0x020006ec                drawBricks()
                0x02000840                getBrickCollider(int, int, RECT&)
 .text          0x02000858       0x34 camera.o
                0x02000858                Camera::update()
 .text          0x0200088c       0x50 collision.o
                0x0200088c                checkCollision(RECT&, RECT&)
 .text          0x020008dc       0x34 component.o
                0x020008dc                BaseComponent::~BaseComponent()
                0x020008dc                BaseComponent::~BaseComponent()
                0x020008e8                BaseComponent::~BaseComponent()
                0x02000904                BaseComponent::BaseComponent()
                0x02000904                BaseComponent::BaseComponent()
 .text          0x02000910       0x28 filesystem.o
                0x02000910                FileSystem::openFS(unsigned char*)
                0x0200091c                FileSystem::openFile(char const*, unsigned int*)
 .text          0x02000938        0x0 main.o
 .text          0x02000938      0x1dc object.o
                0x02000938                Object::Object()
                0x02000938                Object::Object()
                0x02000958                Object::Object(Transform*)
                0x02000958                Object::Object(Transform*)
                0x02000978                Object::removeComponent(BaseComponent*)
                0x020009b0                Object::removeComponent(unsigned int)
                0x020009fc                Object::getComponent(unsigned int)
                0x02000a34                Object::removeAllComponents()
                0x02000a54                Object::~Object()
                0x02000a54                Object::~Object()
                0x02000a88                Object::addComponent(BaseComponent*)
 .text          0x02000b14      0x228 particles.o
                0x02000b14                Particles::~Particles()
                0x02000b14                Particles::~Particles()
                0x02000b44                Particles::update()
                0x02000bec                Particles::~Particles()
                0x02000c20                Particles::Particles()
                0x02000c20                Particles::Particles()
                0x02000c78                Particles::startParticles(unsigned int, int, int, int, int, OBJ_ATTR)
 .text          0x02000d3c       0xe8 physics.o
                0x02000d3c                Physics::update()
                0x02000d58                Physics::~Physics()
                0x02000d58                Physics::~Physics()
                0x02000d70                Physics::~Physics()
                0x02000d90                Physics::Physics()
                0x02000d90                Physics::Physics()
                0x02000df0                Physics::getTranslatedCollider(RECT&)
 .text          0x02000e24       0x8c playerinputsystem.o
                0x02000e24                PlayerInputSystem::update()
                0x02000e88                PlayerInputSystem::PlayerInputSystem()
                0x02000e88                PlayerInputSystem::PlayerInputSystem()
 .text          0x02000eb0      0x120 rumble.o
                0x02000eb0                Rumble::update()
                0x02000ee8                Rumble::Rumble()
                0x02000ee8                Rumble::Rumble()
                0x02000f38                Rumble::startRumble(int, bool, bool)
                0x02000f58                RumbleSystem::sendRumbleMessage(int, bool, bool)
 .text          0x02000fd0       0xec sprite.o
                0x02000fd0                Sprite::~Sprite()
                0x02000fd0                Sprite::~Sprite()
                0x02000fe8                Sprite::~Sprite()
                0x02001008                Sprite::update()
                0x02001058                Sprite::Sprite()
                0x02001058                Sprite::Sprite()
 .text          0x020010bc      0x120 system.o
                0x020010bc                BaseSystem::update()
                0x020010e4                BaseSystem::BaseSystem()
                0x020010e4                BaseSystem::BaseSystem()
                0x020010fc                BaseSystem::~BaseSystem()
                0x020010fc                BaseSystem::~BaseSystem()
                0x02001150                BaseSystem::addComponent(BaseComponent*)
                0x02001174                BaseSystem::removeComponent(BaseComponent*)
                0x020011a0                BaseSystem::garbageCollection()
 .text          0x020011dc      0x1f0 transform.o
                0x020011dc                Transform::Transform()
                0x020011dc                Transform::Transform()
                0x020011e4                Transform::Transform(Transform*)
                0x020011e4                Transform::Transform(Transform*)
                0x020011e8                Transform::~Transform()
                0x020011e8                Transform::~Transform()
                0x020011ec                Transform::getAbsoluteX()
                0x02001210                Transform::getAbsoluteY()
                0x02001234                Transform::getAbsolutePos(int&, int&)
 .text          0x020013cc       0x8c video.o
                0x020013cc                videoInit()
                0x020013e4                resetSpriteStack()
                0x020013f0                pushSprite(OBJ_ATTR*)
                0x02001418                hideUnusedSprites()
 .text          0x02001458      0x1b4 libgbfs.o
                0x02001468                find_first_gbfs_file
                0x02001504                skip_gbfs_file
                0x0200150c                gbfs_get_obj
                0x02001560                gbfs_get_nth_obj
                0x020015a0                gbfs_copy_obj
                0x020015fc                gbfs_count_objs
 .text          0x0200160c       0xac e:/dev/tonc-code/code/tonclib/lib\libtonc.a(tonc_input.o)
                0x0200160c                key_poll
                0x02001664                key_wait_till_hit
                0x02001688                key_repeat
                0x02001694                key_repeat_mask
                0x020016a4                key_repeat_limits
 .text          0x020016b8      0x35c e:/dev/tonc-code/code/tonclib/lib\libtonc.a(tonc_irq.o)
                0x020016b8                irq_init
                0x020016fc                irq_set_master
                0x0200172c                irq_set
                0x02001858                irq_add
                0x020018d0                irq_delete
                0x02001988                irq_enable
                0x020019d0                irq_disable
 .text          0x02001a14       0xcc e:/dev/tonc-code/code/tonclib/lib\libtonc.a(tonc_oam.o)
                0x02001a14                oam_init
                0x02001a60                obj_copy
                0x02001a8c                obj_hide_multi
                0x02001ab4                obj_unhide_multi
 .text          0x02001ae0        0x0 e:/dev/tonc-code/code/tonclib/lib\libtonc.a(sin_lut.o)
 .text          0x02001ae0       0x8c e:/dev/tonc-code/code/tonclib/lib\libtonc.a(tonc_bios.o)
                0x02001ae0                SoftReset
                0x02001ae4                RegisterRamReset
                0x02001ae8                Halt
                0x02001aec                Stop
                0x02001af0                IntrWait
                0x02001af4                VBlankIntrWait
                0x02001af8                Div
                0x02001afc                DivArm
                0x02001b00                Sqrt
                0x02001b04                ArcTan
                0x02001b08                ArcTan2
                0x02001b0c                CpuSet
                0x02001b10                CpuFastSet
                0x02001b14                BiosCheckSum
                0x02001b18                BgAffineSet
                0x02001b1c                ObjAffineSet
                0x02001b20                BitUnPack
                0x02001b24                LZ77UnCompWram
                0x02001b28                LZ77UnCompVram
                0x02001b2c                HuffUnComp
                0x02001b30                RLUnCompWram
                0x02001b34                RLUnCompVram
                0x02001b38                Diff8bitUnFilterWram
                0x02001b3c                Diff8bitUnFilterVram
                0x02001b40                Diff16bitUnFilter
                0x02001b44                SoundBias
                0x02001b48                SoundDriverInit
                0x02001b4c                SoundDriverMode
                0x02001b50                SoundDriverMain
                0x02001b54                SoundDriverVSync
                0x02001b58                SoundChannelClear
                0x02001b5c                MidiKey2Freq
                0x02001b60                MultiBoot
                0x02001b64                SoundDriverVSyncOff
                0x02001b68                SoundDriverVSyncOn
 .text          0x02001b6c        0x0 e:/dev/tonc-code/code/tonclib/lib\libtonc.a(tonc_isr_master.o)
 .text          0x02001b6c       0x44 e:/dev/tonc-code/code/tonclib/lib\libtonc.a(tonc_memcpy.o)
                0x02001b6c                memcpy16
 .text          0x02001bb0       0x3c e:/dev/tonc-code/code/tonclib/lib\libtonc.a(tonc_memset.o)
                0x02001bb0                memset16
 .text          0x02001bec        0x0 c:/devkitpro/devkitarm/bin/../lib/gcc/arm-none-eabi/4.8.2/../../../../arm-none-eabi/lib/thumb\libstdc++.a(eh_arm.o)
 .text          0x02001bec        0x0 c:/devkitpro/devkitarm/bin/../lib/gcc/arm-none-eabi/4.8.2/../../../../arm-none-eabi/lib/thumb\libstdc++.a(pure.o)
 .text          0x02001bec        0x0 c:/devkitpro/devkitarm/bin/../lib/gcc/arm-none-eabi/4.8.2/../../../../arm-none-eabi/lib/thumb\libstdc++.a(eh_globals.o)
 .text          0x02001bec        0x0 c:/devkitpro/devkitarm/bin/../lib/gcc/arm-none-eabi/4.8.2/../../../../arm-none-eabi/lib/thumb\libstdc++.a(si_class_type_info.o)
 .text          0x02001bec        0x0 c:/devkitpro/devkitarm/bin/../lib/gcc/arm-none-eabi/4.8.2/../../../../arm-none-eabi/lib/thumb\libstdc++.a(new_op.o)
 .text          0x02001bec        0x0 c:/devkitpro/devkitarm/bin/../lib/gcc/arm-none-eabi/4.8.2/../../../../arm-none-eabi/lib/thumb\libstdc++.a(eh_call.o)
 .text          0x02001bec        0x0 c:/devkitpro/devkitarm/bin/../lib/gcc/arm-none-eabi/4.8.2/../../../../arm-none-eabi/lib/thumb\libstdc++.a(new_opv.o)
 .text          0x02001bec        0x0 c:/devkitpro/devkitarm/bin/../lib/gcc/arm-none-eabi/4.8.2/../../../../arm-none-eabi/lib/thumb\libstdc++.a(eh_personality.o)
 .text          0x02001bec        0x0 c:/devkitpro/devkitarm/bin/../lib/gcc/arm-none-eabi/4.8.2/../../../../arm-none-eabi/lib/thumb\libstdc++.a(tinfo.o)
 .text          0x02001bec        0x0 c:/devkitpro/devkitarm/bin/../lib/gcc/arm-none-eabi/4.8.2/../../../../arm-none-eabi/lib/thumb\libstdc++.a(del_op.o)
 .text          0x02001bec        0x0 c:/devkitpro/devkitarm/bin/../lib/gcc/arm-none-eabi/4.8.2/../../../../arm-none-eabi/lib/thumb\libstdc++.a(eh_terminate.o)
 .text          0x02001bec        0x0 c:/devkitpro/devkitarm/bin/../lib/gcc/arm-none-eabi/4.8.2/../../../../arm-none-eabi/lib/thumb\libstdc++.a(eh_exception.o)
 .text          0x02001bec        0x0 c:/devkitpro/devkitarm/bin/../lib/gcc/arm-none-eabi/4.8.2/../../../../arm-none-eabi/lib/thumb\libstdc++.a(eh_alloc.o)
 .text          0x02001bec        0x0 c:/devkitpro/devkitarm/bin/../lib/gcc/arm-none-eabi/4.8.2/../../../../arm-none-eabi/lib/thumb\libstdc++.a(bad_alloc.o)
 .text          0x02001bec        0x0 c:/devkitpro/devkitarm/bin/../lib/gcc/arm-none-eabi/4.8.2/../../../../arm-none-eabi/lib/thumb\libstdc++.a(del_opv.o)
 .text          0x02001bec        0x0 c:/devkitpro/devkitarm/bin/../lib/gcc/arm-none-eabi/4.8.2/../../../../arm-none-eabi/lib/thumb\libstdc++.a(class_type_info.o)
 .text          0x02001bec        0x0 c:/devkitpro/devkitarm/bin/../lib/gcc/arm-none-eabi/4.8.2/../../../../arm-none-eabi/lib/thumb\libstdc++.a(new_handler.o)
 .text          0x02001bec        0x0 c:/devkitpro/devkitarm/bin/../lib/gcc/arm-none-eabi/4.8.2/../../../../arm-none-eabi/lib/thumb\libstdc++.a(list.o)
 .text          0x02001bec        0x0 c:/devkitpro/devkitarm/bin/../lib/gcc/arm-none-eabi/4.8.2/../../../../arm-none-eabi/lib/thumb\libstdc++.a(tree.o)
 .text          0x02001bec        0x0 c:/devkitpro/devkitarm/bin/../lib/gcc/arm-none-eabi/4.8.2/../../../../arm-none-eabi/lib/thumb\libstdc++.a(eh_throw.o)
 .text          0x02001bec        0x0 c:/devkitpro/devkitarm/bin/../lib/gcc/arm-none-eabi/4.8.2/../../../../arm-none-eabi/lib/thumb\libstdc++.a(eh_catch.o)
 .text          0x02001bec        0x0 c:/devkitpro/devkitarm/bin/../lib/gcc/arm-none-eabi/4.8.2/../../../../arm-none-eabi/lib/thumb\libstdc++.a(eh_unex_handler.o)
 .text          0x02001bec        0x0 c:/devkitpro/devkitarm/bin/../lib/gcc/arm-none-eabi/4.8.2/../../../../arm-none-eabi/lib/thumb\libstdc++.a(eh_term_handler.o)
 .text          0x02001bec        0x0 c:/devkitpro/devkitarm/bin/../lib/gcc/arm-none-eabi/4.8.2/../../../../arm-none-eabi/lib/thumb\libstdc++.a(vterminate.o)
 .text          0x02001bec        0x0 c:/devkitpro/devkitarm/bin/../lib/gcc/arm-none-eabi/4.8.2/../../../../arm-none-eabi/lib/thumb\libstdc++.a(eh_type.o)
 .text          0x02001bec     0x60e0 c:/devkitpro/devkitarm/bin/../lib/gcc/arm-none-eabi/4.8.2/../../../../arm-none-eabi/lib/thumb\libstdc++.a(cp-demangle.o)
                0x02007bd8                __cxa_demangle
                0x02007ca0                __gcclibcxx_demangle_callback
 .text          0x02007ccc      0x11c c:/devkitpro/devkitarm/bin/../lib/gcc/arm-none-eabi/4.8.2/thumb\libgcc.a(_udivsi3.o)
                0x02007ccc                __aeabi_uidiv
                0x02007ccc                __udivsi3
                0x02007dc8                __aeabi_uidivmod
 .text          0x02007de8      0x150 c:/devkitpro/devkitarm/bin/../lib/gcc/arm-none-eabi/4.8.2/thumb\libgcc.a(_divsi3.o)
                0x02007de8                __divsi3
                0x02007de8                __aeabi_idiv
                0x02007f18                __aeabi_idivmod
 .text          0x02007f38        0x4 c:/devkitpro/devkitarm/bin/../lib/gcc/arm-none-eabi/4.8.2/thumb\libgcc.a(_dvmd_tls.o)
                0x02007f38                __aeabi_idiv0
                0x02007f38                __aeabi_ldiv0
 .text          0x02007f3c      0xac4 c:/devkitpro/devkitarm/bin/../lib/gcc/arm-none-eabi/4.8.2/thumb\libgcc.a(unwind-arm.o)
                0x02008238                _Unwind_GetCFA
                0x0200823c                __gnu_Unwind_RaiseException
                0x02008294                __gnu_Unwind_ForcedUnwind
                0x020082ac                __gnu_Unwind_Resume
                0x020082f4                __gnu_Unwind_Resume_or_Rethrow
                0x02008314                _Unwind_Complete
                0x02008318                _Unwind_DeleteException
                0x02008330                _Unwind_VRS_Get
                0x02008384                _Unwind_VRS_Set
                0x020083d8                __gnu_Unwind_Backtrace
                0x02008744                __aeabi_unwind_cpp_pr0
                0x02008754                __aeabi_unwind_cpp_pr1
                0x02008764                __aeabi_unwind_cpp_pr2
                0x02008774                _Unwind_VRS_Pop
 .text          0x02008a00      0x1d8 c:/devkitpro/devkitarm/bin/../lib/gcc/arm-none-eabi/4.8.2/thumb\libgcc.a(libunwind.o)
                0x02008a00                __restore_core_regs
                0x02008a00                restore_core_regs
                0x02008a1c                __gnu_Unwind_Restore_VFP
                0x02008a24                __gnu_Unwind_Save_VFP
                0x02008a2c                __gnu_Unwind_Restore_VFP_D
                0x02008a34                __gnu_Unwind_Save_VFP_D
                0x02008a3c                __gnu_Unwind_Restore_VFP_D_16_to_31
                0x02008a44                __gnu_Unwind_Save_VFP_D_16_to_31
                0x02008a4c                __gnu_Unwind_Restore_WMMXD
                0x02008a90                __gnu_Unwind_Save_WMMXD
                0x02008ad4                __gnu_Unwind_Restore_WMMXC
                0x02008ae8                __gnu_Unwind_Save_WMMXC
                0x02008afc                ___Unwind_RaiseException
                0x02008afc                _Unwind_RaiseException
                0x02008b28                _Unwind_Resume
                0x02008b28                ___Unwind_Resume
                0x02008b54                _Unwind_Resume_or_Rethrow
                0x02008b54                ___Unwind_Resume_or_Rethrow
                0x02008b80                _Unwind_ForcedUnwind
                0x02008b80                ___Unwind_ForcedUnwind
                0x02008bac                ___Unwind_Backtrace
                0x02008bac                _Unwind_Backtrace
 .text          0x02008bd8      0x3c4 c:/devkitpro/devkitarm/bin/../lib/gcc/arm-none-eabi/4.8.2/thumb\libgcc.a(pr-support.o)
                0x02008c38                __gnu_unwind_execute
                0x02008f38                __gnu_unwind_frame
                0x02008f64                _Unwind_GetRegionStart
                0x02008f74                _Unwind_GetLanguageSpecificData
                0x02008f8c                _Unwind_GetDataRelBase
                0x02008f94                _Unwind_GetTextRelBase
 .text          0x02008f9c       0x10 c:/devkitpro/devkitarm/bin/../lib/gcc/arm-none-eabi/4.8.2/../../../../arm-none-eabi/lib/thumb\libg.a(lib_a-abort.o)
                0x02008f9c                abort
 .text          0x02008fac       0x64 c:/devkitpro/devkitarm/bin/../lib/gcc/arm-none-eabi/4.8.2/../../../../arm-none-eabi/lib/thumb\libg.a(lib_a-bsearch.o)
                0x02008fac                bsearch
 .text          0x02009010       0x58 c:/devkitpro/devkitarm/bin/../lib/gcc/arm-none-eabi/4.8.2/../../../../arm-none-eabi/lib/thumb\libg.a(lib_a-fputc.o)
                0x02009010                _fputc_r
                0x02009038                fputc
 .text          0x02009068       0x78 c:/devkitpro/devkitarm/bin/../lib/gcc/arm-none-eabi/4.8.2/../../../../arm-none-eabi/lib/thumb\libg.a(lib_a-fputs.o)
                0x02009068                _fputs_r
                0x020090c4                fputs
 .text          0x020090e0      0x330 c:/devkitpro/devkitarm/bin/../lib/gcc/arm-none-eabi/4.8.2/../../../../arm-none-eabi/lib/thumb\libg.a(lib_a-fvwrite.o)
                0x020090e0                __sfvwrite_r
 .text          0x02009410       0x9c c:/devkitpro/devkitarm/bin/../lib/gcc/arm-none-eabi/4.8.2/../../../../arm-none-eabi/lib/thumb\libg.a(lib_a-fwrite.o)
                0x02009410                _fwrite_r
                0x02009484                fwrite
 .text          0x020094ac        0x0 c:/devkitpro/devkitarm/bin/../lib/gcc/arm-none-eabi/4.8.2/../../../../arm-none-eabi/lib/thumb\libg.a(lib_a-impure.o)
 .text          0x020094ac       0x58 c:/devkitpro/devkitarm/bin/../lib/gcc/arm-none-eabi/4.8.2/../../../../arm-none-eabi/lib/thumb\libg.a(lib_a-init.o)
                0x020094ac                __libc_init_array
 .text          0x02009504       0x30 c:/devkitpro/devkitarm/bin/../lib/gcc/arm-none-eabi/4.8.2/../../../../arm-none-eabi/lib/thumb\libg.a(lib_a-malloc.o)
                0x02009504                malloc
                0x0200951c                free
 .text          0x02009534      0x510 c:/devkitpro/devkitarm/bin/../lib/gcc/arm-none-eabi/4.8.2/../../../../arm-none-eabi/lib/thumb\libg.a(lib_a-mallocr.o)
                0x02009534                _malloc_r
 .text          0x02009a44       0x8c c:/devkitpro/devkitarm/bin/../lib/gcc/arm-none-eabi/4.8.2/../../../../arm-none-eabi/lib/thumb\libg.a(lib_a-memchr-stub.o)
                0x02009a44                memchr
 .text          0x02009ad0       0x50 c:/devkitpro/devkitarm/bin/../lib/gcc/arm-none-eabi/4.8.2/../../../../arm-none-eabi/lib/thumb\libg.a(lib_a-memcmp.o)
                0x02009ad0                memcmp
 .text          0x02009b20       0x88 c:/devkitpro/devkitarm/bin/../lib/gcc/arm-none-eabi/4.8.2/../../../../arm-none-eabi/lib/thumb\libg.a(lib_a-memcpy-stub.o)
                0x02009b20                memcpy
 .text          0x02009ba8       0xa8 c:/devkitpro/devkitarm/bin/../lib/gcc/arm-none-eabi/4.8.2/../../../../arm-none-eabi/lib/thumb\libg.a(lib_a-memmove.o)
                0x02009ba8                memmove
 .text          0x02009c50       0xa4 c:/devkitpro/devkitarm/bin/../lib/gcc/arm-none-eabi/4.8.2/../../../../arm-none-eabi/lib/thumb\libg.a(lib_a-memset.o)
                0x02009c50                memset
 .text          0x02009cf4        0x8 c:/devkitpro/devkitarm/bin/../lib/gcc/arm-none-eabi/4.8.2/../../../../arm-none-eabi/lib/thumb\libg.a(lib_a-mlock.o)
                0x02009cf4                __malloc_lock
                0x02009cf8                __malloc_unlock
 .text          0x02009cfc       0xc8 c:/devkitpro/devkitarm/bin/../lib/gcc/arm-none-eabi/4.8.2/../../../../arm-none-eabi/lib/thumb\libg.a(lib_a-putc.o)
                0x02009cfc                _putc_r
                0x02009d5c                putc
 *fill*         0x02009dc4        0x4 ff
 .text          0x02009dc8       0x50 c:/devkitpro/devkitarm/bin/../lib/gcc/arm-none-eabi/4.8.2/../../../../arm-none-eabi/lib/thumb\libg.a(lib_a-rand.o)
                0x02009dc8                srand
                0x02009ddc                rand
 .text          0x02009e18       0x1c c:/devkitpro/devkitarm/bin/../lib/gcc/arm-none-eabi/4.8.2/../../../../arm-none-eabi/lib/thumb\libg.a(lib_a-realloc.o)
                0x02009e18                realloc
 .text          0x02009e34      0x36c c:/devkitpro/devkitarm/bin/../lib/gcc/arm-none-eabi/4.8.2/../../../../arm-none-eabi/lib/thumb\libg.a(lib_a-reallocr.o)
                0x02009e34                _realloc_r
 .text          0x0200a1a0      0x198 c:/devkitpro/devkitarm/bin/../lib/gcc/arm-none-eabi/4.8.2/../../../../arm-none-eabi/lib/thumb\libg.a(lib_a-signal.o)
                0x0200a1a0                _init_signal_r
                0x0200a1e0                _signal_r
                0x0200a220                _raise_r
                0x0200a280                __sigtramp_r
                0x0200a2d4                raise
                0x0200a2ec                signal
                0x0200a308                _init_signal
                0x0200a31c                __sigtramp
 .text          0x0200a338       0x84 c:/devkitpro/devkitarm/bin/../lib/gcc/arm-none-eabi/4.8.2/../../../../arm-none-eabi/lib/thumb\libg.a(lib_a-sprintf.o)
                0x0200a338                _sprintf_r
                0x0200a378                sprintf
 .text          0x0200a3bc       0x14 c:/devkitpro/devkitarm/bin/../lib/gcc/arm-none-eabi/4.8.2/../../../../arm-none-eabi/lib/thumb\libg.a(lib_a-strcmp.o)
                0x0200a3bc                strcmp
 .text          0x0200a3d0       0x10 c:/devkitpro/devkitarm/bin/../lib/gcc/arm-none-eabi/4.8.2/../../../../arm-none-eabi/lib/thumb\libg.a(lib_a-strlen.o)
                0x0200a3d0                strlen
 .text          0x0200a3e0       0xbc c:/devkitpro/devkitarm/bin/../lib/gcc/arm-none-eabi/4.8.2/../../../../arm-none-eabi/lib/thumb\libg.a(lib_a-strncmp.o)
                0x0200a3e0                strncmp
 .text          0x0200a49c       0x78 c:/devkitpro/devkitarm/bin/../lib/gcc/arm-none-eabi/4.8.2/../../../../arm-none-eabi/lib/thumb\libg.a(lib_a-strncpy.o)
                0x0200a49c                strncpy
 *fill*         0x0200a514        0x4 ff
 .text          0x0200a518     0x17a8 c:/devkitpro/devkitarm/bin/../lib/gcc/arm-none-eabi/4.8.2/../../../../arm-none-eabi/lib/thumb\libg.a(lib_a-svfprintf.o)
                0x0200a518                _svfprintf_r
 .text          0x0200bcc0       0x20 c:/devkitpro/devkitarm/bin/../lib/gcc/arm-none-eabi/4.8.2/../../../../arm-none-eabi/lib/thumb\libg.a(lib_a-syswrite.o)
                0x0200bcc0                write
 .text          0x0200bce0       0xd8 c:/devkitpro/devkitarm/bin/../lib/gcc/arm-none-eabi/4.8.2/../../../../arm-none-eabi/lib/thumb\libg.a(lib_a-wbuf.o)
                0x0200bce0                __swbuf_r
                0x0200bd9c                __swbuf
 .text          0x0200bdb8       0xdc c:/devkitpro/devkitarm/bin/../lib/gcc/arm-none-eabi/4.8.2/../../../../arm-none-eabi/lib/thumb\libg.a(lib_a-wcrtomb.o)
                0x0200bdb8                _wcrtomb_r
                0x0200be20                wcrtomb
 .text          0x0200be94       0x40 c:/devkitpro/devkitarm/bin/../lib/gcc/arm-none-eabi/4.8.2/../../../../arm-none-eabi/lib/thumb\libg.a(lib_a-wcsrtombs.o)
                0x0200be94                _wcsrtombs_r
                0x0200beac                wcsrtombs
 .text          0x0200bed4      0x28c c:/devkitpro/devkitarm/bin/../lib/gcc/arm-none-eabi/4.8.2/../../../../arm-none-eabi/lib/thumb\libg.a(lib_a-wctomb_r.o)
                0x0200bed4                __utf8_wctomb
                0x0200bf94                _wctomb_r
                0x0200bfcc                __ascii_wctomb
                0x0200bfec                __sjis_wctomb
                0x0200c060                __eucjp_wctomb
                0x0200c0e0                __jis_wctomb
 .text          0x0200c160       0xd0 c:/devkitpro/devkitarm/bin/../lib/gcc/arm-none-eabi/4.8.2/../../../../arm-none-eabi/lib/thumb\libg.a(lib_a-wsetup.o)
                0x0200c160                __swsetup_r
 .text          0x0200c230     0x1140 c:/devkitpro/devkitarm/bin/../lib/gcc/arm-none-eabi/4.8.2/../../../../arm-none-eabi/lib/thumb\libg.a(lib_a-dtoa.o)
                0x0200c384                _dtoa_r
 .text          0x0200d370      0x1bc c:/devkitpro/devkitarm/bin/../lib/gcc/arm-none-eabi/4.8.2/../../../../arm-none-eabi/lib/thumb\libg.a(lib_a-fflush.o)
                0x0200d370                __sflush_r
                0x0200d4cc                _fflush_r
                0x0200d4fc                fflush
 .text          0x0200d52c      0x248 c:/devkitpro/devkitarm/bin/../lib/gcc/arm-none-eabi/4.8.2/../../../../arm-none-eabi/lib/thumb\libg.a(lib_a-findfp.o)
                0x0200d534                _cleanup_r
                0x0200d548                __sfmoreglue
                0x0200d57c                _cleanup
                0x0200d598                __sinit
                0x0200d698                __sfp
                0x0200d72c                __sfp_lock_acquire
                0x0200d730                __sfp_lock_release
                0x0200d734                __sinit_lock_acquire
                0x0200d738                __sinit_lock_release
                0x0200d73c                __fp_lock_all
                0x0200d758                __fp_unlock_all
 .text          0x0200d774      0x238 c:/devkitpro/devkitarm/bin/../lib/gcc/arm-none-eabi/4.8.2/../../../../arm-none-eabi/lib/thumb\libg.a(lib_a-freer.o)
                0x0200d774                _malloc_trim_r
                0x0200d818                _free_r
 .text          0x0200d9ac       0xa4 c:/devkitpro/devkitarm/bin/../lib/gcc/arm-none-eabi/4.8.2/../../../../arm-none-eabi/lib/thumb\libg.a(lib_a-fwalk.o)
                0x0200d9ac                _fwalk
                0x0200d9f8                _fwalk_reent
 .text          0x0200da50      0x934 c:/devkitpro/devkitarm/bin/../lib/gcc/arm-none-eabi/4.8.2/../../../../arm-none-eabi/lib/thumb\libg.a(lib_a-locale.o)
                0x0200e110                _setlocale_r
                0x0200e324                __locale_charset
                0x0200e32c                __locale_mb_cur_max
                0x0200e338                __locale_msgcharset
                0x0200e344                __locale_cjk_lang
                0x0200e350                _localeconv_r
                0x0200e35c                setlocale
                0x0200e378                localeconv
 .text          0x0200e384       0xe4 c:/devkitpro/devkitarm/bin/../lib/gcc/arm-none-eabi/4.8.2/../../../../arm-none-eabi/lib/thumb\libg.a(lib_a-makebuf.o)
                0x0200e384                __smakebuf_r
 .text          0x0200e468      0x5bc c:/devkitpro/devkitarm/bin/../lib/gcc/arm-none-eabi/4.8.2/../../../../arm-none-eabi/lib/thumb\libg.a(lib_a-mbtowc_r.o)
                0x0200e468                __utf8_mbtowc
                0x0200e6d0                _mbtowc_r
                0x0200e70c                __ascii_mbtowc
                0x0200e73c                __sjis_mbtowc
                0x0200e7f4                __eucjp_mbtowc
                0x0200e8dc                __jis_mbtowc
 *fill*         0x0200ea24        0x4 ff
 .text          0x0200ea28      0x968 c:/devkitpro/devkitarm/bin/../lib/gcc/arm-none-eabi/4.8.2/../../../../arm-none-eabi/lib/thumb\libg.a(lib_a-mprec.o)
                0x0200ea28                _Balloc
                0x0200ea7c                _Bfree
                0x0200ea94                __multadd
                0x0200eb40                __s2b
                0x0200ebdc                __hi0bits
                0x0200ec1c                __lo0bits
                0x0200ec7c                __i2b
                0x0200ec94                __multiply
                0x0200eddc                __pow5mult
                0x0200ee98                __lshift
                0x0200ef5c                __mcmp
                0x0200ef98                __mdiff
                0x0200f088                __ulp
                0x0200f0d0                __b2d
                0x0200f180                __d2b
                0x0200f240                __ratio
                0x0200f2b4                _mprec_log10
                0x0200f2f4                __copybits
                0x0200f338                __any_on
 .text          0x0200f390       0x5c c:/devkitpro/devkitarm/bin/../lib/gcc/arm-none-eabi/4.8.2/../../../../arm-none-eabi/lib/thumb\libg.a(lib_a-s_fpclassify.o)
                0x0200f390                __fpclassifyd
 .text          0x0200f3ec       0xac c:/devkitpro/devkitarm/bin/../lib/gcc/arm-none-eabi/4.8.2/../../../../arm-none-eabi/lib/thumb\libg.a(lib_a-stdio.o)
                0x0200f3ec                __sread
                0x0200f418                __seofread
                0x0200f41c                __swrite
                0x0200f458                __sseek
                0x0200f488                __sclose
 .text          0x0200f498       0x50 c:/devkitpro/devkitarm/bin/../lib/gcc/arm-none-eabi/4.8.2/../../../../arm-none-eabi/lib/thumb\libg.a(lib_a-strcasecmp.o)
                0x0200f498                strcasecmp
 .text          0x0200f4e8       0x54 c:/devkitpro/devkitarm/bin/../lib/gcc/arm-none-eabi/4.8.2/../../../../arm-none-eabi/lib/thumb\libg.a(lib_a-strcat.o)
                0x0200f4e8                strcat
 .text          0x0200f53c       0xdc c:/devkitpro/devkitarm/bin/../lib/gcc/arm-none-eabi/4.8.2/../../../../arm-none-eabi/lib/thumb\libg.a(lib_a-strchr.o)
                0x0200f53c                strchr
 .text          0x0200f618       0x10 c:/devkitpro/devkitarm/bin/../lib/gcc/arm-none-eabi/4.8.2/../../../../arm-none-eabi/lib/thumb\libg.a(lib_a-strcpy.o)
                0x0200f618                strcpy
 .text          0x0200f628       0x50 c:/devkitpro/devkitarm/bin/../lib/gcc/arm-none-eabi/4.8.2/../../../../arm-none-eabi/lib/thumb\libg.a(lib_a-strlcpy.o)
                0x0200f628                strlcpy
 .text          0x0200f678       0x60 c:/devkitpro/devkitarm/bin/../lib/gcc/arm-none-eabi/4.8.2/../../../../arm-none-eabi/lib/thumb\libg.a(lib_a-strncasecmp.o)
                0x0200f678                strncasecmp
 .text          0x0200f6d8      0x190 c:/devkitpro/devkitarm/bin/../lib/gcc/arm-none-eabi/4.8.2/../../../../arm-none-eabi/lib/thumb\libg.a(lib_a-strtol.o)
                0x0200f6d8                _strtol_r
                0x0200f848                strtol
 .text          0x0200f868      0xd98 c:/devkitpro/devkitarm/bin/../lib/gcc/arm-none-eabi/4.8.2/../../../../arm-none-eabi/lib/thumb\libg.a(lib_a-svfiprintf.o)
                0x0200f868                __ssprint_r
                0x0200f998                _svfiprintf_r
 .text          0x02010600      0x13c c:/devkitpro/devkitarm/bin/../lib/gcc/arm-none-eabi/4.8.2/../../../../arm-none-eabi/lib/thumb\libg.a(lib_a-wcsnrtombs.o)
                0x02010600                _wcsnrtombs_r
                0x0201070c                wcsnrtombs
 .text          0x0201073c       0x64 c:/devkitpro/devkitarm/bin/../lib/gcc/arm-none-eabi/4.8.2/../../../../arm-none-eabi/lib/thumb\libg.a(lib_a-callocr.o)
                0x0201073c                _calloc_r
 .text          0x020107a0       0x10 c:/devkitpro/devkitarm/bin/../lib/gcc/arm-none-eabi/4.8.2/../../../../arm-none-eabi/lib/thumb\libg.a(lib_a-ctype_.o)
                0x020107a0                __set_ctype
 .text          0x020107b0       0xb0 c:/devkitpro/devkitarm/bin/../lib/gcc/arm-none-eabi/4.8.2/../../../../arm-none-eabi/lib/thumb\libg.a(lib_a-fclose.o)
                0x020107b0                _fclose_r
                0x02010844                fclose
 .text          0x02010860       0xa8 c:/devkitpro/devkitarm/bin/../lib/gcc/arm-none-eabi/4.8.2/../../../../arm-none-eabi/lib/thumb\libg.a(lib_a-getenv_r.o)
                0x02010860                _findenv_r
                0x020108f8                _getenv_r
 .text          0x02010908        0x0 c:/devkitpro/devkitarm/bin/../lib/gcc/arm-none-eabi/4.8.2/../../../../arm-none-eabi/lib/thumb\libg.a(lib_a-environ.o)
 .text          0x02010908        0x8 c:/devkitpro/devkitarm/bin/../lib/gcc/arm-none-eabi/4.8.2/../../../../arm-none-eabi/lib/thumb\libg.a(lib_a-envlock.o)
                0x02010908                __env_lock
                0x0201090c                __env_unlock
 .text          0x02010910       0x50 c:/devkitpro/devkitarm/bin/../lib/gcc/arm-none-eabi/4.8.2/../../../../arm-none-eabi/lib/thumb\libsysbase.a(close.o)
                0x02010910                _close_r
 .text          0x02010960       0x50 c:/devkitpro/devkitarm/bin/../lib/gcc/arm-none-eabi/4.8.2/../../../../arm-none-eabi/lib/thumb\libsysbase.a(fstat.o)
                0x02010960                _fstat_r
 .text          0x020109b0        0xc c:/devkitpro/devkitarm/bin/../lib/gcc/arm-none-eabi/4.8.2/../../../../arm-none-eabi/lib/thumb\libsysbase.a(getpid.o)
                0x020109b0                _getpid_r
 .text          0x020109bc        0x4 c:/devkitpro/devkitarm/bin/../lib/gcc/arm-none-eabi/4.8.2/../../../../arm-none-eabi/lib/thumb\libsysbase.a(isatty.o)
                0x020109bc                _isatty_r
 .text          0x020109c0        0xc c:/devkitpro/devkitarm/bin/../lib/gcc/arm-none-eabi/4.8.2/../../../../arm-none-eabi/lib/thumb\libsysbase.a(kill.o)
                0x020109c0                _kill_r
 .text          0x020109cc       0x50 c:/devkitpro/devkitarm/bin/../lib/gcc/arm-none-eabi/4.8.2/../../../../arm-none-eabi/lib/thumb\libsysbase.a(lseek.o)
                0x020109cc                _lseek_r
 .text          0x02010a1c       0x50 c:/devkitpro/devkitarm/bin/../lib/gcc/arm-none-eabi/4.8.2/../../../../arm-none-eabi/lib/thumb\libsysbase.a(read.o)
                0x02010a1c                _read_r
 .text          0x02010a6c       0x54 c:/devkitpro/devkitarm/bin/../lib/gcc/arm-none-eabi/4.8.2/../../../../arm-none-eabi/lib/thumb\libsysbase.a(sbrk.o)
                0x02010a6c                _sbrk_r
 .text          0x02010ac0       0x58 c:/devkitpro/devkitarm/bin/../lib/gcc/arm-none-eabi/4.8.2/../../../../arm-none-eabi/lib/thumb\libsysbase.a(write.o)
                0x02010ac0                _write_r
 .text          0x02010b18       0x18 c:/devkitpro/devkitarm/bin/../lib/gcc/arm-none-eabi/4.8.2/../../../../arm-none-eabi/lib/thumb\libsysbase.a(_exit.o)
                0x02010b18                _exit
 .text          0x02010b30        0x0 c:/devkitpro/devkitarm/bin/../lib/gcc/arm-none-eabi/4.8.2/../../../../arm-none-eabi/lib/thumb\libsysbase.a(malloc_vars.o)
 .text          0x02010b30        0x0 c:/devkitpro/devkitarm/bin/../lib/gcc/arm-none-eabi/4.8.2/../../../../arm-none-eabi/lib/thumb\libsysbase.a(syscall_support.o)
 .text          0x02010b30       0x88 c:/devkitpro/devkitarm/bin/../lib/gcc/arm-none-eabi/4.8.2/../../../../arm-none-eabi/lib/thumb\libsysbase.a(handle_manager.o)
                0x02010b30                __release_handle
                0x02010b5c                __alloc_handle
                0x02010b98                __get_handle
 .text          0x02010bb8      0x144 c:/devkitpro/devkitarm/bin/../lib/gcc/arm-none-eabi/4.8.2/../../../../arm-none-eabi/lib/thumb\libsysbase.a(iosupport.o)
                0x02010bb8                setDefaultDevice
                0x02010bcc                FindDevice
                0x02010c3c                RemoveDevice
                0x02010c60                AddDevice
                0x02010cdc                GetDeviceOpTab
 .text          0x02010cfc      0x41c c:/devkitpro/devkitarm/bin/../lib/gcc/arm-none-eabi/4.8.2/thumb\libgcc.a(_arm_addsubdf3.o)
                0x02010cfc                __aeabi_drsub
                0x02010d04                __aeabi_dsub
                0x02010d04                __subdf3
                0x02010d08                __aeabi_dadd
                0x02010d08                __adddf3
                0x02011018                __floatunsidf
                0x02011018                __aeabi_ui2d
                0x0201103c                __floatsidf
                0x0201103c                __aeabi_i2d
                0x02011064                __aeabi_f2d
                0x02011064                __extendsfdf2
                0x020110a4                __floatundidf
                0x020110a4                __aeabi_ul2d
                0x020110b8                __floatdidf
                0x020110b8                __aeabi_l2d
 .text          0x02011118      0x49c c:/devkitpro/devkitarm/bin/../lib/gcc/arm-none-eabi/4.8.2/thumb\libgcc.a(_arm_muldivdf3.o)
                0x02011118                __aeabi_dmul
                0x02011118                __muldf3
                0x020113a8                __divdf3
                0x020113a8                __aeabi_ddiv
 .text          0x020115b4      0x144 c:/devkitpro/devkitarm/bin/../lib/gcc/arm-none-eabi/4.8.2/thumb\libgcc.a(_arm_cmpdf2.o)
                0x020115b4                __gtdf2
                0x020115b4                __gedf2
                0x020115bc                __ltdf2
                0x020115bc                __ledf2
                0x020115c4                __nedf2
                0x020115c4                __eqdf2
                0x020115c4                __cmpdf2
                0x0201164c                __aeabi_cdrcmple
                0x02011668                __aeabi_cdcmpeq
                0x02011668                __aeabi_cdcmple
                0x02011680                __aeabi_dcmpeq
                0x02011698                __aeabi_dcmplt
                0x020116b0                __aeabi_dcmple
                0x020116c8                __aeabi_dcmpge
                0x020116e0                __aeabi_dcmpgt
 .text          0x020116f8       0x5c c:/devkitpro/devkitarm/bin/../lib/gcc/arm-none-eabi/4.8.2/thumb\libgcc.a(_arm_fixdfsi.o)
                0x020116f8                __aeabi_d2iz
                0x020116f8                __fixdfsi
 .text          0x02011754       0x3c c:/devkitpro/devkitarm/bin/../lib/gcc/arm-none-eabi/4.8.2/thumb\libgcc.a(_aeabi_uldivmod.o)
                0x02011754                __aeabi_uldivmod
 .text          0x02011790       0x4c c:/devkitpro/devkitarm/bin/../lib/gcc/arm-none-eabi/4.8.2/thumb\libgcc.a(_muldi3.o)
                0x02011790                __muldi3
                0x02011790                __aeabi_lmul
 .text          0x020117dc       0x74 c:/devkitpro/devkitarm/bin/../lib/gcc/arm-none-eabi/4.8.2/thumb\libgcc.a(bpabi.o)
                0x020117dc                __gnu_ldivmod_helper
                0x02011818                __gnu_uldivmod_helper
 .text          0x02011850      0x3cc c:/devkitpro/devkitarm/bin/../lib/gcc/arm-none-eabi/4.8.2/thumb\libgcc.a(_divdi3.o)
                0x02011850                __divdi3
 .text          0x02011c1c      0x378 c:/devkitpro/devkitarm/bin/../lib/gcc/arm-none-eabi/4.8.2/thumb\libgcc.a(_udivdi3.o)
                0x02011c1c                __udivdi3
 .text          0x02011f94       0x48 c:/devkitpro/devkitarm/bin/../lib/gcc/arm-none-eabi/4.8.2/thumb\libgcc.a(_clzsi2.o)
                0x02011f94                __clzsi2
 .text          0x02011fdc        0x0 c:/devkitpro/devkitarm/bin/../lib/gcc/arm-none-eabi/4.8.2/thumb/crtend.o
 .text          0x02011fdc        0x0 c:/devkitpro/devkitarm/bin/../lib/gcc/arm-none-eabi/4.8.2/thumb/crtn.o
 *(.text .stub .text.* .gnu.linkonce.t.*)
 .text._ZN9ComponentI6CameraED2Ev
                0x02011fdc       0x18 camera.o
                0x02011fdc                Component<Camera>::~Component()
                0x02011fdc                Component<Camera>::~Component()
 .text._ZN9ComponentI6CameraED0Ev
                0x02011ff4       0x20 camera.o
                0x02011ff4                Component<Camera>::~Component()
 .text._ZN6CameraD2Ev
                0x02012014       0x18 camera.o
                0x02012014                Camera::~Camera()
                0x02012014                Camera::~Camera()
 .text._ZN6CameraD0Ev
                0x0201202c       0x20 camera.o
                0x0201202c                Camera::~Camera()
 .text._ZN6Object12addComponentI6SpriteEEPT_v
                0x0201204c       0x28 main.o
                0x0201204c                Sprite* Object::addComponent<Sprite>()
 .text._ZN6Object12addComponentI7PhysicsEEPT_v
                0x02012074       0x28 main.o
                0x02012074                Physics* Object::addComponent<Physics>()
 .text.startup  0x0201209c      0x588 main.o
                0x0201209c                main
 .text._ZNSt8_Rb_treeIjSt4pairIKjP13BaseComponentESt10_Select1stIS4_ESt4lessIjESaIS4_EE8_M_eraseEPSt13_Rb_tree_nodeIS4_E
                0x02012624      0x118 object.o
                0x02012624                std::_Rb_tree<unsigned int, std::pair<unsigned int const, BaseComponent*>, std::_Select1st<std::pair<unsigned int const, BaseComponent*> >, std::less<unsigned int>, std::allocator<std::pair<unsigned int const, BaseComponent*> > >::_M_erase(std::_Rb_tree_node<std::pair<unsigned int const, BaseComponent*> >*)
 .text._ZNSt8_Rb_treeIjSt4pairIKjP13BaseComponentESt10_Select1stIS4_ESt4lessIjESaIS4_EE22_M_emplace_hint_uniqueIIRKSt21piecewise_construct_tSt5tupleIIRS1_EESF_IIEEEEESt17_Rb_tree_iteratorIS4_ESt23_Rb_tree_const_iteratorIS4_EDpOT_
                0x0201273c      0x17c object.o
                0x0201273c                std::_Rb_tree_iterator<std::pair<unsigned int const, BaseComponent*> > std::_Rb_tree<unsigned int, std::pair<unsigned int const, BaseComponent*>, std::_Select1st<std::pair<unsigned int const, BaseComponent*> >, std::less<unsigned int>, std::allocator<std::pair<unsigned int const, BaseComponent*> > >::_M_emplace_hint_unique<std::piecewise_construct_t const&, std::tuple<unsigned int const&>, std::tuple<> >(std::_Rb_tree_const_iterator<std::pair<unsigned int const, BaseComponent*> >, std::piecewise_construct_t const&, std::tuple<unsigned int const&>&&, std::tuple<>&&)
                0x0201273c                std::_Rb_tree_iterator<std::pair<unsigned int const, BaseComponent*> > std::_Rb_tree<unsigned int, std::pair<unsigned int const, BaseComponent*>, std::_Select1st<std::pair<unsigned int const, BaseComponent*> >, std::less<unsigned int>, std::allocator<std::pair<unsigned int const, BaseComponent*> > >::_M_emplace_hint_unique<std::piecewise_construct_t const&, std::tuple<unsigned int const&>, std::tuple<> >(std::_Rb_tree_const_iterator<std::pair<unsigned int const, BaseComponent*> >, std::piecewise_construct_t const&, std::tuple<unsigned int const&>&&, std::tuple<>&&)
 .text._ZN9ComponentI9ParticlesED2Ev
                0x020128b8       0x18 particles.o
                0x020128b8                Component<Particles>::~Component()
                0x020128b8                Component<Particles>::~Component()
 .text._ZN9ComponentI9ParticlesED0Ev
                0x020128d0       0x20 particles.o
                0x020128d0                Component<Particles>::~Component()
 .text._ZN9ComponentI7PhysicsED2Ev
                0x020128f0       0x18 physics.o
                0x020128f0                Component<Physics>::~Component()
                0x020128f0                Component<Physics>::~Component()
 .text._ZN9ComponentI7PhysicsED0Ev
                0x02012908       0x20 physics.o
                0x02012908                Component<Physics>::~Component()
 .text._ZN9ComponentI6RumbleED2Ev
                0x02012928       0x18 rumble.o
                0x02012928                Component<Rumble>::~Component()
                0x02012928                Component<Rumble>::~Component()
 .text._ZN6RumbleD2Ev
                0x02012940       0x18 rumble.o
                0x02012940                Rumble::~Rumble()
                0x02012940                Rumble::~Rumble()
 .text._ZN9ComponentI6RumbleED0Ev
                0x02012958       0x20 rumble.o
                0x02012958                Component<Rumble>::~Component()
 .text._ZN6RumbleD0Ev
                0x02012978       0x20 rumble.o
                0x02012978                Rumble::~Rumble()
 .text._ZN9ComponentI6SpriteED2Ev
                0x02012998       0x18 sprite.o
                0x02012998                Component<Sprite>::~Component()
                0x02012998                Component<Sprite>::~Component()
 .text._ZN9ComponentI6SpriteED0Ev
                0x020129b0       0x20 sprite.o
                0x020129b0                Component<Sprite>::~Component()
 .text.__cxa_end_cleanup
                0x020129d0        0xc c:/devkitpro/devkitarm/bin/../lib/gcc/arm-none-eabi/4.8.2/../../../../arm-none-eabi/lib/thumb\libstdc++.a(eh_arm.o)
                0x020129d0                __cxa_end_cleanup
 .text.__cxa_type_match
                0x020129dc       0xc4 c:/devkitpro/devkitarm/bin/../lib/gcc/arm-none-eabi/4.8.2/../../../../arm-none-eabi/lib/thumb\libstdc++.a(eh_arm.o)
                0x020129dc                __cxa_type_match
 .text.__cxa_begin_cleanup
                0x02012aa0       0x64 c:/devkitpro/devkitarm/bin/../lib/gcc/arm-none-eabi/4.8.2/../../../../arm-none-eabi/lib/thumb\libstdc++.a(eh_arm.o)
                0x02012aa0                __cxa_begin_cleanup
 .text.__gnu_end_cleanup
                0x02012b04       0x74 c:/devkitpro/devkitarm/bin/../lib/gcc/arm-none-eabi/4.8.2/../../../../arm-none-eabi/lib/thumb\libstdc++.a(eh_arm.o)
                0x02012b04                __gnu_end_cleanup
 .text.__cxa_pure_virtual
                0x02012b78       0x14 c:/devkitpro/devkitarm/bin/../lib/gcc/arm-none-eabi/4.8.2/../../../../arm-none-eabi/lib/thumb\libstdc++.a(pure.o)
                0x02012b78                __cxa_pure_virtual
 .text.__cxa_deleted_virtual
                0x02012b8c       0x14 c:/devkitpro/devkitarm/bin/../lib/gcc/arm-none-eabi/4.8.2/../../../../arm-none-eabi/lib/thumb\libstdc++.a(pure.o)
                0x02012b8c                __cxa_deleted_virtual
 .text.__cxa_get_globals_fast
                0x02012ba0        0x8 c:/devkitpro/devkitarm/bin/../lib/gcc/arm-none-eabi/4.8.2/../../../../arm-none-eabi/lib/thumb\libstdc++.a(eh_globals.o)
                0x02012ba0                __cxa_get_globals_fast
 .text.__cxa_get_globals
                0x02012ba8        0x8 c:/devkitpro/devkitarm/bin/../lib/gcc/arm-none-eabi/4.8.2/../../../../arm-none-eabi/lib/thumb\libstdc++.a(eh_globals.o)
                0x02012ba8                __cxa_get_globals
 .text._ZN10__cxxabiv120__si_class_type_infoD2Ev
                0x02012bb0       0x1c c:/devkitpro/devkitarm/bin/../lib/gcc/arm-none-eabi/4.8.2/../../../../arm-none-eabi/lib/thumb\libstdc++.a(si_class_type_info.o)
                0x02012bb0                __cxxabiv1::__si_class_type_info::~__si_class_type_info()
                0x02012bb0                __cxxabiv1::__si_class_type_info::~__si_class_type_info()
 .text._ZN10__cxxabiv120__si_class_type_infoD0Ev
                0x02012bcc       0x20 c:/devkitpro/devkitarm/bin/../lib/gcc/arm-none-eabi/4.8.2/../../../../arm-none-eabi/lib/thumb\libstdc++.a(si_class_type_info.o)
                0x02012bcc                __cxxabiv1::__si_class_type_info::~__si_class_type_info()
 .text._ZNK10__cxxabiv120__si_class_type_info20__do_find_public_srcEiPKvPKNS_17__class_type_infoES2_
                0x02012bec       0x40 c:/devkitpro/devkitarm/bin/../lib/gcc/arm-none-eabi/4.8.2/../../../../arm-none-eabi/lib/thumb\libstdc++.a(si_class_type_info.o)
                0x02012bec                __cxxabiv1::__si_class_type_info::__do_find_public_src(int, void const*, __cxxabiv1::__class_type_info const*, void const*) const
 .text._ZNK10__cxxabiv120__si_class_type_info12__do_dyncastEiNS_17__class_type_info10__sub_kindEPKS1_PKvS4_S6_RNS1_16__dyncast_resultE
                0x02012c2c       0x9c c:/devkitpro/devkitarm/bin/../lib/gcc/arm-none-eabi/4.8.2/../../../../arm-none-eabi/lib/thumb\libstdc++.a(si_class_type_info.o)
                0x02012c2c                __cxxabiv1::__si_class_type_info::__do_dyncast(int, __cxxabiv1::__class_type_info::__sub_kind, __cxxabiv1::__class_type_info const*, void const*, __cxxabiv1::__class_type_info const*, void const*, __cxxabiv1::__class_type_info::__dyncast_result&) const
 .text._ZNK10__cxxabiv120__si_class_type_info11__do_upcastEPKNS_17__class_type_infoEPKvRNS1_15__upcast_resultE
                0x02012cc8       0x2c c:/devkitpro/devkitarm/bin/../lib/gcc/arm-none-eabi/4.8.2/../../../../arm-none-eabi/lib/thumb\libstdc++.a(si_class_type_info.o)
                0x02012cc8                __cxxabiv1::__si_class_type_info::__do_upcast(__cxxabiv1::__class_type_info const*, void const*, __cxxabiv1::__class_type_info::__upcast_result&) const
 .text._Znwj    0x02012cf4       0x60 c:/devkitpro/devkitarm/bin/../lib/gcc/arm-none-eabi/4.8.2/../../../../arm-none-eabi/lib/thumb\libstdc++.a(new_op.o)
                0x02012cf4                operator new(unsigned int)
 .text._ZN10__cxxabiv1L24__is_gxx_exception_classEPc
                0x02012d54       0x40 c:/devkitpro/devkitarm/bin/../lib/gcc/arm-none-eabi/4.8.2/../../../../arm-none-eabi/lib/thumb\libstdc++.a(eh_call.o)
 .text.__cxa_call_terminate
                0x02012d94       0x20 c:/devkitpro/devkitarm/bin/../lib/gcc/arm-none-eabi/4.8.2/../../../../arm-none-eabi/lib/thumb\libstdc++.a(eh_call.o)
                0x02012d94                __cxa_call_terminate
 .text.__cxa_call_unexpected
                0x02012db4       0xfc c:/devkitpro/devkitarm/bin/../lib/gcc/arm-none-eabi/4.8.2/../../../../arm-none-eabi/lib/thumb\libstdc++.a(eh_call.o)
                0x02012db4                __cxa_call_unexpected
 .text._Znaj    0x02012eb0       0x18 c:/devkitpro/devkitarm/bin/../lib/gcc/arm-none-eabi/4.8.2/../../../../arm-none-eabi/lib/thumb\libstdc++.a(new_opv.o)
                0x02012eb0                operator new[](unsigned int)
 .text._ZL12read_sleb128PKhPl
                0x02012ec8       0x34 c:/devkitpro/devkitarm/bin/../lib/gcc/arm-none-eabi/4.8.2/../../../../arm-none-eabi/lib/thumb\libstdc++.a(eh_personality.o)
 .text._ZL28read_encoded_value_with_basehjPKhPj
                0x02012efc       0xe0 c:/devkitpro/devkitarm/bin/../lib/gcc/arm-none-eabi/4.8.2/../../../../arm-none-eabi/lib/thumb\libstdc++.a(eh_personality.o)
 .text._ZL21base_of_encoded_valuehP15_Unwind_Context
                0x02012fdc       0x48 c:/devkitpro/devkitarm/bin/../lib/gcc/arm-none-eabi/4.8.2/../../../../arm-none-eabi/lib/thumb\libstdc++.a(eh_personality.o)
 .text._ZL17parse_lsda_headerP15_Unwind_ContextPKhP16lsda_header_info
                0x02013024       0x9c c:/devkitpro/devkitarm/bin/../lib/gcc/arm-none-eabi/4.8.2/../../../../arm-none-eabi/lib/thumb\libstdc++.a(eh_personality.o)
 .text.__gxx_personality_v0
                0x020130c0      0x3f8 c:/devkitpro/devkitarm/bin/../lib/gcc/arm-none-eabi/4.8.2/../../../../arm-none-eabi/lib/thumb\libstdc++.a(eh_personality.o)
                0x020130c0                __gxx_personality_v0
 .text._ZNSt9type_infoD2Ev
                0x020134b8        0xc c:/devkitpro/devkitarm/bin/../lib/gcc/arm-none-eabi/4.8.2/../../../../arm-none-eabi/lib/thumb\libstdc++.a(tinfo.o)
                0x020134b8                std::type_info::~type_info()
                0x020134b8                std::type_info::~type_info()
 .text._ZNKSt9type_info14__is_pointer_pEv
                0x020134c4        0x4 c:/devkitpro/devkitarm/bin/../lib/gcc/arm-none-eabi/4.8.2/../../../../arm-none-eabi/lib/thumb\libstdc++.a(tinfo.o)
                0x020134c4                std::type_info::__is_pointer_p() const
 .text._ZNKSt9type_info15__is_function_pEv
                0x020134c8        0x4 c:/devkitpro/devkitarm/bin/../lib/gcc/arm-none-eabi/4.8.2/../../../../arm-none-eabi/lib/thumb\libstdc++.a(tinfo.o)
                0x020134c8                std::type_info::__is_function_p() const
 .text._ZNKSt9type_info11__do_upcastEPKN10__cxxabiv117__class_type_infoEPPv
                0x020134cc        0x4 c:/devkitpro/devkitarm/bin/../lib/gcc/arm-none-eabi/4.8.2/../../../../arm-none-eabi/lib/thumb\libstdc++.a(tinfo.o)
                0x020134cc                std::type_info::__do_upcast(__cxxabiv1::__class_type_info const*, void**) const
 .text._ZNSt9type_infoD0Ev
                0x020134d0       0x1c c:/devkitpro/devkitarm/bin/../lib/gcc/arm-none-eabi/4.8.2/../../../../arm-none-eabi/lib/thumb\libstdc++.a(tinfo.o)
                0x020134d0                std::type_info::~type_info()
 .text._ZNKSt9type_infoeqERKS_
                0x020134ec       0x30 c:/devkitpro/devkitarm/bin/../lib/gcc/arm-none-eabi/4.8.2/../../../../arm-none-eabi/lib/thumb\libstdc++.a(tinfo.o)
                0x020134ec                std::type_info::operator==(std::type_info const&) const
 .text._ZNKSt9type_info10__do_catchEPKS_PPvj
                0x0201351c        0xc c:/devkitpro/devkitarm/bin/../lib/gcc/arm-none-eabi/4.8.2/../../../../arm-none-eabi/lib/thumb\libstdc++.a(tinfo.o)
                0x0201351c                std::type_info::__do_catch(std::type_info const*, void**, unsigned int) const
 .text._ZdlPv   0x02013528       0x10 c:/devkitpro/devkitarm/bin/../lib/gcc/arm-none-eabi/4.8.2/../../../../arm-none-eabi/lib/thumb\libstdc++.a(del_op.o)
                0x02013528                operator delete(void*)
 .text._ZN10__cxxabiv111__terminateEPFvvE
                0x02013538       0x2c c:/devkitpro/devkitarm/bin/../lib/gcc/arm-none-eabi/4.8.2/../../../../arm-none-eabi/lib/thumb\libstdc++.a(eh_terminate.o)
                0x02013538                __cxxabiv1::__terminate(void (*)())
 .text._ZSt9terminatev
                0x02013564       0x10 c:/devkitpro/devkitarm/bin/../lib/gcc/arm-none-eabi/4.8.2/../../../../arm-none-eabi/lib/thumb\libstdc++.a(eh_terminate.o)
                0x02013564                std::terminate()
 .text._ZN10__cxxabiv112__unexpectedEPFvvE
                0x02013574        0xc c:/devkitpro/devkitarm/bin/../lib/gcc/arm-none-eabi/4.8.2/../../../../arm-none-eabi/lib/thumb\libstdc++.a(eh_terminate.o)
                0x02013574                __cxxabiv1::__unexpected(void (*)())
 .text._ZSt10unexpectedv
                0x02013580       0x10 c:/devkitpro/devkitarm/bin/../lib/gcc/arm-none-eabi/4.8.2/../../../../arm-none-eabi/lib/thumb\libstdc++.a(eh_terminate.o)
                0x02013580                std::unexpected()
 .text._ZSt13set_terminatePFvvE
                0x02013590       0x10 c:/devkitpro/devkitarm/bin/../lib/gcc/arm-none-eabi/4.8.2/../../../../arm-none-eabi/lib/thumb\libstdc++.a(eh_terminate.o)
                0x02013590                std::set_terminate(void (*)())
 .text._ZSt14set_unexpectedPFvvE
                0x020135a0       0x10 c:/devkitpro/devkitarm/bin/../lib/gcc/arm-none-eabi/4.8.2/../../../../arm-none-eabi/lib/thumb\libstdc++.a(eh_terminate.o)
                0x020135a0                std::set_unexpected(void (*)())
 .text._ZNSt9exceptionD2Ev
                0x020135b0        0xc c:/devkitpro/devkitarm/bin/../lib/gcc/arm-none-eabi/4.8.2/../../../../arm-none-eabi/lib/thumb\libstdc++.a(eh_exception.o)
                0x020135b0                std::exception::~exception()
                0x020135b0                std::exception::~exception()
 .text._ZNSt13bad_exceptionD2Ev
                0x020135bc        0xc c:/devkitpro/devkitarm/bin/../lib/gcc/arm-none-eabi/4.8.2/../../../../arm-none-eabi/lib/thumb\libstdc++.a(eh_exception.o)
                0x020135bc                std::bad_exception::~bad_exception()
                0x020135bc                std::bad_exception::~bad_exception()
 .text._ZN10__cxxabiv115__forced_unwindD2Ev
                0x020135c8        0xc c:/devkitpro/devkitarm/bin/../lib/gcc/arm-none-eabi/4.8.2/../../../../arm-none-eabi/lib/thumb\libstdc++.a(eh_exception.o)
                0x020135c8                __cxxabiv1::__forced_unwind::~__forced_unwind()
                0x020135c8                __cxxabiv1::__forced_unwind::~__forced_unwind()
 .text._ZN10__cxxabiv119__foreign_exceptionD2Ev
                0x020135d4        0xc c:/devkitpro/devkitarm/bin/../lib/gcc/arm-none-eabi/4.8.2/../../../../arm-none-eabi/lib/thumb\libstdc++.a(eh_exception.o)
                0x020135d4                __cxxabiv1::__foreign_exception::~__foreign_exception()
                0x020135d4                __cxxabiv1::__foreign_exception::~__foreign_exception()
 .text._ZNKSt9exception4whatEv
                0x020135e0        0x8 c:/devkitpro/devkitarm/bin/../lib/gcc/arm-none-eabi/4.8.2/../../../../arm-none-eabi/lib/thumb\libstdc++.a(eh_exception.o)
                0x020135e0                std::exception::what() const
 .text._ZNKSt13bad_exception4whatEv
                0x020135e8        0x8 c:/devkitpro/devkitarm/bin/../lib/gcc/arm-none-eabi/4.8.2/../../../../arm-none-eabi/lib/thumb\libstdc++.a(eh_exception.o)
                0x020135e8                std::bad_exception::what() const
 .text._ZNSt9exceptionD0Ev
                0x020135f0       0x1c c:/devkitpro/devkitarm/bin/../lib/gcc/arm-none-eabi/4.8.2/../../../../arm-none-eabi/lib/thumb\libstdc++.a(eh_exception.o)
                0x020135f0                std::exception::~exception()
 .text._ZNSt13bad_exceptionD0Ev
                0x0201360c       0x1c c:/devkitpro/devkitarm/bin/../lib/gcc/arm-none-eabi/4.8.2/../../../../arm-none-eabi/lib/thumb\libstdc++.a(eh_exception.o)
                0x0201360c                std::bad_exception::~bad_exception()
 .text._ZN10__cxxabiv115__forced_unwindD0Ev
                0x02013628       0x1c c:/devkitpro/devkitarm/bin/../lib/gcc/arm-none-eabi/4.8.2/../../../../arm-none-eabi/lib/thumb\libstdc++.a(eh_exception.o)
                0x02013628                __cxxabiv1::__forced_unwind::~__forced_unwind()
 .text._ZN10__cxxabiv119__foreign_exceptionD0Ev
                0x02013644       0x1c c:/devkitpro/devkitarm/bin/../lib/gcc/arm-none-eabi/4.8.2/../../../../arm-none-eabi/lib/thumb\libstdc++.a(eh_exception.o)
                0x02013644                __cxxabiv1::__foreign_exception::~__foreign_exception()
 .text.__cxa_allocate_exception
                0x02013660       0x68 c:/devkitpro/devkitarm/bin/../lib/gcc/arm-none-eabi/4.8.2/../../../../arm-none-eabi/lib/thumb\libstdc++.a(eh_alloc.o)
                0x02013660                __cxa_allocate_exception
 .text.__cxa_free_exception
                0x020136c8       0x38 c:/devkitpro/devkitarm/bin/../lib/gcc/arm-none-eabi/4.8.2/../../../../arm-none-eabi/lib/thumb\libstdc++.a(eh_alloc.o)
                0x020136c8                __cxa_free_exception
 .text.__cxa_allocate_dependent_exception
                0x02013700       0x60 c:/devkitpro/devkitarm/bin/../lib/gcc/arm-none-eabi/4.8.2/../../../../arm-none-eabi/lib/thumb\libstdc++.a(eh_alloc.o)
                0x02013700                __cxa_allocate_dependent_exception
 .text.__cxa_free_dependent_exception
                0x02013760       0x3c c:/devkitpro/devkitarm/bin/../lib/gcc/arm-none-eabi/4.8.2/../../../../arm-none-eabi/lib/thumb\libstdc++.a(eh_alloc.o)
                0x02013760                __cxa_free_dependent_exception
 .text._ZNKSt9bad_alloc4whatEv
                0x0201379c        0x8 c:/devkitpro/devkitarm/bin/../lib/gcc/arm-none-eabi/4.8.2/../../../../arm-none-eabi/lib/thumb\libstdc++.a(bad_alloc.o)
                0x0201379c                std::bad_alloc::what() const
 .text._ZNSt9bad_allocD2Ev
                0x020137a4       0x1c c:/devkitpro/devkitarm/bin/../lib/gcc/arm-none-eabi/4.8.2/../../../../arm-none-eabi/lib/thumb\libstdc++.a(bad_alloc.o)
                0x020137a4                std::bad_alloc::~bad_alloc()
                0x020137a4                std::bad_alloc::~bad_alloc()
 .text._ZNSt9bad_allocD0Ev
                0x020137c0       0x20 c:/devkitpro/devkitarm/bin/../lib/gcc/arm-none-eabi/4.8.2/../../../../arm-none-eabi/lib/thumb\libstdc++.a(bad_alloc.o)
                0x020137c0                std::bad_alloc::~bad_alloc()
 .text._ZdaPv   0x020137e0        0xc c:/devkitpro/devkitarm/bin/../lib/gcc/arm-none-eabi/4.8.2/../../../../arm-none-eabi/lib/thumb\libstdc++.a(del_opv.o)
                0x020137e0                operator delete[](void*)
 .text._ZNK10__cxxabiv117__class_type_info11__do_upcastEPKS0_PPv
                0x020137ec       0x40 c:/devkitpro/devkitarm/bin/../lib/gcc/arm-none-eabi/4.8.2/../../../../arm-none-eabi/lib/thumb\libstdc++.a(class_type_info.o)
                0x020137ec                __cxxabiv1::__class_type_info::__do_upcast(__cxxabiv1::__class_type_info const*, void**) const
 .text._ZNK10__cxxabiv117__class_type_info20__do_find_public_srcEiPKvPKS0_S2_
                0x0201382c       0x14 c:/devkitpro/devkitarm/bin/../lib/gcc/arm-none-eabi/4.8.2/../../../../arm-none-eabi/lib/thumb\libstdc++.a(class_type_info.o)
                0x0201382c                __cxxabiv1::__class_type_info::__do_find_public_src(int, void const*, __cxxabiv1::__class_type_info const*, void const*) const
 .text._ZN10__cxxabiv117__class_type_infoD2Ev
                0x02013840       0x1c c:/devkitpro/devkitarm/bin/../lib/gcc/arm-none-eabi/4.8.2/../../../../arm-none-eabi/lib/thumb\libstdc++.a(class_type_info.o)
                0x02013840                __cxxabiv1::__class_type_info::~__class_type_info()
                0x02013840                __cxxabiv1::__class_type_info::~__class_type_info()
 .text._ZN10__cxxabiv117__class_type_infoD0Ev
                0x0201385c       0x20 c:/devkitpro/devkitarm/bin/../lib/gcc/arm-none-eabi/4.8.2/../../../../arm-none-eabi/lib/thumb\libstdc++.a(class_type_info.o)
                0x0201385c                __cxxabiv1::__class_type_info::~__class_type_info()
 .text._ZNK10__cxxabiv117__class_type_info11__do_upcastEPKS0_PKvRNS0_15__upcast_resultE
                0x0201387c       0x20 c:/devkitpro/devkitarm/bin/../lib/gcc/arm-none-eabi/4.8.2/../../../../arm-none-eabi/lib/thumb\libstdc++.a(class_type_info.o)
                0x0201387c                __cxxabiv1::__class_type_info::__do_upcast(__cxxabiv1::__class_type_info const*, void const*, __cxxabiv1::__class_type_info::__upcast_result&) const
 .text._ZNK10__cxxabiv117__class_type_info10__do_catchEPKSt9type_infoPPvj
                0x0201389c       0x30 c:/devkitpro/devkitarm/bin/../lib/gcc/arm-none-eabi/4.8.2/../../../../arm-none-eabi/lib/thumb\libstdc++.a(class_type_info.o)
                0x0201389c                __cxxabiv1::__class_type_info::__do_catch(std::type_info const*, void**, unsigned int) const
 .text._ZNK10__cxxabiv117__class_type_info12__do_dyncastEiNS0_10__sub_kindEPKS0_PKvS3_S5_RNS0_16__dyncast_resultE
                0x020138cc       0x44 c:/devkitpro/devkitarm/bin/../lib/gcc/arm-none-eabi/4.8.2/../../../../arm-none-eabi/lib/thumb\libstdc++.a(class_type_info.o)
                0x020138cc                __cxxabiv1::__class_type_info::__do_dyncast(int, __cxxabiv1::__class_type_info::__sub_kind, __cxxabiv1::__class_type_info const*, void const*, __cxxabiv1::__class_type_info const*, void const*, __cxxabiv1::__class_type_info::__dyncast_result&) const
 .text._ZSt15set_new_handlerPFvvE
                0x02013910       0x10 c:/devkitpro/devkitarm/bin/../lib/gcc/arm-none-eabi/4.8.2/../../../../arm-none-eabi/lib/thumb\libstdc++.a(new_handler.o)
                0x02013910                std::set_new_handler(void (*)())
 .text._ZNSt8__detail15_List_node_base4swapERS0_S1_
                0x02013920       0x54 c:/devkitpro/devkitarm/bin/../lib/gcc/arm-none-eabi/4.8.2/../../../../arm-none-eabi/lib/thumb\libstdc++.a(list.o)
                0x02013920                std::__detail::_List_node_base::swap(std::__detail::_List_node_base&, std::__detail::_List_node_base&)
 .text._ZNSt8__detail15_List_node_base11_M_transferEPS0_S1_
                0x02013974       0x20 c:/devkitpro/devkitarm/bin/../lib/gcc/arm-none-eabi/4.8.2/../../../../arm-none-eabi/lib/thumb\libstdc++.a(list.o)
                0x02013974                std::__detail::_List_node_base::_M_transfer(std::__detail::_List_node_base*, std::__detail::_List_node_base*)
 .text._ZNSt8__detail15_List_node_base10_M_reverseEv
                0x02013994       0x18 c:/devkitpro/devkitarm/bin/../lib/gcc/arm-none-eabi/4.8.2/../../../../arm-none-eabi/lib/thumb\libstdc++.a(list.o)
                0x02013994                std::__detail::_List_node_base::_M_reverse()
 .text._ZNSt8__detail15_List_node_base7_M_hookEPS0_
                0x020139ac       0x10 c:/devkitpro/devkitarm/bin/../lib/gcc/arm-none-eabi/4.8.2/../../../../arm-none-eabi/lib/thumb\libstdc++.a(list.o)
                0x020139ac                std::__detail::_List_node_base::_M_hook(std::__detail::_List_node_base*)
 .text._ZNSt8__detail15_List_node_base9_M_unhookEv
                0x020139bc        0xc c:/devkitpro/devkitarm/bin/../lib/gcc/arm-none-eabi/4.8.2/../../../../arm-none-eabi/lib/thumb\libstdc++.a(list.o)
                0x020139bc                std::__detail::_List_node_base::_M_unhook()
 .text._ZStL25local_Rb_tree_rotate_leftPSt18_Rb_tree_node_baseRS0_
                0x020139c8       0x34 c:/devkitpro/devkitarm/bin/../lib/gcc/arm-none-eabi/4.8.2/../../../../arm-none-eabi/lib/thumb\libstdc++.a(tree.o)
 .text._ZStL26local_Rb_tree_rotate_rightPSt18_Rb_tree_node_baseRS0_
                0x020139fc       0x34 c:/devkitpro/devkitarm/bin/../lib/gcc/arm-none-eabi/4.8.2/../../../../arm-none-eabi/lib/thumb\libstdc++.a(tree.o)
 .text._ZStL23local_Rb_tree_decrementPSt18_Rb_tree_node_base
                0x02013a30       0x44 c:/devkitpro/devkitarm/bin/../lib/gcc/arm-none-eabi/4.8.2/../../../../arm-none-eabi/lib/thumb\libstdc++.a(tree.o)
 .text._ZSt18_Rb_tree_incrementPSt18_Rb_tree_node_base
                0x02013a74       0x38 c:/devkitpro/devkitarm/bin/../lib/gcc/arm-none-eabi/4.8.2/../../../../arm-none-eabi/lib/thumb\libstdc++.a(tree.o)
                0x02013a74                std::_Rb_tree_increment(std::_Rb_tree_node_base*)
 .text._ZSt18_Rb_tree_incrementPKSt18_Rb_tree_node_base
                0x02013aac       0x38 c:/devkitpro/devkitarm/bin/../lib/gcc/arm-none-eabi/4.8.2/../../../../arm-none-eabi/lib/thumb\libstdc++.a(tree.o)
                0x02013aac                std::_Rb_tree_increment(std::_Rb_tree_node_base const*)
 .text._ZSt18_Rb_tree_decrementPSt18_Rb_tree_node_base
                0x02013ae4        0xc c:/devkitpro/devkitarm/bin/../lib/gcc/arm-none-eabi/4.8.2/../../../../arm-none-eabi/lib/thumb\libstdc++.a(tree.o)
                0x02013ae4                std::_Rb_tree_decrement(std::_Rb_tree_node_base*)
 .text._ZSt18_Rb_tree_decrementPKSt18_Rb_tree_node_base
                0x02013af0        0xc c:/devkitpro/devkitarm/bin/../lib/gcc/arm-none-eabi/4.8.2/../../../../arm-none-eabi/lib/thumb\libstdc++.a(tree.o)
                0x02013af0                std::_Rb_tree_decrement(std::_Rb_tree_node_base const*)
 .text._ZSt20_Rb_tree_rotate_leftPSt18_Rb_tree_node_baseRS0_
                0x02013afc        0xc c:/devkitpro/devkitarm/bin/../lib/gcc/arm-none-eabi/4.8.2/../../../../arm-none-eabi/lib/thumb\libstdc++.a(tree.o)
                0x02013afc                std::_Rb_tree_rotate_left(std::_Rb_tree_node_base*, std::_Rb_tree_node_base*&)
 .text._ZSt21_Rb_tree_rotate_rightPSt18_Rb_tree_node_baseRS0_
                0x02013b08        0xc c:/devkitpro/devkitarm/bin/../lib/gcc/arm-none-eabi/4.8.2/../../../../arm-none-eabi/lib/thumb\libstdc++.a(tree.o)
                0x02013b08                std::_Rb_tree_rotate_right(std::_Rb_tree_node_base*, std::_Rb_tree_node_base*&)
 .text._ZSt29_Rb_tree_insert_and_rebalancebPSt18_Rb_tree_node_baseS0_RS_
                0x02013b14       0xfc c:/devkitpro/devkitarm/bin/../lib/gcc/arm-none-eabi/4.8.2/../../../../arm-none-eabi/lib/thumb\libstdc++.a(tree.o)
                0x02013b14                std::_Rb_tree_insert_and_rebalance(bool, std::_Rb_tree_node_base*, std::_Rb_tree_node_base*, std::_Rb_tree_node_base&)
 .text._ZSt28_Rb_tree_rebalance_for_erasePSt18_Rb_tree_node_baseRS_
                0x02013c10      0x254 c:/devkitpro/devkitarm/bin/../lib/gcc/arm-none-eabi/4.8.2/../../../../arm-none-eabi/lib/thumb\libstdc++.a(tree.o)
                0x02013c10                std::_Rb_tree_rebalance_for_erase(std::_Rb_tree_node_base*, std::_Rb_tree_node_base&)
 .text._ZSt20_Rb_tree_black_countPKSt18_Rb_tree_node_baseS1_
                0x02013e64       0x28 c:/devkitpro/devkitarm/bin/../lib/gcc/arm-none-eabi/4.8.2/../../../../arm-none-eabi/lib/thumb\libstdc++.a(tree.o)
                0x02013e64                std::_Rb_tree_black_count(std::_Rb_tree_node_base const*, std::_Rb_tree_node_base const*)
 .text._ZL23__gxx_exception_cleanup19_Unwind_Reason_CodeP21_Unwind_Control_Block
                0x02013e8c       0x30 c:/devkitpro/devkitarm/bin/../lib/gcc/arm-none-eabi/4.8.2/../../../../arm-none-eabi/lib/thumb\libstdc++.a(eh_throw.o)
 .text.__cxa_throw
                0x02013ebc       0x68 c:/devkitpro/devkitarm/bin/../lib/gcc/arm-none-eabi/4.8.2/../../../../arm-none-eabi/lib/thumb\libstdc++.a(eh_throw.o)
                0x02013ebc                __cxa_throw
 .text.__cxa_rethrow
                0x02013f24       0x74 c:/devkitpro/devkitarm/bin/../lib/gcc/arm-none-eabi/4.8.2/../../../../arm-none-eabi/lib/thumb\libstdc++.a(eh_throw.o)
                0x02013f24                __cxa_rethrow
 .text.__cxa_get_exception_ptr
                0x02013f98        0x4 c:/devkitpro/devkitarm/bin/../lib/gcc/arm-none-eabi/4.8.2/../../../../arm-none-eabi/lib/thumb\libstdc++.a(eh_catch.o)
                0x02013f98                __cxa_get_exception_ptr
 .text.__cxa_begin_catch
                0x02013f9c       0x88 c:/devkitpro/devkitarm/bin/../lib/gcc/arm-none-eabi/4.8.2/../../../../arm-none-eabi/lib/thumb\libstdc++.a(eh_catch.o)
                0x02013f9c                __cxa_begin_catch
 .text.__cxa_end_catch
                0x02014024       0x90 c:/devkitpro/devkitarm/bin/../lib/gcc/arm-none-eabi/4.8.2/../../../../arm-none-eabi/lib/thumb\libstdc++.a(eh_catch.o)
                0x02014024                __cxa_end_catch
 .text._ZSt18uncaught_exceptionv
                0x020140b4       0x14 c:/devkitpro/devkitarm/bin/../lib/gcc/arm-none-eabi/4.8.2/../../../../arm-none-eabi/lib/thumb\libstdc++.a(eh_catch.o)
                0x020140b4                std::uncaught_exception()
 .text._ZN9__gnu_cxx27__verbose_terminate_handlerEv
                0x020140c8      0x11c c:/devkitpro/devkitarm/bin/../lib/gcc/arm-none-eabi/4.8.2/../../../../arm-none-eabi/lib/thumb\libstdc++.a(vterminate.o)
                0x020140c8                __gnu_cxx::__verbose_terminate_handler()
 .text.__cxa_current_exception_type
                0x020141e4       0x28 c:/devkitpro/devkitarm/bin/../lib/gcc/arm-none-eabi/4.8.2/../../../../arm-none-eabi/lib/thumb\libstdc++.a(eh_type.o)
                0x020141e4                __cxa_current_exception_type
 *fill*         0x0201420c        0x4 ff
 .text.__cxa_current_exception_type.__stub
                0x02014210      0x11c linker stubs
 *(.text.*personality*)
 *(.gnu.warning)
 *(.glue_7t)
 .glue_7t       0x00000000        0x0 linker stubs
 *(.glue_7)
 .glue_7        0x00000000        0x0 linker stubs
 *(.vfp11_veneer)
 .vfp11_veneer  0x00000000        0x0 linker stubs
                0x0201432c                . = ALIGN (0x4)
                0x0201432c                __text_end = .

.v4_bx          0x02014338        0x0
 .v4_bx         0x00000000        0x0 linker stubs

.iplt           0x02014338        0x0
 .iplt          0x00000000        0x0 c:/devkitpro/devkitarm/bin/../lib/gcc/arm-none-eabi/4.8.2/../../../../arm-none-eabi/lib/thumb/gba_crt0.o

.fini           0x02014338        0xc
 *(.fini)
 .fini          0x02014338        0x4 c:/devkitpro/devkitarm/bin/../lib/gcc/arm-none-eabi/4.8.2/thumb/crti.o
                0x02014338                _fini
 .fini          0x0201433c        0x8 c:/devkitpro/devkitarm/bin/../lib/gcc/arm-none-eabi/4.8.2/thumb/crtn.o
                0x02014344                . = ALIGN (0x4)

.rodata         0x02014348     0x2ca4
 *(.rodata)
 .rodata        0x02014348       0x28 ballsystem.o
                0x02014348                vtable for BallSystem
                0x02014354                typeinfo name for BallSystem
                0x02014364                typeinfo for BallSystem
 .rodata        0x02014370       0x28 camera.o
                0x02014370                vtable for Camera
                0x02014384                typeinfo name for Camera
                0x0201438c                typeinfo for Camera
 .rodata        0x02014398       0x30 component.o
                0x02014398                vtable for BaseComponent
                0x020143ac                typeinfo name for BaseComponent
                0x020143bc                typeinfo for BaseComponent
 .rodata        0x020143c8        0x4 object.o
 *fill*         0x020143cc        0x4 ff
 .rodata        0x020143d0       0x30 particles.o
                0x020143d0                vtable for Particles
                0x020143e4                typeinfo name for Particles
                0x020143f0                typeinfo for Particles
 .rodata        0x02014400       0x40 physics.o
                0x02014400                vtable for Physics
                0x02014424                typeinfo name for Physics
                0x02014430                typeinfo for Physics
 .rodata        0x02014440       0x30 playerinputsystem.o
                0x02014440                vtable for PlayerInputSystem
                0x0201444c                typeinfo name for PlayerInputSystem
                0x02014460                typeinfo for PlayerInputSystem
 .rodata        0x02014470       0x28 rumble.o
                0x02014470                vtable for Rumble
                0x02014484                typeinfo name for Rumble
                0x0201448c                typeinfo for Rumble
 .rodata        0x02014498       0x28 sprite.o
                0x02014498                vtable for Sprite
                0x020144ac                typeinfo name for Sprite
                0x020144b4                typeinfo for Sprite
 .rodata        0x020144c0       0x28 system.o
                0x020144c0                vtable for BaseSystem
                0x020144cc                typeinfo name for BaseSystem
                0x020144dc                typeinfo for BaseSystem
 .rodata        0x020144e8       0x38 e:/dev/tonc-code/code/tonclib/lib\libtonc.a(tonc_irq.o)
 .rodata        0x02014520      0x404 e:/dev/tonc-code/code/tonclib/lib\libtonc.a(sin_lut.o)
                0x02014520                sin_lut
 .rodata        0x02014924     0x1020 c:/devkitpro/devkitarm/bin/../lib/gcc/arm-none-eabi/4.8.2/../../../../arm-none-eabi/lib/thumb\libstdc++.a(cp-demangle.o)
 .rodata        0x02015944        0x4 c:/devkitpro/devkitarm/bin/../lib/gcc/arm-none-eabi/4.8.2/../../../../arm-none-eabi/lib/thumb\libg.a(lib_a-impure.o)
                0x02015944                _global_impure_ptr
 .rodata        0x02015948      0x184 c:/devkitpro/devkitarm/bin/../lib/gcc/arm-none-eabi/4.8.2/../../../../arm-none-eabi/lib/thumb\libg.a(lib_a-svfprintf.o)
 .rodata        0x02015acc       0xf0 c:/devkitpro/devkitarm/bin/../lib/gcc/arm-none-eabi/4.8.2/../../../../arm-none-eabi/lib/thumb\libg.a(lib_a-locale.o)
 .rodata        0x02015bbc       0xa8 c:/devkitpro/devkitarm/bin/../lib/gcc/arm-none-eabi/4.8.2/../../../../arm-none-eabi/lib/thumb\libg.a(lib_a-mbtowc_r.o)
 *fill*         0x02015c64        0x4 ff
 .rodata        0x02015c68      0x128 c:/devkitpro/devkitarm/bin/../lib/gcc/arm-none-eabi/4.8.2/../../../../arm-none-eabi/lib/thumb\libg.a(lib_a-mprec.o)
                0x02015c78                __mprec_tens
                0x02015d40                __mprec_tinytens
                0x02015d68                __mprec_bigtens
 .rodata        0x02015d90      0x184 c:/devkitpro/devkitarm/bin/../lib/gcc/arm-none-eabi/4.8.2/../../../../arm-none-eabi/lib/thumb\libg.a(lib_a-svfiprintf.o)
 .rodata        0x02015f14      0x104 c:/devkitpro/devkitarm/bin/../lib/gcc/arm-none-eabi/4.8.2/../../../../arm-none-eabi/lib/thumb\libg.a(lib_a-ctype_.o)
                0x02015f14                _ctype_
 .rodata        0x02016018       0x64 c:/devkitpro/devkitarm/bin/../lib/gcc/arm-none-eabi/4.8.2/../../../../arm-none-eabi/lib/thumb\libsysbase.a(iosupport.o)
                0x02016018                dotab_stdnull
 *all.rodata*(*)
 *(.roda)
 *(.rodata.*)
 .rodata._ZN9ComponentI7PhysicsE7type_idE
                0x0201607c        0x4 ballsystem.o
                0x0201607c                Component<Physics>::type_id
 .rodata._ZTI6SystemI7PhysicsE
                0x02016080        0xc ballsystem.o
                0x02016080                typeinfo for System<Physics>
 .rodata._ZTS6SystemI7PhysicsE
                0x0201608c       0x14 ballsystem.o
                0x0201608c                typeinfo name for System<Physics>
 .rodata._ZTV6SystemI7PhysicsE
                0x020160a0       0x10 ballsystem.o
                0x020160a0                vtable for System<Physics>
 .rodata._ZTI9ComponentI6CameraE
                0x020160b0        0xc camera.o
                0x020160b0                typeinfo for Component<Camera>
 .rodata._ZTS9ComponentI6CameraE
                0x020160bc       0x14 camera.o
                0x020160bc                typeinfo name for Component<Camera>
 .rodata._ZTV9ComponentI6CameraE
                0x020160d0       0x18 camera.o
                0x020160d0                vtable for Component<Camera>
 .rodata._ZN9ComponentI6RumbleE7type_idE
                0x020160e8        0x4 main.o
                0x020160e8                Component<Rumble>::type_id
 .rodata._ZN9ComponentI6CameraE7type_idE
                0x020160ec        0x4 main.o
                0x020160ec                Component<Camera>::type_id
 .rodata._ZN9ComponentI9ParticlesE7type_idE
                0x020160f0        0x4 main.o
                0x020160f0                Component<Particles>::type_id
 .rodata._ZN9ComponentI6SpriteE7type_idE
                0x020160f4        0x4 main.o
                0x020160f4                Component<Sprite>::type_id
 .rodata._ZTI6SystemI6RumbleE
                0x020160f8        0xc main.o
                0x020160f8                typeinfo for System<Rumble>
 .rodata._ZTS6SystemI6RumbleE
                0x02016104       0x14 main.o
                0x02016104                typeinfo name for System<Rumble>
 .rodata._ZTI12RumbleSystem
                0x02016118        0xc main.o
                0x02016118                typeinfo for RumbleSystem
 .rodata._ZTS12RumbleSystem
                0x02016124       0x10 main.o
                0x02016124                typeinfo name for RumbleSystem
 .rodata._ZTI6SystemI6SpriteE
                0x02016134        0xc main.o
                0x02016134                typeinfo for System<Sprite>
 .rodata._ZTS6SystemI6SpriteE
                0x02016140       0x14 main.o
                0x02016140                typeinfo name for System<Sprite>
 .rodata._ZTI6SystemI9ParticlesE
                0x02016154        0xc main.o
                0x02016154                typeinfo for System<Particles>
 .rodata._ZTS6SystemI9ParticlesE
                0x02016160       0x14 main.o
                0x02016160                typeinfo name for System<Particles>
 .rodata._ZTI6SystemI6CameraE
                0x02016174        0xc main.o
                0x02016174                typeinfo for System<Camera>
 .rodata._ZTS6SystemI6CameraE
                0x02016180       0x14 main.o
                0x02016180                typeinfo name for System<Camera>
 *fill*         0x02016194        0x4 ff
 .rodata._ZTV6SystemI6RumbleE
                0x02016198       0x10 main.o
                0x02016198                vtable for System<Rumble>
 .rodata._ZTV12RumbleSystem
                0x020161a8       0x10 main.o
                0x020161a8                vtable for RumbleSystem
 .rodata._ZTV6SystemI6SpriteE
                0x020161b8       0x10 main.o
                0x020161b8                vtable for System<Sprite>
 .rodata._ZTV6SystemI9ParticlesE
                0x020161c8       0x10 main.o
                0x020161c8                vtable for System<Particles>
 .rodata._ZTV6SystemI6CameraE
                0x020161d8       0x10 main.o
                0x020161d8                vtable for System<Camera>
 .rodata.str1.4
                0x020161e8       0x31 main.o
                                 0x34 (size before relaxing)
 *fill*         0x02016219        0x3 ff
 .rodata._ZTI9ComponentI9ParticlesE
                0x0201621c        0xc particles.o
                0x0201621c                typeinfo for Component<Particles>
 .rodata._ZTS9ComponentI9ParticlesE
                0x02016228       0x18 particles.o
                0x02016228                typeinfo name for Component<Particles>
 .rodata._ZTV9ComponentI9ParticlesE
                0x02016240       0x18 particles.o
                0x02016240                vtable for Component<Particles>
 .rodata._ZTI9ComponentI7PhysicsE
                0x02016258        0xc physics.o
                0x02016258                typeinfo for Component<Physics>
 .rodata._ZTS9ComponentI7PhysicsE
                0x02016264       0x18 physics.o
                0x02016264                typeinfo name for Component<Physics>
 *fill*         0x0201627c        0x4 ff
 .rodata._ZTV9ComponentI7PhysicsE
                0x02016280       0x18 physics.o
                0x02016280                vtable for Component<Physics>
 .rodata._ZTI9ComponentI6RumbleE
                0x02016298        0xc rumble.o
                0x02016298                typeinfo for Component<Rumble>
 .rodata._ZTS9ComponentI6RumbleE
                0x020162a4       0x14 rumble.o
                0x020162a4                typeinfo name for Component<Rumble>
 .rodata._ZTV9ComponentI6RumbleE
                0x020162b8       0x18 rumble.o
                0x020162b8                vtable for Component<Rumble>
 .rodata._ZTI9ComponentI6SpriteE
                0x020162d0        0xc sprite.o
                0x020162d0                typeinfo for Component<Sprite>
 .rodata._ZTS9ComponentI6SpriteE
                0x020162dc       0x14 sprite.o
                0x020162dc                typeinfo name for Component<Sprite>
 .rodata._ZTV9ComponentI6SpriteE
                0x020162f0       0x18 sprite.o
                0x020162f0                vtable for Component<Sprite>
 .rodata.str1.4
                0x02016308        0xd libgbfs.o
                                 0x10 (size before relaxing)
 *fill*         0x02016315        0x3 ff
 .rodata.str1.4
                0x02016318       0x3b c:/devkitpro/devkitarm/bin/../lib/gcc/arm-none-eabi/4.8.2/../../../../arm-none-eabi/lib/thumb\libstdc++.a(pure.o)
                                 0x3c (size before relaxing)
 *fill*         0x02016353        0x5 ff
 .rodata._ZTVN10__cxxabiv120__si_class_type_infoE
                0x02016358       0x30 c:/devkitpro/devkitarm/bin/../lib/gcc/arm-none-eabi/4.8.2/../../../../arm-none-eabi/lib/thumb\libstdc++.a(si_class_type_info.o)
                0x02016358                vtable for __cxxabiv1::__si_class_type_info
 .rodata._ZTIN10__cxxabiv120__si_class_type_infoE
                0x02016388        0xc c:/devkitpro/devkitarm/bin/../lib/gcc/arm-none-eabi/4.8.2/../../../../arm-none-eabi/lib/thumb\libstdc++.a(si_class_type_info.o)
                0x02016388                typeinfo for __cxxabiv1::__si_class_type_info
 .rodata._ZTSN10__cxxabiv120__si_class_type_infoE
                0x02016394       0x28 c:/devkitpro/devkitarm/bin/../lib/gcc/arm-none-eabi/4.8.2/../../../../arm-none-eabi/lib/thumb\libstdc++.a(si_class_type_info.o)
                0x02016394                typeinfo name for __cxxabiv1::__si_class_type_info
 .rodata._ZL28read_encoded_value_with_basehjPKhPj
                0x020163bc       0x34 c:/devkitpro/devkitarm/bin/../lib/gcc/arm-none-eabi/4.8.2/../../../../arm-none-eabi/lib/thumb\libstdc++.a(eh_personality.o)
 .rodata._ZTISt9type_info
                0x020163f0        0x8 c:/devkitpro/devkitarm/bin/../lib/gcc/arm-none-eabi/4.8.2/../../../../arm-none-eabi/lib/thumb\libstdc++.a(tinfo.o)
                0x020163f0                typeinfo for std::type_info
 .rodata._ZTSSt9type_info
                0x020163f8       0x10 c:/devkitpro/devkitarm/bin/../lib/gcc/arm-none-eabi/4.8.2/../../../../arm-none-eabi/lib/thumb\libstdc++.a(tinfo.o)
                0x020163f8                typeinfo name for std::type_info
 .rodata._ZTVSt9type_info
                0x02016408       0x20 c:/devkitpro/devkitarm/bin/../lib/gcc/arm-none-eabi/4.8.2/../../../../arm-none-eabi/lib/thumb\libstdc++.a(tinfo.o)
                0x02016408                vtable for std::type_info
 .rodata._ZTVN10__cxxabiv115__forced_unwindE
                0x02016428       0x18 c:/devkitpro/devkitarm/bin/../lib/gcc/arm-none-eabi/4.8.2/../../../../arm-none-eabi/lib/thumb\libstdc++.a(eh_exception.o)
                0x02016428                vtable for __cxxabiv1::__forced_unwind
 .rodata._ZTVSt9exception
                0x02016440       0x18 c:/devkitpro/devkitarm/bin/../lib/gcc/arm-none-eabi/4.8.2/../../../../arm-none-eabi/lib/thumb\libstdc++.a(eh_exception.o)
                0x02016440                vtable for std::exception
 .rodata._ZTIN10__cxxabiv115__forced_unwindE
                0x02016458        0x8 c:/devkitpro/devkitarm/bin/../lib/gcc/arm-none-eabi/4.8.2/../../../../arm-none-eabi/lib/thumb\libstdc++.a(eh_exception.o)
                0x02016458                typeinfo for __cxxabiv1::__forced_unwind
 .rodata._ZTISt9exception
                0x02016460        0x8 c:/devkitpro/devkitarm/bin/../lib/gcc/arm-none-eabi/4.8.2/../../../../arm-none-eabi/lib/thumb\libstdc++.a(eh_exception.o)
                0x02016460                typeinfo for std::exception
 .rodata._ZTSSt13bad_exception
                0x02016468       0x14 c:/devkitpro/devkitarm/bin/../lib/gcc/arm-none-eabi/4.8.2/../../../../arm-none-eabi/lib/thumb\libstdc++.a(eh_exception.o)
                0x02016468                typeinfo name for std::bad_exception
 .rodata.str1.4
                0x0201647c       0x23 c:/devkitpro/devkitarm/bin/../lib/gcc/arm-none-eabi/4.8.2/../../../../arm-none-eabi/lib/thumb\libstdc++.a(eh_exception.o)
                                 0x24 (size before relaxing)
 *fill*         0x0201649f        0x1 ff
 .rodata._ZTSN10__cxxabiv119__foreign_exceptionE
                0x020164a0       0x24 c:/devkitpro/devkitarm/bin/../lib/gcc/arm-none-eabi/4.8.2/../../../../arm-none-eabi/lib/thumb\libstdc++.a(eh_exception.o)
                0x020164a0                typeinfo name for __cxxabiv1::__foreign_exception
 .rodata._ZTIN10__cxxabiv119__foreign_exceptionE
                0x020164c4        0x8 c:/devkitpro/devkitarm/bin/../lib/gcc/arm-none-eabi/4.8.2/../../../../arm-none-eabi/lib/thumb\libstdc++.a(eh_exception.o)
                0x020164c4                typeinfo for __cxxabiv1::__foreign_exception
 *fill*         0x020164cc        0x4 ff
 .rodata._ZTVSt13bad_exception
                0x020164d0       0x18 c:/devkitpro/devkitarm/bin/../lib/gcc/arm-none-eabi/4.8.2/../../../../arm-none-eabi/lib/thumb\libstdc++.a(eh_exception.o)
                0x020164d0                vtable for std::bad_exception
 .rodata._ZTSSt9exception
                0x020164e8       0x10 c:/devkitpro/devkitarm/bin/../lib/gcc/arm-none-eabi/4.8.2/../../../../arm-none-eabi/lib/thumb\libstdc++.a(eh_exception.o)
                0x020164e8                typeinfo name for std::exception
 .rodata._ZTVN10__cxxabiv119__foreign_exceptionE
                0x020164f8       0x18 c:/devkitpro/devkitarm/bin/../lib/gcc/arm-none-eabi/4.8.2/../../../../arm-none-eabi/lib/thumb\libstdc++.a(eh_exception.o)
                0x020164f8                vtable for __cxxabiv1::__foreign_exception
 .rodata._ZTSN10__cxxabiv115__forced_unwindE
                0x02016510       0x20 c:/devkitpro/devkitarm/bin/../lib/gcc/arm-none-eabi/4.8.2/../../../../arm-none-eabi/lib/thumb\libstdc++.a(eh_exception.o)
                0x02016510                typeinfo name for __cxxabiv1::__forced_unwind
 .rodata._ZTISt13bad_exception
                0x02016530        0xc c:/devkitpro/devkitarm/bin/../lib/gcc/arm-none-eabi/4.8.2/../../../../arm-none-eabi/lib/thumb\libstdc++.a(eh_exception.o)
                0x02016530                typeinfo for std::bad_exception
 *fill*         0x0201653c        0x4 ff
 .rodata._ZTVSt9bad_alloc
                0x02016540       0x18 c:/devkitpro/devkitarm/bin/../lib/gcc/arm-none-eabi/4.8.2/../../../../arm-none-eabi/lib/thumb\libstdc++.a(bad_alloc.o)
                0x02016540                vtable for std::bad_alloc
 .rodata._ZTISt9bad_alloc
                0x02016558        0xc c:/devkitpro/devkitarm/bin/../lib/gcc/arm-none-eabi/4.8.2/../../../../arm-none-eabi/lib/thumb\libstdc++.a(bad_alloc.o)
                0x02016558                typeinfo for std::bad_alloc
 .rodata.str1.4
                0x02016564        0xf c:/devkitpro/devkitarm/bin/../lib/gcc/arm-none-eabi/4.8.2/../../../../arm-none-eabi/lib/thumb\libstdc++.a(bad_alloc.o)
                                 0x10 (size before relaxing)
 *fill*         0x02016573        0x1 ff
 .rodata._ZTSSt9bad_alloc
                0x02016574       0x10 c:/devkitpro/devkitarm/bin/../lib/gcc/arm-none-eabi/4.8.2/../../../../arm-none-eabi/lib/thumb\libstdc++.a(bad_alloc.o)
                0x02016574                typeinfo name for std::bad_alloc
 *fill*         0x02016584        0x4 ff
 .rodata._ZTVN10__cxxabiv117__class_type_infoE
                0x02016588       0x30 c:/devkitpro/devkitarm/bin/../lib/gcc/arm-none-eabi/4.8.2/../../../../arm-none-eabi/lib/thumb\libstdc++.a(class_type_info.o)
                0x02016588                vtable for __cxxabiv1::__class_type_info
 .rodata._ZTIN10__cxxabiv117__class_type_infoE
                0x020165b8        0xc c:/devkitpro/devkitarm/bin/../lib/gcc/arm-none-eabi/4.8.2/../../../../arm-none-eabi/lib/thumb\libstdc++.a(class_type_info.o)
                0x020165b8                typeinfo for __cxxabiv1::__class_type_info
 .rodata._ZTSN10__cxxabiv117__class_type_infoE
                0x020165c4       0x24 c:/devkitpro/devkitarm/bin/../lib/gcc/arm-none-eabi/4.8.2/../../../../arm-none-eabi/lib/thumb\libstdc++.a(class_type_info.o)
                0x020165c4                typeinfo name for __cxxabiv1::__class_type_info
 .rodata._ZSt7nothrow
                0x020165e8        0x4 c:/devkitpro/devkitarm/bin/../lib/gcc/arm-none-eabi/4.8.2/../../../../arm-none-eabi/lib/thumb\libstdc++.a(new_handler.o)
                0x020165e8                std::nothrow
 .rodata.str1.4
                0x020165ec       0x94 c:/devkitpro/devkitarm/bin/../lib/gcc/arm-none-eabi/4.8.2/../../../../arm-none-eabi/lib/thumb\libstdc++.a(vterminate.o)
 .rodata.str1.4