Archive member included because of file (symbol)

e:/dev/tonc-code/code/tonclib/lib\libtonc.a(tonc_input.o)
                              main.o (key_poll)
e:/dev/tonc-code/code/tonclib/lib\libtonc.a(tonc_irq.o)
                              main.o (irq_init)
e:/dev/tonc-code/code/tonclib/lib\libtonc.a(tonc_oam.o)
                              video.o (obj_copy)
e:/dev/tonc-code/code/tonclib/lib\libtonc.a(sin_lut.o)
                              particles.o (sin_lut)
e:/dev/tonc-code/code/tonclib/lib\libtonc.a(tonc_bios.o)
                              main.o (VBlankIntrWait)
e:/dev/tonc-code/code/tonclib/lib\libtonc.a(tonc_isr_master.o)
                              e:/dev/tonc-code/code/tonclib/lib\libtonc.a(tonc_irq.o) (isr_master)
e:/dev/tonc-code/code/tonclib/lib\libtonc.a(tonc_memcpy.o)
                              e:/dev/tonc-code/code/tonclib/lib\libtonc.a(tonc_oam.o) (memcpy32)
e:/dev/tonc-code/code/tonclib/lib\libtonc.a(tonc_memset.o)
                              e:/dev/tonc-code/code/tonclib/lib\libtonc.a(tonc_irq.o) (memset32)
c:/devkitpro/devkitarm/bin/../lib/gcc/arm-none-eabi/4.8.2/../../../../arm-none-eabi/lib/thumb\libstdc++.a(eh_arm.o)
                              ballsystem.o (__cxa_end_cleanup)
c:/devkitpro/devkitarm/bin/../lib/gcc/arm-none-eabi/4.8.2/../../../../arm-none-eabi/lib/thumb\libstdc++.a(pure.o)
                              camera.o (__cxa_pure_virtual)
c:/devkitpro/devkitarm/bin/../lib/gcc/arm-none-eabi/4.8.2/../../../../arm-none-eabi/lib/thumb\libstdc++.a(eh_globals.o)
                              c:/devkitpro/devkitarm/bin/../lib/gcc/arm-none-eabi/4.8.2/../../../../arm-none-eabi/lib/thumb\libstdc++.a(eh_arm.o) (__cxa_get_globals)
c:/devkitpro/devkitarm/bin/../lib/gcc/arm-none-eabi/4.8.2/../../../../arm-none-eabi/lib/thumb\libstdc++.a(si_class_type_info.o)
                              ballsystem.o (vtable for __cxxabiv1::__si_class_type_info)
c:/devkitpro/devkitarm/bin/../lib/gcc/arm-none-eabi/4.8.2/../../../../arm-none-eabi/lib/thumb\libstdc++.a(new_op.o)
                              ballsystem.o (operator new(unsigned int))
c:/devkitpro/devkitarm/bin/../lib/gcc/arm-none-eabi/4.8.2/../../../../arm-none-eabi/lib/thumb\libstdc++.a(eh_call.o)
                              c:/devkitpro/devkitarm/bin/../lib/gcc/arm-none-eabi/4.8.2/../../../../arm-none-eabi/lib/thumb\libstdc++.a(new_op.o) (__cxa_call_unexpected)
c:/devkitpro/devkitarm/bin/../lib/gcc/arm-none-eabi/4.8.2/../../../../arm-none-eabi/lib/thumb\libstdc++.a(new_opv.o)
                              particles.o (operator new[](unsigned int))
c:/devkitpro/devkitarm/bin/../lib/gcc/arm-none-eabi/4.8.2/../../../../arm-none-eabi/lib/thumb\libstdc++.a(eh_personality.o)
                              ballsystem.o (__gxx_personality_v0)
c:/devkitpro/devkitarm/bin/../lib/gcc/arm-none-eabi/4.8.2/../../../../arm-none-eabi/lib/thumb\libstdc++.a(tinfo.o)
                              c:/devkitpro/devkitarm/bin/../lib/gcc/arm-none-eabi/4.8.2/../../../../arm-none-eabi/lib/thumb\libstdc++.a(si_class_type_info.o) (std::type_info::__is_pointer_p() const)
c:/devkitpro/devkitarm/bin/../lib/gcc/arm-none-eabi/4.8.2/../../../../arm-none-eabi/lib/thumb\libstdc++.a(del_op.o)
                              ballsystem.o (operator delete(void*))
c:/devkitpro/devkitarm/bin/../lib/gcc/arm-none-eabi/4.8.2/../../../../arm-none-eabi/lib/thumb\libstdc++.a(eh_terminate.o)
                              c:/devkitpro/devkitarm/bin/../lib/gcc/arm-none-eabi/4.8.2/../../../../arm-none-eabi/lib/thumb\libstdc++.a(eh_call.o) (__cxxabiv1::__terminate(void (*)()))
c:/devkitpro/devkitarm/bin/../lib/gcc/arm-none-eabi/4.8.2/../../../../arm-none-eabi/lib/thumb\libstdc++.a(eh_exception.o)
                              c:/devkitpro/devkitarm/bin/../lib/gcc/arm-none-eabi/4.8.2/../../../../arm-none-eabi/lib/thumb\libstdc++.a(eh_call.o) (std::bad_exception::~bad_exception())
c:/devkitpro/devkitarm/bin/../lib/gcc/arm-none-eabi/4.8.2/../../../../arm-none-eabi/lib/thumb\libstdc++.a(eh_alloc.o)
                              c:/devkitpro/devkitarm/bin/../lib/gcc/arm-none-eabi/4.8.2/../../../../arm-none-eabi/lib/thumb\libstdc++.a(new_op.o) (__cxa_allocate_exception)
c:/devkitpro/devkitarm/bin/../lib/gcc/arm-none-eabi/4.8.2/../../../../arm-none-eabi/lib/thumb\libstdc++.a(bad_alloc.o)
                              c:/devkitpro/devkitarm/bin/../lib/gcc/arm-none-eabi/4.8.2/../../../../arm-none-eabi/lib/thumb\libstdc++.a(new_op.o) (std::bad_alloc::~bad_alloc())
c:/devkitpro/devkitarm/bin/../lib/gcc/arm-none-eabi/4.8.2/../../../../arm-none-eabi/lib/thumb\libstdc++.a(del_opv.o)
                              particles.o (operator delete[](void*))
c:/devkitpro/devkitarm/bin/../lib/gcc/arm-none-eabi/4.8.2/../../../../arm-none-eabi/lib/thumb\libstdc++.a(class_type_info.o)
[...]
Memory Configuration

Name             Origin             Length             Attributes
rom              0x08000000         0x02000000
iwram            0x03000000         0x00008000
ewram            0x02000000         0x00040000
*default*        0x00000000         0xffffffff

Linker script and memory map

                0x08000000                __text_start = ORIGIN (rom)
                0x02040000                __eheap_end = (ORIGIN (ewram) + 0x40000)
                0x03000000                __iwram_start = ORIGIN (iwram)
                0x03008000                __iwram_top = (ORIGIN (iwram) + 0x8000)
                0x03007fa0                __sp_irq = (__iwram_top - 0x60)
                0x03007f00                __sp_usr = (__sp_irq - 0xa0)
                0x03007ff8                __irq_flags = 0x3007ff8
                0x08000000                . = __text_start

.init           0x08000000      0x21c
 *(.init)
 .init          0x08000000      0x210 c:/devkitpro/devkitarm/bin/../lib/gcc/arm-none-eabi/4.8.2/../../../../arm-none-eabi/lib/thumb/gba_crt0.o
                0x08000000                _start
                0x080000c4                __boot_method
                0x080000c5                __slave_number
                0x080000e0                start_vector
 .init          0x08000210        0x4 c:/devkitpro/devkitarm/bin/../lib/gcc/arm-none-eabi/4.8.2/thumb/crti.o
                0x08000210                _init
 .init          0x08000214        0x8 c:/devkitpro/devkitarm/bin/../lib/gcc/arm-none-eabi/4.8.2/thumb/crtn.o
                0x0800021c                . = ALIGN (0x4)

.plt            0x0800021c        0x0
 *(.plt)
                0x0800021c                . = ALIGN (0x4)

.text           0x08000220    0x14118
 *(EXCLUDE_FILE(*.iwram*) .text)
 .text          0x08000220        0x0 c:/devkitpro/devkitarm/bin/../lib/gcc/arm-none-eabi/4.8.2/../../../../arm-none-eabi/lib/thumb/gba_crt0.o
 .text          0x08000220        0x0 c:/devkitpro/devkitarm/bin/../lib/gcc/arm-none-eabi/4.8.2/thumb/crti.o
 .text          0x08000220       0xd0 c:/devkitpro/devkitarm/bin/../lib/gcc/arm-none-eabi/4.8.2/thumb/crtbegin.o
 .text          0x080002f0      0x3e8 ballsystem.o
                0x080002f0                BallSystem::BallSystem()
                0x080002f0                BallSystem::BallSystem()
                0x08000318                BallSystem::ballCollision(BallSystem*, Physics*, RECT&, bool&)
                0x08000454                BallSystem::update()
 .text          0x080006d8      0x184 bricks.o
                0x080006d8                initializeBricks()
                0x080006f0                drawBricks()
                0x08000844                getBrickCollider(int, int, RECT&)
 .text          0x0800085c       0x34 camera.o
                0x0800085c                Camera::update()
 .text          0x08000890       0x50 collision.o
                0x08000890                checkCollision(RECT&, RECT&)
 .text          0x080008e0       0x34 component.o
                0x080008e0                BaseComponent::~BaseComponent()
                0x080008e0                BaseComponent::~BaseComponent()
                0x080008ec                BaseComponent::~BaseComponent()
                0x08000908                BaseComponent::BaseComponent()
                0x08000908                BaseComponent::BaseComponent()
 .text          0x08000914       0x28 filesystem.o
                0x08000914                FileSystem::openFS(unsigned char*)
                0x08000920                FileSystem::openFile(char const*, unsigned int*)
 .text          0x0800093c        0x0 main.o
 .text          0x0800093c      0x1dc object.o
                0x0800093c                Object::Object()
                0x0800093c                Object::Object()
                0x0800095c                Object::Object(Transform*)
                0x0800095c                Object::Object(Transform*)
                0x0800097c                Object::removeComponent(BaseComponent*)
                0x080009b4                Object::removeComponent(unsigned int)
                0x08000a00                Object::getComponent(unsigned int)
                0x08000a38                Object::removeAllComponents()
                0x08000a58                Object::~Object()
                0x08000a58                Object::~Object()
                0x08000a8c                Object::addComponent(BaseComponent*)
 .text          0x08000b18      0x228 particles.o
                0x08000b18                Particles::~Particles()
                0x08000b18                Particles::~Particles()
                0x08000b48                Particles::update()
                0x08000bf0                Particles::~Particles()
                0x08000c24                Particles::Particles()
                0x08000c24                Particles::Particles()
                0x08000c7c                Particles::startParticles(unsigned int, int, int, int, int, OBJ_ATTR)
 .text          0x08000d40       0xe8 physics.o
                0x08000d40                Physics::update()
                0x08000d5c                Physics::~Physics()
                0x08000d5c                Physics::~Physics()
                0x08000d74                Physics::~Physics()
                0x08000d94                Physics::Physics()
                0x08000d94                Physics::Physics()
                0x08000df4                Physics::getTranslatedCollider(RECT&)
 .text          0x08000e28       0x8c playerinputsystem.o
                0x08000e28                PlayerInputSystem::update()
                0x08000e8c                PlayerInputSystem::PlayerInputSystem()
                0x08000e8c                PlayerInputSystem::PlayerInputSystem()
 .text          0x08000eb4      0x120 rumble.o
                0x08000eb4                Rumble::update()
                0x08000eec                Rumble::Rumble()
                0x08000eec                Rumble::Rumble()
                0x08000f3c                Rumble::startRumble(int, bool, bool)
                0x08000f5c                RumbleSystem::sendRumbleMessage(int, bool, bool)
 .text          0x08000fd4       0xec sprite.o
                0x08000fd4                Sprite::~Sprite()
                0x08000fd4                Sprite::~Sprite()
                0x08000fec                Sprite::~Sprite()
                0x0800100c                Sprite::update()
                0x0800105c                Sprite::Sprite()
                0x0800105c                Sprite::Sprite()
 .text          0x080010c0      0x120 system.o
                0x080010c0                BaseSystem::update()
                0x080010e8                BaseSystem::BaseSystem()
                0x080010e8                BaseSystem::BaseSystem()
                0x08001100                BaseSystem::~BaseSystem()
                0x08001100                BaseSystem::~BaseSystem()
                0x08001154                BaseSystem::addComponent(BaseComponent*)
                0x08001178                BaseSystem::removeComponent(BaseComponent*)
                0x080011a4                BaseSystem::garbageCollection()
 .text          0x080011e0      0x1f0 transform.o
                0x080011e0                Transform::Transform()
                0x080011e0                Transform::Transform()
                0x080011e8                Transform::Transform(Transform*)
                0x080011e8                Transform::Transform(Transform*)
                0x080011ec                Transform::~Transform()
                0x080011ec                Transform::~Transform()
                0x080011f0                Transform::getAbsoluteX()
                0x08001214                Transform::getAbsoluteY()
                0x08001238                Transform::getAbsolutePos(int&, int&)
 .text          0x080013d0       0x8c video.o
                0x080013d0                videoInit()
                0x080013e8                resetSpriteStack()
                0x080013f4                pushSprite(OBJ_ATTR*)
                0x0800141c                hideUnusedSprites()
 .text          0x0800145c      0x1b4 libgbfs.o
                0x0800146c                find_first_gbfs_file
                0x08001508                skip_gbfs_file
                0x08001510                gbfs_get_obj
                0x08001564                gbfs_get_nth_obj
                0x080015a4                gbfs_copy_obj
                0x08001600                gbfs_count_objs
 .text          0x08001610       0xac e:/dev/tonc-code/code/tonclib/lib\libtonc.a(tonc_input.o)
                0x08001610                key_poll
                0x08001668                key_wait_till_hit
                0x0800168c                key_repeat
                0x08001698                key_repeat_mask
                0x080016a8                key_repeat_limits
 .text          0x080016bc      0x35c e:/dev/tonc-code/code/tonclib/lib\libtonc.a(tonc_irq.o)
                0x080016bc                irq_init
                0x08001700                irq_set_master
                0x08001730                irq_set
                0x0800185c                irq_add
                0x080018d4                irq_delete
                0x0800198c                irq_enable
                0x080019d4                irq_disable
 .text          0x08001a18       0xcc e:/dev/tonc-code/code/tonclib/lib\libtonc.a(tonc_oam.o)
                0x08001a18                oam_init
                0x08001a64                obj_copy
                0x08001a90                obj_hide_multi
                0x08001ab8                obj_unhide_multi
 .text          0x08001ae4        0x0 e:/dev/tonc-code/code/tonclib/lib\libtonc.a(sin_lut.o)
 .text          0x08001ae4       0x8c e:/dev/tonc-code/code/tonclib/lib\libtonc.a(tonc_bios.o)
                0x08001ae4                SoftReset
                0x08001ae8                RegisterRamReset
                0x08001aec                Halt
                0x08001af0                Stop
                0x08001af4                IntrWait
                0x08001af8                VBlankIntrWait
                0x08001afc                Div
                0x08001b00                DivArm
                0x08001b04                Sqrt
                0x08001b08                ArcTan
                0x08001b0c                ArcTan2
                0x08001b10                CpuSet
                0x08001b14                CpuFastSet
                0x08001b18                BiosCheckSum
                0x08001b1c                BgAffineSet
                0x08001b20                ObjAffineSet
                0x08001b24                BitUnPack
                0x08001b28                LZ77UnCompWram
                0x08001b2c                LZ77UnCompVram
                0x08001b30                HuffUnComp
                0x08001b34                RLUnCompWram
                0x08001b38                RLUnCompVram
                0x08001b3c                Diff8bitUnFilterWram
                0x08001b40                Diff8bitUnFilterVram
                0x08001b44                Diff16bitUnFilter
                0x08001b48                SoundBias
                0x08001b4c                SoundDriverInit
                0x08001b50                SoundDriverMode
                0x08001b54                SoundDriverMain
                0x08001b58                SoundDriverVSync
                0x08001b5c                SoundChannelClear
                0x08001b60                MidiKey2Freq
                0x08001b64                MultiBoot
                0x08001b68                SoundDriverVSyncOff
                0x08001b6c                SoundDriverVSyncOn
 .text          0x08001b70        0x0 e:/dev/tonc-code/code/tonclib/lib\libtonc.a(tonc_isr_master.o)
 .text          0x08001b70       0x44 e:/dev/tonc-code/code/tonclib/lib\libtonc.a(tonc_memcpy.o)
                0x08001b70                memcpy16
 .text          0x08001bb4       0x3c e:/dev/tonc-code/code/tonclib/lib\libtonc.a(tonc_memset.o)
                0x08001bb4                memset16
 .text          0x08001bf0        0x0 c:/devkitpro/devkitarm/bin/../lib/gcc/arm-none-eabi/4.8.2/../../../../arm-none-eabi/lib/thumb\libstdc++.a(eh_arm.o)
 .text          0x08001bf0        0x0 c:/devkitpro/devkitarm/bin/../lib/gcc/arm-none-eabi/4.8.2/../../../../arm-none-eabi/lib/thumb\libstdc++.a(pure.o)
 .text          0x08001bf0        0x0 c:/devkitpro/devkitarm/bin/../lib/gcc/arm-none-eabi/4.8.2/../../../../arm-none-eabi/lib/thumb\libstdc++.a(eh_globals.o)
 .text          0x08001bf0        0x0 c:/devkitpro/devkitarm/bin/../lib/gcc/arm-none-eabi/4.8.2/../../../../arm-none-eabi/lib/thumb\libstdc++.a(si_class_type_info.o)
 .text          0x08001bf0        0x0 c:/devkitpro/devkitarm/bin/../lib/gcc/arm-none-eabi/4.8.2/../../../../arm-none-eabi/lib/thumb\libstdc++.a(new_op.o)
 .text          0x08001bf0        0x0 c:/devkitpro/devkitarm/bin/../lib/gcc/arm-none-eabi/4.8.2/../../../../arm-none-eabi/lib/thumb\libstdc++.a(eh_call.o)
 .text          0x08001bf0        0x0 c:/devkitpro/devkitarm/bin/../lib/gcc/arm-none-eabi/4.8.2/../../../../arm-none-eabi/lib/thumb\libstdc++.a(new_opv.o)
 .text          0x08001bf0        0x0 c:/devkitpro/devkitarm/bin/../lib/gcc/arm-none-eabi/4.8.2/../../../../arm-none-eabi/lib/thumb\libstdc++.a(eh_personality.o)
 .text          0x08001bf0        0x0 c:/devkitpro/devkitarm/bin/../lib/gcc/arm-none-eabi/4.8.2/../../../../arm-none-eabi/lib/thumb\libstdc++.a(tinfo.o)
 .text          0x08001bf0        0x0 c:/devkitpro/devkitarm/bin/../lib/gcc/arm-none-eabi/4.8.2/../../../../arm-none-eabi/lib/thumb\libstdc++.a(del_op.o)
 .text          0x08001bf0        0x0 c:/devkitpro/devkitarm/bin/../lib/gcc/arm-none-eabi/4.8.2/../../../../arm-none-eabi/lib/thumb\libstdc++.a(eh_terminate.o)
 .text          0x08001bf0        0x0 c:/devkitpro/devkitarm/bin/../lib/gcc/arm-none-eabi/4.8.2/../../../../arm-none-eabi/lib/thumb\libstdc++.a(eh_exception.o)
 .text          0x08001bf0        0x0 c:/devkitpro/devkitarm/bin/../lib/gcc/arm-none-eabi/4.8.2/../../../../arm-none-eabi/lib/thumb\libstdc++.a(eh_alloc.o)
 .text          0x08001bf0        0x0 c:/devkitpro/devkitarm/bin/../lib/gcc/arm-none-eabi/4.8.2/../../../../arm-none-eabi/lib/thumb\libstdc++.a(bad_alloc.o)
 .text          0x08001bf0        0x0 c:/devkitpro/devkitarm/bin/../lib/gcc/arm-none-eabi/4.8.2/../../../../arm-none-eabi/lib/thumb\libstdc++.a(del_opv.o)
 .text          0x08001bf0        0x0 c:/devkitpro/devkitarm/bin/../lib/gcc/arm-none-eabi/4.8.2/../../../../arm-none-eabi/lib/thumb\libstdc++.a(class_type_info.o)
 .text          0x08001bf0        0x0 c:/devkitpro/devkitarm/bin/../lib/gcc/arm-none-eabi/4.8.2/../../../../arm-none-eabi/lib/thumb\libstdc++.a(new_handler.o)
 .text          0x08001bf0        0x0 c:/devkitpro/devkitarm/bin/../lib/gcc/arm-none-eabi/4.8.2/../../../../arm-none-eabi/lib/thumb\libstdc++.a(list.o)
 .text          0x08001bf0        0x0 c:/devkitpro/devkitarm/bin/../lib/gcc/arm-none-eabi/4.8.2/../../../../arm-none-eabi/lib/thumb\libstdc++.a(tree.o)
 .text          0x08001bf0        0x0 c:/devkitpro/devkitarm/bin/../lib/gcc/arm-none-eabi/4.8.2/../../../../arm-none-eabi/lib/thumb\libstdc++.a(eh_throw.o)
 .text          0x08001bf0        0x0 c:/devkitpro/devkitarm/bin/../lib/gcc/arm-none-eabi/4.8.2/../../../../arm-none-eabi/lib/thumb\libstdc++.a(eh_catch.o)
 .text          0x08001bf0        0x0 c:/devkitpro/devkitarm/bin/../lib/gcc/arm-none-eabi/4.8.2/../../../../arm-none-eabi/lib/thumb\libstdc++.a(eh_unex_handler.o)
 .text          0x08001bf0        0x0 c:/devkitpro/devkitarm/bin/../lib/gcc/arm-none-eabi/4.8.2/../../../../arm-none-eabi/lib/thumb\libstdc++.a(eh_term_handler.o)
 .text          0x08001bf0        0x0 c:/devkitpro/devkitarm/bin/../lib/gcc/arm-none-eabi/4.8.2/../../../../arm-none-eabi/lib/thumb\libstdc++.a(vterminate.o)
 .text          0x08001bf0        0x0 c:/devkitpro/devkitarm/bin/../lib/gcc/arm-none-eabi/4.8.2/../../../../arm-none-eabi/lib/thumb\libstdc++.a(eh_type.o)
 .text          0x08001bf0     0x60e0 c:/devkitpro/devkitarm/bin/../lib/gcc/arm-none-eabi/4.8.2/../../../../arm-none-eabi/lib/thumb\libstdc++.a(cp-demangle.o)
                0x08007bdc                __cxa_demangle
                0x08007ca4                __gcclibcxx_demangle_callback
 .text          0x08007cd0      0x11c c:/devkitpro/devkitarm/bin/../lib/gcc/arm-none-eabi/4.8.2/thumb\libgcc.a(_udivsi3.o)
                0x08007cd0                __aeabi_uidiv
                0x08007cd0                __udivsi3
                0x08007dcc                __aeabi_uidivmod
 .text          0x08007dec      0x150 c:/devkitpro/devkitarm/bin/../lib/gcc/arm-none-eabi/4.8.2/thumb\libgcc.a(_divsi3.o)
                0x08007dec                __divsi3
                0x08007dec                __aeabi_idiv
                0x08007f1c                __aeabi_idivmod
 .text          0x08007f3c        0x4 c:/devkitpro/devkitarm/bin/../lib/gcc/arm-none-eabi/4.8.2/thumb\libgcc.a(_dvmd_tls.o)
                0x08007f3c                __aeabi_idiv0
                0x08007f3c                __aeabi_ldiv0
 .text          0x08007f40      0xac4 c:/devkitpro/devkitarm/bin/../lib/gcc/arm-none-eabi/4.8.2/thumb\libgcc.a(unwind-arm.o)
                0x0800823c                _Unwind_GetCFA
                0x08008240                __gnu_Unwind_RaiseException
                0x08008298                __gnu_Unwind_ForcedUnwind
                0x080082b0                __gnu_Unwind_Resume
                0x080082f8                __gnu_Unwind_Resume_or_Rethrow
                0x08008318                _Unwind_Complete
                0x0800831c                _Unwind_DeleteException
                0x08008334                _Unwind_VRS_Get
                0x08008388                _Unwind_VRS_Set
                0x080083dc                __gnu_Unwind_Backtrace
                0x08008748                __aeabi_unwind_cpp_pr0
                0x08008758                __aeabi_unwind_cpp_pr1
                0x08008768                __aeabi_unwind_cpp_pr2
                0x08008778                _Unwind_VRS_Pop
 .text          0x08008a04      0x1d8 c:/devkitpro/devkitarm/bin/../lib/gcc/arm-none-eabi/4.8.2/thumb\libgcc.a(libunwind.o)
                0x08008a04                __restore_core_regs
                0x08008a04                restore_core_regs
                0x08008a20                __gnu_Unwind_Restore_VFP
                0x08008a28                __gnu_Unwind_Save_VFP
                0x08008a30                __gnu_Unwind_Restore_VFP_D
                0x08008a38                __gnu_Unwind_Save_VFP_D
                0x08008a40                __gnu_Unwind_Restore_VFP_D_16_to_31
                0x08008a48                __gnu_Unwind_Save_VFP_D_16_to_31
                0x08008a50                __gnu_Unwind_Restore_WMMXD
                0x08008a94                __gnu_Unwind_Save_WMMXD
                0x08008ad8                __gnu_Unwind_Restore_WMMXC
                0x08008aec                __gnu_Unwind_Save_WMMXC
                0x08008b00                ___Unwind_RaiseException
                0x08008b00                _Unwind_RaiseException
                0x08008b2c                _Unwind_Resume
                0x08008b2c                ___Unwind_Resume
                0x08008b58                _Unwind_Resume_or_Rethrow
                0x08008b58                ___Unwind_Resume_or_Rethrow
                0x08008b84                _Unwind_ForcedUnwind
                0x08008b84                ___Unwind_ForcedUnwind
                0x08008bb0                ___Unwind_Backtrace
                0x08008bb0                _Unwind_Backtrace
 .text          0x08008bdc      0x3c4 c:/devkitpro/devkitarm/bin/../lib/gcc/arm-none-eabi/4.8.2/thumb\libgcc.a(pr-support.o)
                0x08008c3c                __gnu_unwind_execute
                0x08008f3c                __gnu_unwind_frame
                0x08008f68                _Unwind_GetRegionStart
                0x08008f78                _Unwind_GetLanguageSpecificData
                0x08008f90                _Unwind_GetDataRelBase
                0x08008f98                _Unwind_GetTextRelBase
 .text          0x08008fa0       0x10 c:/devkitpro/devkitarm/bin/../lib/gcc/arm-none-eabi/4.8.2/../../../../arm-none-eabi/lib/thumb\libg.a(lib_a-abort.o)
                0x08008fa0                abort
 .text          0x08008fb0       0x64 c:/devkitpro/devkitarm/bin/../lib/gcc/arm-none-eabi/4.8.2/../../../../arm-none-eabi/lib/thumb\libg.a(lib_a-bsearch.o)
                0x08008fb0                bsearch
 .text          0x08009014       0x58 c:/devkitpro/devkitarm/bin/../lib/gcc/arm-none-eabi/4.8.2/../../../../arm-none-eabi/lib/thumb\libg.a(lib_a-fputc.o)
                0x08009014                _fputc_r
                0x0800903c                fputc
 .text          0x0800906c       0x78 c:/devkitpro/devkitarm/bin/../lib/gcc/arm-none-eabi/4.8.2/../../../../arm-none-eabi/lib/thumb\libg.a(lib_a-fputs.o)
                0x0800906c                _fputs_r
                0x080090c8                fputs
 .text          0x080090e4      0x330 c:/devkitpro/devkitarm/bin/../lib/gcc/arm-none-eabi/4.8.2/../../../../arm-none-eabi/lib/thumb\libg.a(lib_a-fvwrite.o)
                0x080090e4                __sfvwrite_r
 .text          0x08009414       0x9c c:/devkitpro/devkitarm/bin/../lib/gcc/arm-none-eabi/4.8.2/../../../../arm-none-eabi/lib/thumb\libg.a(lib_a-fwrite.o)
                0x08009414                _fwrite_r
                0x08009488                fwrite
 .text          0x080094b0        0x0 c:/devkitpro/devkitarm/bin/../lib/gcc/arm-none-eabi/4.8.2/../../../../arm-none-eabi/lib/thumb\libg.a(lib_a-impure.o)
 .text          0x080094b0       0x58 c:/devkitpro/devkitarm/bin/../lib/gcc/arm-none-eabi/4.8.2/../../../../arm-none-eabi/lib/thumb\libg.a(lib_a-init.o)
                0x080094b0                __libc_init_array
 .text          0x08009508       0x30 c:/devkitpro/devkitarm/bin/../lib/gcc/arm-none-eabi/4.8.2/../../../../arm-none-eabi/lib/thumb\libg.a(lib_a-malloc.o)
                0x08009508                malloc
                0x08009520                free
 .text          0x08009538      0x510 c:/devkitpro/devkitarm/bin/../lib/gcc/arm-none-eabi/4.8.2/../../../../arm-none-eabi/lib/thumb\libg.a(lib_a-mallocr.o)
                0x08009538                _malloc_r
 .text          0x08009a48       0x8c c:/devkitpro/devkitarm/bin/../lib/gcc/arm-none-eabi/4.8.2/../../../../arm-none-eabi/lib/thumb\libg.a(lib_a-memchr-stub.o)
                0x08009a48                memchr
 .text          0x08009ad4       0x50 c:/devkitpro/devkitarm/bin/../lib/gcc/arm-none-eabi/4.8.2/../../../../arm-none-eabi/lib/thumb\libg.a(lib_a-memcmp.o)
                0x08009ad4                memcmp
 .text          0x08009b24       0x88 c:/devkitpro/devkitarm/bin/../lib/gcc/arm-none-eabi/4.8.2/../../../../arm-none-eabi/lib/thumb\libg.a(lib_a-memcpy-stub.o)
                0x08009b24                memcpy
 .text          0x08009bac       0xa8 c:/devkitpro/devkitarm/bin/../lib/gcc/arm-none-eabi/4.8.2/../../../../arm-none-eabi/lib/thumb\libg.a(lib_a-memmove.o)
                0x08009bac                memmove
 .text          0x08009c54       0xa4 c:/devkitpro/devkitarm/bin/../lib/gcc/arm-none-eabi/4.8.2/../../../../arm-none-eabi/lib/thumb\libg.a(lib_a-memset.o)
                0x08009c54                memset
 .text          0x08009cf8        0x8 c:/devkitpro/devkitarm/bin/../lib/gcc/arm-none-eabi/4.8.2/../../../../arm-none-eabi/lib/thumb\libg.a(lib_a-mlock.o)
                0x08009cf8                __malloc_lock
                0x08009cfc                __malloc_unlock
 .text          0x08009d00       0xc8 c:/devkitpro/devkitarm/bin/../lib/gcc/arm-none-eabi/4.8.2/../../../../arm-none-eabi/lib/thumb\libg.a(lib_a-putc.o)
                0x08009d00                _putc_r
                0x08009d60                putc
 .text          0x08009dc8       0x50 c:/devkitpro/devkitarm/bin/../lib/gcc/arm-none-eabi/4.8.2/../../../../arm-none-eabi/lib/thumb\libg.a(lib_a-rand.o)
                0x08009dc8                srand
                0x08009ddc                rand
 .text          0x08009e18       0x1c c:/devkitpro/devkitarm/bin/../lib/gcc/arm-none-eabi/4.8.2/../../../../arm-none-eabi/lib/thumb\libg.a(lib_a-realloc.o)
                0x08009e18                realloc
 .text          0x08009e34      0x36c c:/devkitpro/devkitarm/bin/../lib/gcc/arm-none-eabi/4.8.2/../../../../arm-none-eabi/lib/thumb\libg.a(lib_a-reallocr.o)
                0x08009e34                _realloc_r
 .text          0x0800a1a0      0x198 c:/devkitpro/devkitarm/bin/../lib/gcc/arm-none-eabi/4.8.2/../../../../arm-none-eabi/lib/thumb\libg.a(lib_a-signal.o)
                0x0800a1a0                _init_signal_r
                0x0800a1e0                _signal_r
                0x0800a220                _raise_r
                0x0800a280                __sigtramp_r
                0x0800a2d4                raise
                0x0800a2ec                signal
                0x0800a308                _init_signal
                0x0800a31c                __sigtramp
 .text          0x0800a338       0x84 c:/devkitpro/devkitarm/bin/../lib/gcc/arm-none-eabi/4.8.2/../../../../arm-none-eabi/lib/thumb\libg.a(lib_a-sprintf.o)
                0x0800a338                _sprintf_r
                0x0800a378                sprintf
 .text          0x0800a3bc       0x14 c:/devkitpro/devkitarm/bin/../lib/gcc/arm-none-eabi/4.8.2/../../../../arm-none-eabi/lib/thumb\libg.a(lib_a-strcmp.o)
                0x0800a3bc                strcmp
 .text          0x0800a3d0       0x10 c:/devkitpro/devkitarm/bin/../lib/gcc/arm-none-eabi/4.8.2/../../../../arm-none-eabi/lib/thumb\libg.a(lib_a-strlen.o)
                0x0800a3d0                strlen
 .text          0x0800a3e0       0xbc c:/devkitpro/devkitarm/bin/../lib/gcc/arm-none-eabi/4.8.2/../../../../arm-none-eabi/lib/thumb\libg.a(lib_a-strncmp.o)
                0x0800a3e0                strncmp
 .text          0x0800a49c       0x78 c:/devkitpro/devkitarm/bin/../lib/gcc/arm-none-eabi/4.8.2/../../../../arm-none-eabi/lib/thumb\libg.a(lib_a-strncpy.o)
                0x0800a49c                strncpy
 *fill*         0x0800a514        0x4 ff
 .text          0x0800a518     0x17a8 c:/devkitpro/devkitarm/bin/../lib/gcc/arm-none-eabi/4.8.2/../../../../arm-none-eabi/lib/thumb\libg.a(lib_a-svfprintf.o)
                0x0800a518                _svfprintf_r
 .text          0x0800bcc0       0x20 c:/devkitpro/devkitarm/bin/../lib/gcc/arm-none-eabi/4.8.2/../../../../arm-none-eabi/lib/thumb\libg.a(lib_a-syswrite.o)
                0x0800bcc0                write
 .text          0x0800bce0       0xd8 c:/devkitpro/devkitarm/bin/../lib/gcc/arm-none-eabi/4.8.2/../../../../arm-none-eabi/lib/thumb\libg.a(lib_a-wbuf.o)
                0x0800bce0                __swbuf_r
                0x0800bd9c                __swbuf
 .text          0x0800bdb8       0xdc c:/devkitpro/devkitarm/bin/../lib/gcc/arm-none-eabi/4.8.2/../../../../arm-none-eabi/lib/thumb\libg.a(lib_a-wcrtomb.o)
                0x0800bdb8                _wcrtomb_r
                0x0800be20                wcrtomb
 .text          0x0800be94       0x40 c:/devkitpro/devkitarm/bin/../lib/gcc/arm-none-eabi/4.8.2/../../../../arm-none-eabi/lib/thumb\libg.a(lib_a-wcsrtombs.o)
                0x0800be94                _wcsrtombs_r
                0x0800beac                wcsrtombs
 .text          0x0800bed4      0x28c c:/devkitpro/devkitarm/bin/../lib/gcc/arm-none-eabi/4.8.2/../../../../arm-none-eabi/lib/thumb\libg.a(lib_a-wctomb_r.o)
                0x0800bed4                __utf8_wctomb
                0x0800bf94                _wctomb_r
                0x0800bfcc                __ascii_wctomb
                0x0800bfec                __sjis_wctomb
                0x0800c060                __eucjp_wctomb
                0x0800c0e0                __jis_wctomb
 .text          0x0800c160       0xd0 c:/devkitpro/devkitarm/bin/../lib/gcc/arm-none-eabi/4.8.2/../../../../arm-none-eabi/lib/thumb\libg.a(lib_a-wsetup.o)
                0x0800c160                __swsetup_r
 .text          0x0800c230     0x1140 c:/devkitpro/devkitarm/bin/../lib/gcc/arm-none-eabi/4.8.2/../../../../arm-none-eabi/lib/thumb\libg.a(lib_a-dtoa.o)
                0x0800c384                _dtoa_r
 .text          0x0800d370      0x1bc c:/devkitpro/devkitarm/bin/../lib/gcc/arm-none-eabi/4.8.2/../../../../arm-none-eabi/lib/thumb\libg.a(lib_a-fflush.o)
                0x0800d370                __sflush_r
                0x0800d4cc                _fflush_r
                0x0800d4fc                fflush
 .text          0x0800d52c      0x248 c:/devkitpro/devkitarm/bin/../lib/gcc/arm-none-eabi/4.8.2/../../../../arm-none-eabi/lib/thumb\libg.a(lib_a-findfp.o)
                0x0800d534                _cleanup_r
                0x0800d548                __sfmoreglue
                0x0800d57c                _cleanup
                0x0800d598                __sinit
                0x0800d698                __sfp
                0x0800d72c                __sfp_lock_acquire
                0x0800d730                __sfp_lock_release
                0x0800d734                __sinit_lock_acquire
                0x0800d738                __sinit_lock_release
                0x0800d73c                __fp_lock_all
                0x0800d758                __fp_unlock_all
 .text          0x0800d774      0x238 c:/devkitpro/devkitarm/bin/../lib/gcc/arm-none-eabi/4.8.2/../../../../arm-none-eabi/lib/thumb\libg.a(lib_a-freer.o)
                0x0800d774                _malloc_trim_r
                0x0800d818                _free_r
 .text          0x0800d9ac       0xa4 c:/devkitpro/devkitarm/bin/../lib/gcc/arm-none-eabi/4.8.2/../../../../arm-none-eabi/lib/thumb\libg.a(lib_a-fwalk.o)
                0x0800d9ac                _fwalk
                0x0800d9f8                _fwalk_reent
 .text          0x0800da50      0x934 c:/devkitpro/devkitarm/bin/../lib/gcc/arm-none-eabi/4.8.2/../../../../arm-none-eabi/lib/thumb\libg.a(lib_a-locale.o)
                0x0800e110                _setlocale_r
                0x0800e324                __locale_charset
                0x0800e32c                __locale_mb_cur_max
                0x0800e338                __locale_msgcharset
                0x0800e344                __locale_cjk_lang
                0x0800e350                _localeconv_r
                0x0800e35c                setlocale
                0x0800e378                localeconv
 .text          0x0800e384       0xe4 c:/devkitpro/devkitarm/bin/../lib/gcc/arm-none-eabi/4.8.2/../../../../arm-none-eabi/lib/thumb\libg.a(lib_a-makebuf.o)
                0x0800e384                __smakebuf_r
 .text          0x0800e468      0x5bc c:/devkitpro/devkitarm/bin/../lib/gcc/arm-none-eabi/4.8.2/../../../../arm-none-eabi/lib/thumb\libg.a(lib_a-mbtowc_r.o)
                0x0800e468                __utf8_mbtowc
                0x0800e6d0                _mbtowc_r
                0x0800e70c                __ascii_mbtowc
                0x0800e73c                __sjis_mbtowc
                0x0800e7f4                __eucjp_mbtowc
                0x0800e8dc                __jis_mbtowc
 *fill*         0x0800ea24        0x4 ff
 .text          0x0800ea28      0x968 c:/devkitpro/devkitarm/bin/../lib/gcc/arm-none-eabi/4.8.2/../../../../arm-none-eabi/lib/thumb\libg.a(lib_a-mprec.o)
                0x0800ea28                _Balloc
                0x0800ea7c                _Bfree
                0x0800ea94                __multadd
                0x0800eb40                __s2b
                0x0800ebdc                __hi0bits
                0x0800ec1c                __lo0bits
                0x0800ec7c                __i2b
                0x0800ec94                __multiply
                0x0800eddc                __pow5mult
                0x0800ee98                __lshift
                0x0800ef5c                __mcmp
                0x0800ef98                __mdiff
                0x0800f088                __ulp
                0x0800f0d0                __b2d
                0x0800f180                __d2b
                0x0800f240                __ratio
                0x0800f2b4                _mprec_log10
                0x0800f2f4                __copybits
                0x0800f338                __any_on
 .text          0x0800f390       0x5c c:/devkitpro/devkitarm/bin/../lib/gcc/arm-none-eabi/4.8.2/../../../../arm-none-eabi/lib/thumb\libg.a(lib_a-s_fpclassify.o)
                0x0800f390                __fpclassifyd
 .text          0x0800f3ec       0xac c:/devkitpro/devkitarm/bin/../lib/gcc/arm-none-eabi/4.8.2/../../../../arm-none-eabi/lib/thumb\libg.a(lib_a-stdio.o)
                0x0800f3ec                __sread
                0x0800f418                __seofread
                0x0800f41c                __swrite
                0x0800f458                __sseek
                0x0800f488                __sclose
 .text          0x0800f498       0x50 c:/devkitpro/devkitarm/bin/../lib/gcc/arm-none-eabi/4.8.2/../../../../arm-none-eabi/lib/thumb\libg.a(lib_a-strcasecmp.o)
                0x0800f498                strcasecmp
 .text          0x0800f4e8       0x54 c:/devkitpro/devkitarm/bin/../lib/gcc/arm-none-eabi/4.8.2/../../../../arm-none-eabi/lib/thumb\libg.a(lib_a-strcat.o)
                0x0800f4e8                strcat
 .text          0x0800f53c       0xdc c:/devkitpro/devkitarm/bin/../lib/gcc/arm-none-eabi/4.8.2/../../../../arm-none-eabi/lib/thumb\libg.a(lib_a-strchr.o)
                0x0800f53c                strchr
 .text          0x0800f618       0x10 c:/devkitpro/devkitarm/bin/../lib/gcc/arm-none-eabi/4.8.2/../../../../arm-none-eabi/lib/thumb\libg.a(lib_a-strcpy.o)
                0x0800f618                strcpy
 .text          0x0800f628       0x50 c:/devkitpro/devkitarm/bin/../lib/gcc/arm-none-eabi/4.8.2/../../../../arm-none-eabi/lib/thumb\libg.a(lib_a-strlcpy.o)
                0x0800f628                strlcpy
 .text          0x0800f678       0x60 c:/devkitpro/devkitarm/bin/../lib/gcc/arm-none-eabi/4.8.2/../../../../arm-none-eabi/lib/thumb\libg.a(lib_a-strncasecmp.o)
                0x0800f678                strncasecmp
 .text          0x0800f6d8      0x190 c:/devkitpro/devkitarm/bin/../lib/gcc/arm-none-eabi/4.8.2/../../../../arm-none-eabi/lib/thumb\libg.a(lib_a-strtol.o)
                0x0800f6d8                _strtol_r
                0x0800f848                strtol
 .text          0x0800f868      0xd98 c:/devkitpro/devkitarm/bin/../lib/gcc/arm-none-eabi/4.8.2/../../../../arm-none-eabi/lib/thumb\libg.a(lib_a-svfiprintf.o)
                0x0800f868                __ssprint_r
                0x0800f998                _svfiprintf_r
 .text          0x08010600      0x13c c:/devkitpro/devkitarm/bin/../lib/gcc/arm-none-eabi/4.8.2/../../../../arm-none-eabi/lib/thumb\libg.a(lib_a-wcsnrtombs.o)
                0x08010600                _wcsnrtombs_r
                0x0801070c                wcsnrtombs
 .text          0x0801073c       0x64 c:/devkitpro/devkitarm/bin/../lib/gcc/arm-none-eabi/4.8.2/../../../../arm-none-eabi/lib/thumb\libg.a(lib_a-callocr.o)
                0x0801073c                _calloc_r
 .text          0x080107a0       0x10 c:/devkitpro/devkitarm/bin/../lib/gcc/arm-none-eabi/4.8.2/../../../../arm-none-eabi/lib/thumb\libg.a(lib_a-ctype_.o)
                0x080107a0                __set_ctype
 .text          0x080107b0       0xb0 c:/devkitpro/devkitarm/bin/../lib/gcc/arm-none-eabi/4.8.2/../../../../arm-none-eabi/lib/thumb\libg.a(lib_a-fclose.o)
                0x080107b0                _fclose_r
                0x08010844                fclose
 .text          0x08010860       0xa8 c:/devkitpro/devkitarm/bin/../lib/gcc/arm-none-eabi/4.8.2/../../../../arm-none-eabi/lib/thumb\libg.a(lib_a-getenv_r.o)
                0x08010860                _findenv_r
                0x080108f8                _getenv_r
 .text          0x08010908        0x0 c:/devkitpro/devkitarm/bin/../lib/gcc/arm-none-eabi/4.8.2/../../../../arm-none-eabi/lib/thumb\libg.a(lib_a-environ.o)
 .text          0x08010908        0x8 c:/devkitpro/devkitarm/bin/../lib/gcc/arm-none-eabi/4.8.2/../../../../arm-none-eabi/lib/thumb\libg.a(lib_a-envlock.o)
                0x08010908                __env_lock
                0x0801090c                __env_unlock
 .text          0x08010910       0x50 c:/devkitpro/devkitarm/bin/../lib/gcc/arm-none-eabi/4.8.2/../../../../arm-none-eabi/lib/thumb\libsysbase.a(close.o)
                0x08010910                _close_r
 .text          0x08010960       0x50 c:/devkitpro/devkitarm/bin/../lib/gcc/arm-none-eabi/4.8.2/../../../../arm-none-eabi/lib/thumb\libsysbase.a(fstat.o)
                0x08010960                _fstat_r
 .text          0x080109b0        0xc c:/devkitpro/devkitarm/bin/../lib/gcc/arm-none-eabi/4.8.2/../../../../arm-none-eabi/lib/thumb\libsysbase.a(getpid.o)
                0x080109b0                _getpid_r
 .text          0x080109bc        0x4 c:/devkitpro/devkitarm/bin/../lib/gcc/arm-none-eabi/4.8.2/../../../../arm-none-eabi/lib/thumb\libsysbase.a(isatty.o)
                0x080109bc                _isatty_r
 .text          0x080109c0        0xc c:/devkitpro/devkitarm/bin/../lib/gcc/arm-none-eabi/4.8.2/../../../../arm-none-eabi/lib/thumb\libsysbase.a(kill.o)
                0x080109c0                _kill_r
 .text          0x080109cc       0x50 c:/devkitpro/devkitarm/bin/../lib/gcc/arm-none-eabi/4.8.2/../../../../arm-none-eabi/lib/thumb\libsysbase.a(lseek.o)
                0x080109cc                _lseek_r
 .text          0x08010a1c       0x50 c:/devkitpro/devkitarm/bin/../lib/gcc/arm-none-eabi/4.8.2/../../../../arm-none-eabi/lib/thumb\libsysbase.a(read.o)
                0x08010a1c                _read_r
 .text          0x08010a6c       0x54 c:/devkitpro/devkitarm/bin/../lib/gcc/arm-none-eabi/4.8.2/../../../../arm-none-eabi/lib/thumb\libsysbase.a(sbrk.o)
                0x08010a6c                _sbrk_r
 .text          0x08010ac0       0x58 c:/devkitpro/devkitarm/bin/../lib/gcc/arm-none-eabi/4.8.2/../../../../arm-none-eabi/lib/thumb\libsysbase.a(write.o)
                0x08010ac0                _write_r
 .text          0x08010b18       0x18 c:/devkitpro/devkitarm/bin/../lib/gcc/arm-none-eabi/4.8.2/../../../../arm-none-eabi/lib/thumb\libsysbase.a(_exit.o)
                0x08010b18                _exit
 .text          0x08010b30        0x0 c:/devkitpro/devkitarm/bin/../lib/gcc/arm-none-eabi/4.8.2/../../../../arm-none-eabi/lib/thumb\libsysbase.a(malloc_vars.o)
 .text          0x08010b30        0x0 c:/devkitpro/devkitarm/bin/../lib/gcc/arm-none-eabi/4.8.2/../../../../arm-none-eabi/lib/thumb\libsysbase.a(syscall_support.o)
 .text          0x08010b30       0x88 c:/devkitpro/devkitarm/bin/../lib/gcc/arm-none-eabi/4.8.2/../../../../arm-none-eabi/lib/thumb\libsysbase.a(handle_manager.o)
                0x08010b30                __release_handle
                0x08010b5c                __alloc_handle
                0x08010b98                __get_handle
 .text          0x08010bb8      0x144 c:/devkitpro/devkitarm/bin/../lib/gcc/arm-none-eabi/4.8.2/../../../../arm-none-eabi/lib/thumb\libsysbase.a(iosupport.o)
                0x08010bb8                setDefaultDevice
                0x08010bcc                FindDevice
                0x08010c3c                RemoveDevice
                0x08010c60                AddDevice
                0x08010cdc                GetDeviceOpTab
 .text          0x08010cfc      0x41c c:/devkitpro/devkitarm/bin/../lib/gcc/arm-none-eabi/4.8.2/thumb\libgcc.a(_arm_addsubdf3.o)
                0x08010cfc                __aeabi_drsub
                0x08010d04                __aeabi_dsub
                0x08010d04                __subdf3
                0x08010d08                __aeabi_dadd
                0x08010d08                __adddf3
                0x08011018                __floatunsidf
                0x08011018                __aeabi_ui2d
                0x0801103c                __floatsidf
                0x0801103c                __aeabi_i2d
                0x08011064                __aeabi_f2d
                0x08011064                __extendsfdf2
                0x080110a4                __floatundidf
                0x080110a4                __aeabi_ul2d
                0x080110b8                __floatdidf
                0x080110b8                __aeabi_l2d
 .text          0x08011118      0x49c c:/devkitpro/devkitarm/bin/../lib/gcc/arm-none-eabi/4.8.2/thumb\libgcc.a(_arm_muldivdf3.o)
                0x08011118                __aeabi_dmul
                0x08011118                __muldf3
                0x080113a8                __divdf3
                0x080113a8                __aeabi_ddiv
 .text          0x080115b4      0x144 c:/devkitpro/devkitarm/bin/../lib/gcc/arm-none-eabi/4.8.2/thumb\libgcc.a(_arm_cmpdf2.o)
                0x080115b4                __gtdf2
                0x080115b4                __gedf2
                0x080115bc                __ltdf2
                0x080115bc                __ledf2
                0x080115c4                __nedf2
                0x080115c4                __eqdf2
                0x080115c4                __cmpdf2
                0x0801164c                __aeabi_cdrcmple
                0x08011668                __aeabi_cdcmpeq
                0x08011668                __aeabi_cdcmple
                0x08011680                __aeabi_dcmpeq
                0x08011698                __aeabi_dcmplt
                0x080116b0                __aeabi_dcmple
                0x080116c8                __aeabi_dcmpge
                0x080116e0                __aeabi_dcmpgt
 .text          0x080116f8       0x5c c:/devkitpro/devkitarm/bin/../lib/gcc/arm-none-eabi/4.8.2/thumb\libgcc.a(_arm_fixdfsi.o)
                0x080116f8                __aeabi_d2iz
                0x080116f8                __fixdfsi
 .text          0x08011754       0x3c c:/devkitpro/devkitarm/bin/../lib/gcc/arm-none-eabi/4.8.2/thumb\libgcc.a(_aeabi_uldivmod.o)
                0x08011754                __aeabi_uldivmod
 .text          0x08011790       0x4c c:/devkitpro/devkitarm/bin/../lib/gcc/arm-none-eabi/4.8.2/thumb\libgcc.a(_muldi3.o)
                0x08011790                __muldi3
                0x08011790                __aeabi_lmul
 .text          0x080117dc       0x74 c:/devkitpro/devkitarm/bin/../lib/gcc/arm-none-eabi/4.8.2/thumb\libgcc.a(bpabi.o)
                0x080117dc                __gnu_ldivmod_helper
                0x08011818                __gnu_uldivmod_helper
 .text          0x08011850      0x3cc c:/devkitpro/devkitarm/bin/../lib/gcc/arm-none-eabi/4.8.2/thumb\libgcc.a(_divdi3.o)
                0x08011850                __divdi3
 .text          0x08011c1c      0x378 c:/devkitpro/devkitarm/bin/../lib/gcc/arm-none-eabi/4.8.2/thumb\libgcc.a(_udivdi3.o)
                0x08011c1c                __udivdi3
 .text          0x08011f94       0x48 c:/devkitpro/devkitarm/bin/../lib/gcc/arm-none-eabi/4.8.2/thumb\libgcc.a(_clzsi2.o)
                0x08011f94                __clzsi2
 .text          0x08011fdc        0x0 c:/devkitpro/devkitarm/bin/../lib/gcc/arm-none-eabi/4.8.2/thumb/crtend.o
 .text          0x08011fdc        0x0 c:/devkitpro/devkitarm/bin/../lib/gcc/arm-none-eabi/4.8.2/thumb/crtn.o
 *(.text .stub .text.* .gnu.linkonce.t.*)
 .text._ZN9ComponentI6CameraED2Ev
                0x08011fdc       0x18 camera.o
                0x08011fdc                Component<Camera>::~Component()
                0x08011fdc                Component<Camera>::~Component()
 .text._ZN9ComponentI6CameraED0Ev
                0x08011ff4       0x20 camera.o
                0x08011ff4                Component<Camera>::~Component()
 .text._ZN6CameraD2Ev
                0x08012014       0x18 camera.o
                0x08012014                Camera::~Camera()
                0x08012014                Camera::~Camera()
 .text._ZN6CameraD0Ev
                0x0801202c       0x20 camera.o
                0x0801202c                Camera::~Camera()
 .text._ZN6Object12addComponentI6SpriteEEPT_v
                0x0801204c       0x28 main.o
                0x0801204c                Sprite* Object::addComponent<Sprite>()
 .text._ZN6Object12addComponentI7PhysicsEEPT_v
                0x08012074       0x28 main.o
                0x08012074                Physics* Object::addComponent<Physics>()
 .text.startup  0x0801209c      0x588 main.o
                0x0801209c                main
 .text._ZNSt8_Rb_treeIjSt4pairIKjP13BaseComponentESt10_Select1stIS4_ESt4lessIjESaIS4_EE8_M_eraseEPSt13_Rb_tree_nodeIS4_E
                0x08012624      0x118 object.o
                0x08012624                std::_Rb_tree<unsigned int, std::pair<unsigned int const, BaseComponent*>, std::_Select1st<std::pair<unsigned int const, BaseComponent*> >, std::less<unsigned int>, std::allocator<std::pair<unsigned int const, BaseComponent*> > >::_M_erase(std::_Rb_tree_node<std::pair<unsigned int const, BaseComponent*> >*)
 .text._ZNSt8_Rb_treeIjSt4pairIKjP13BaseComponentESt10_Select1stIS4_ESt4lessIjESaIS4_EE22_M_emplace_hint_uniqueIIRKSt21piecewise_construct_tSt5tupleIIRS1_EESF_IIEEEEESt17_Rb_tree_iteratorIS4_ESt23_Rb_tree_const_iteratorIS4_EDpOT_
                0x0801273c      0x17c object.o
                0x0801273c                std::_Rb_tree_iterator<std::pair<unsigned int const, BaseComponent*> > std::_Rb_tree<unsigned int, std::pair<unsigned int const, BaseComponent*>, std::_Select1st<std::pair<unsigned int const, BaseComponent*> >, std::less<unsigned int>, std::allocator<std::pair<unsigned int const, BaseComponent*> > >::_M_emplace_hint_unique<std::piecewise_construct_t const&, std::tuple<unsigned int const&>, std::tuple<> >(std::_Rb_tree_const_iterator<std::pair<unsigned int const, BaseComponent*> >, std::piecewise_construct_t const&, std::tuple<unsigned int const&>&&, std::tuple<>&&)
                0x0801273c                std::_Rb_tree_iterator<std::pair<unsigned int const, BaseComponent*> > std::_Rb_tree<unsigned int, std::pair<unsigned int const, BaseComponent*>, std::_Select1st<std::pair<unsigned int const, BaseComponent*> >, std::less<unsigned int>, std::allocator<std::pair<unsigned int const, BaseComponent*> > >::_M_emplace_hint_unique<std::piecewise_construct_t const&, std::tuple<unsigned int const&>, std::tuple<> >(std::_Rb_tree_const_iterator<std::pair<unsigned int const, BaseComponent*> >, std::piecewise_construct_t const&, std::tuple<unsigned int const&>&&, std::tuple<>&&)
 .text._ZN9ComponentI9ParticlesED2Ev
                0x080128b8       0x18 particles.o
                0x080128b8                Component<Particles>::~Component()
                0x080128b8                Component<Particles>::~Component()
 .text._ZN9ComponentI9ParticlesED0Ev
                0x080128d0       0x20 particles.o
                0x080128d0                Component<Particles>::~Component()
 .text._ZN9ComponentI7PhysicsED2Ev
                0x080128f0       0x18 physics.o
                0x080128f0                Component<Physics>::~Component()
                0x080128f0                Component<Physics>::~Component()
 .text._ZN9ComponentI7PhysicsED0Ev
                0x08012908       0x20 physics.o
                0x08012908                Component<Physics>::~Component()
 .text._ZN9ComponentI6RumbleED2Ev
                0x08012928       0x18 rumble.o
                0x08012928                Component<Rumble>::~Component()
                0x08012928                Component<Rumble>::~Component()
 .text._ZN6RumbleD2Ev
                0x08012940       0x18 rumble.o
                0x08012940                Rumble::~Rumble()
                0x08012940                Rumble::~Rumble()
 .text._ZN9ComponentI6RumbleED0Ev
                0x08012958       0x20 rumble.o
                0x08012958                Component<Rumble>::~Component()
 .text._ZN6RumbleD0Ev
                0x08012978       0x20 rumble.o
                0x08012978                Rumble::~Rumble()
 .text._ZN9ComponentI6SpriteED2Ev
                0x08012998       0x18 sprite.o
                0x08012998                Component<Sprite>::~Component()
                0x08012998                Component<Sprite>::~Component()
 .text._ZN9ComponentI6SpriteED0Ev
                0x080129b0       0x20 sprite.o
                0x080129b0                Component<Sprite>::~Component()
 .text.__cxa_end_cleanup
                0x080129d0        0xc c:/devkitpro/devkitarm/bin/../lib/gcc/arm-none-eabi/4.8.2/../../../../arm-none-eabi/lib/thumb\libstdc++.a(eh_arm.o)
                0x080129d0                __cxa_end_cleanup
 .text.__cxa_type_match
                0x080129dc       0xc4 c:/devkitpro/devkitarm/bin/../lib/gcc/arm-none-eabi/4.8.2/../../../../arm-none-eabi/lib/thumb\libstdc++.a(eh_arm.o)
                0x080129dc                __cxa_type_match
 .text.__cxa_begin_cleanup
                0x08012aa0       0x64 c:/devkitpro/devkitarm/bin/../lib/gcc/arm-none-eabi/4.8.2/../../../../arm-none-eabi/lib/thumb\libstdc++.a(eh_arm.o)
                0x08012aa0                __cxa_begin_cleanup
 .text.__gnu_end_cleanup
                0x08012b04       0x74 c:/devkitpro/devkitarm/bin/../lib/gcc/arm-none-eabi/4.8.2/../../../../arm-none-eabi/lib/thumb\libstdc++.a(eh_arm.o)
                0x08012b04                __gnu_end_cleanup
 .text.__cxa_pure_virtual
                0x08012b78       0x14 c:/devkitpro/devkitarm/bin/../lib/gcc/arm-none-eabi/4.8.2/../../../../arm-none-eabi/lib/thumb\libstdc++.a(pure.o)
                0x08012b78                __cxa_pure_virtual
 .text.__cxa_deleted_virtual
                0x08012b8c       0x14 c:/devkitpro/devkitarm/bin/../lib/gcc/arm-none-eabi/4.8.2/../../../../arm-none-eabi/lib/thumb\libstdc++.a(pure.o)
                0x08012b8c                __cxa_deleted_virtual
 .text.__cxa_get_globals_fast
                0x08012ba0        0x8 c:/devkitpro/devkitarm/bin/../lib/gcc/arm-none-eabi/4.8.2/../../../../arm-none-eabi/lib/thumb\libstdc++.a(eh_globals.o)
                0x08012ba0                __cxa_get_globals_fast
 .text.__cxa_get_globals
                0x08012ba8        0x8 c:/devkitpro/devkitarm/bin/../lib/gcc/arm-none-eabi/4.8.2/../../../../arm-none-eabi/lib/thumb\libstdc++.a(eh_globals.o)
                0x08012ba8                __cxa_get_globals
 .text._ZN10__cxxabiv120__si_class_type_infoD2Ev
                0x08012bb0       0x1c c:/devkitpro/devkitarm/bin/../lib/gcc/arm-none-eabi/4.8.2/../../../../arm-none-eabi/lib/thumb\libstdc++.a(si_class_type_info.o)
                0x08012bb0                __cxxabiv1::__si_class_type_info::~__si_class_type_info()
                0x08012bb0                __cxxabiv1::__si_class_type_info::~__si_class_type_info()
 .text._ZN10__cxxabiv120__si_class_type_infoD0Ev
                0x08012bcc       0x20 c:/devkitpro/devkitarm/bin/../lib/gcc/arm-none-eabi/4.8.2/../../../../arm-none-eabi/lib/thumb\libstdc++.a(si_class_type_info.o)
                0x08012bcc                __cxxabiv1::__si_class_type_info::~__si_class_type_info()
 .text._ZNK10__cxxabiv120__si_class_type_info20__do_find_public_srcEiPKvPKNS_17__class_type_infoES2_
                0x08012bec       0x40 c:/devkitpro/devkitarm/bin/../lib/gcc/arm-none-eabi/4.8.2/../../../../arm-none-eabi/lib/thumb\libstdc++.a(si_class_type_info.o)
                0x08012bec                __cxxabiv1::__si_class_type_info::__do_find_public_src(int, void const*, __cxxabiv1::__class_type_info const*, void const*) const
 .text._ZNK10__cxxabiv120__si_class_type_info12__do_dyncastEiNS_17__class_type_info10__sub_kindEPKS1_PKvS4_S6_RNS1_16__dyncast_resultE
                0x08012c2c       0x9c c:/devkitpro/devkitarm/bin/../lib/gcc/arm-none-eabi/4.8.2/../../../../arm-none-eabi/lib/thumb\libstdc++.a(si_class_type_info.o)
                0x08012c2c                __cxxabiv1::__si_class_type_info::__do_dyncast(int, __cxxabiv1::__class_type_info::__sub_kind, __cxxabiv1::__class_type_info const*, void const*, __cxxabiv1::__class_type_info const*, void const*, __cxxabiv1::__class_type_info::__dyncast_result&) const
 .text._ZNK10__cxxabiv120__si_class_type_info11__do_upcastEPKNS_17__class_type_infoEPKvRNS1_15__upcast_resultE
                0x08012cc8       0x2c c:/devkitpro/devkitarm/bin/../lib/gcc/arm-none-eabi/4.8.2/../../../../arm-none-eabi/lib/thumb\libstdc++.a(si_class_type_info.o)
                0x08012cc8                __cxxabiv1::__si_class_type_info::__do_upcast(__cxxabiv1::__class_type_info const*, void const*, __cxxabiv1::__class_type_info::__upcast_result&) const
 .text._Znwj    0x08012cf4       0x60 c:/devkitpro/devkitarm/bin/../lib/gcc/arm-none-eabi/4.8.2/../../../../arm-none-eabi/lib/thumb\libstdc++.a(new_op.o)
                0x08012cf4                operator new(unsigned int)
 .text._ZN10__cxxabiv1L24__is_gxx_exception_classEPc
                0x08012d54       0x40 c:/devkitpro/devkitarm/bin/../lib/gcc/arm-none-eabi/4.8.2/../../../../arm-none-eabi/lib/thumb\libstdc++.a(eh_call.o)
 .text.__cxa_call_terminate
                0x08012d94       0x20 c:/devkitpro/devkitarm/bin/../lib/gcc/arm-none-eabi/4.8.2/../../../../arm-none-eabi/lib/thumb\libstdc++.a(eh_call.o)
                0x08012d94                __cxa_call_terminate
 .text.__cxa_call_unexpected
                0x08012db4       0xfc c:/devkitpro/devkitarm/bin/../lib/gcc/arm-none-eabi/4.8.2/../../../../arm-none-eabi/lib/thumb\libstdc++.a(eh_call.o)
                0x08012db4                __cxa_call_unexpected
 .text._Znaj    0x08012eb0       0x18 c:/devkitpro/devkitarm/bin/../lib/gcc/arm-none-eabi/4.8.2/../../../../arm-none-eabi/lib/thumb\libstdc++.a(new_opv.o)
                0x08012eb0                operator new[](unsigned int)
 .text._ZL12read_sleb128PKhPl
                0x08012ec8       0x34 c:/devkitpro/devkitarm/bin/../lib/gcc/arm-none-eabi/4.8.2/../../../../arm-none-eabi/lib/thumb\libstdc++.a(eh_personality.o)
 .text._ZL28read_encoded_value_with_basehjPKhPj
                0x08012efc       0xe0 c:/devkitpro/devkitarm/bin/../lib/gcc/arm-none-eabi/4.8.2/../../../../arm-none-eabi/lib/thumb\libstdc++.a(eh_personality.o)
 .text._ZL21base_of_encoded_valuehP15_Unwind_Context
                0x08012fdc       0x48 c:/devkitpro/devkitarm/bin/../lib/gcc/arm-none-eabi/4.8.2/../../../../arm-none-eabi/lib/thumb\libstdc++.a(eh_personality.o)
 .text._ZL17parse_lsda_headerP15_Unwind_ContextPKhP16lsda_header_info
                0x08013024       0x9c c:/devkitpro/devkitarm/bin/../lib/gcc/arm-none-eabi/4.8.2/../../../../arm-none-eabi/lib/thumb\libstdc++.a(eh_personality.o)
 .text.__gxx_personality_v0
                0x080130c0      0x3f8 c:/devkitpro/devkitarm/bin/../lib/gcc/arm-none-eabi/4.8.2/../../../../arm-none-eabi/lib/thumb\libstdc++.a(eh_personality.o)
                0x080130c0                __gxx_personality_v0
 .text._ZNSt9type_infoD2Ev
                0x080134b8        0xc c:/devkitpro/devkitarm/bin/../lib/gcc/arm-none-eabi/4.8.2/../../../../arm-none-eabi/lib/thumb\libstdc++.a(tinfo.o)
                0x080134b8                std::type_info::~type_info()
                0x080134b8                std::type_info::~type_info()
 .text._ZNKSt9type_info14__is_pointer_pEv
                0x080134c4        0x4 c:/devkitpro/devkitarm/bin/../lib/gcc/arm-none-eabi/4.8.2/../../../../arm-none-eabi/lib/thumb\libstdc++.a(tinfo.o)
                0x080134c4                std::type_info::__is_pointer_p() const
 .text._ZNKSt9type_info15__is_function_pEv
                0x080134c8        0x4 c:/devkitpro/devkitarm/bin/../lib/gcc/arm-none-eabi/4.8.2/../../../../arm-none-eabi/lib/thumb\libstdc++.a(tinfo.o)
                0x080134c8                std::type_info::__is_function_p() const
 .text._ZNKSt9type_info11__do_upcastEPKN10__cxxabiv117__class_type_infoEPPv
                0x080134cc        0x4 c:/devkitpro/devkitarm/bin/../lib/gcc/arm-none-eabi/4.8.2/../../../../arm-none-eabi/lib/thumb\libstdc++.a(tinfo.o)
                0x080134cc                std::type_info::__do_upcast(__cxxabiv1::__class_type_info const*, void**) const
 .text._ZNSt9type_infoD0Ev
                0x080134d0       0x1c c:/devkitpro/devkitarm/bin/../lib/gcc/arm-none-eabi/4.8.2/../../../../arm-none-eabi/lib/thumb\libstdc++.a(tinfo.o)
                0x080134d0                std::type_info::~type_info()
 .text._ZNKSt9type_infoeqERKS_
                0x080134ec       0x30 c:/devkitpro/devkitarm/bin/../lib/gcc/arm-none-eabi/4.8.2/../../../../arm-none-eabi/lib/thumb\libstdc++.a(tinfo.o)
                0x080134ec                std::type_info::operator==(std::type_info const&) const
 .text._ZNKSt9type_info10__do_catchEPKS_PPvj
                0x0801351c        0xc c:/devkitpro/devkitarm/bin/../lib/gcc/arm-none-eabi/4.8.2/../../../../arm-none-eabi/lib/thumb\libstdc++.a(tinfo.o)
                0x0801351c                std::type_info::__do_catch(std::type_info const*, void**, unsigned int) const
 .text._ZdlPv   0x08013528       0x10 c:/devkitpro/devkitarm/bin/../lib/gcc/arm-none-eabi/4.8.2/../../../../arm-none-eabi/lib/thumb\libstdc++.a(del_op.o)
                0x08013528                operator delete(void*)
 .text._ZN10__cxxabiv111__terminateEPFvvE
                0x08013538       0x2c c:/devkitpro/devkitarm/bin/../lib/gcc/arm-none-eabi/4.8.2/../../../../arm-none-eabi/lib/thumb\libstdc++.a(eh_terminate.o)
                0x08013538                __cxxabiv1::__terminate(void (*)())
 .text._ZSt9terminatev
                0x08013564       0x10 c:/devkitpro/devkitarm/bin/../lib/gcc/arm-none-eabi/4.8.2/../../../../arm-none-eabi/lib/thumb\libstdc++.a(eh_terminate.o)
                0x08013564                std::terminate()
 .text._ZN10__cxxabiv112__unexpectedEPFvvE
                0x08013574        0xc c:/devkitpro/devkitarm/bin/../lib/gcc/arm-none-eabi/4.8.2/../../../../arm-none-eabi/lib/thumb\libstdc++.a(eh_terminate.o)
                0x08013574                __cxxabiv1::__unexpected(void (*)())
 .text._ZSt10unexpectedv
                0x08013580       0x10 c:/devkitpro/devkitarm/bin/../lib/gcc/arm-none-eabi/4.8.2/../../../../arm-none-eabi/lib/thumb\libstdc++.a(eh_terminate.o)
                0x08013580                std::unexpected()
 .text._ZSt13set_terminatePFvvE
                0x08013590       0x10 c:/devkitpro/devkitarm/bin/../lib/gcc/arm-none-eabi/4.8.2/../../../../arm-none-eabi/lib/thumb\libstdc++.a(eh_terminate.o)
                0x08013590                std::set_terminate(void (*)())
 .text._ZSt14set_unexpectedPFvvE
                0x080135a0       0x10 c:/devkitpro/devkitarm/bin/../lib/gcc/arm-none-eabi/4.8.2/../../../../arm-none-eabi/lib/thumb\libstdc++.a(eh_terminate.o)
                0x080135a0                std::set_unexpected(void (*)())
 .text._ZNSt9exceptionD2Ev
                0x080135b0        0xc c:/devkitpro/devkitarm/bin/../lib/gcc/arm-none-eabi/4.8.2/../../../../arm-none-eabi/lib/thumb\libstdc++.a(eh_exception.o)
                0x080135b0                std::exception::~exception()
                0x080135b0                std::exception::~exception()
 .text._ZNSt13bad_exceptionD2Ev
                0x080135bc        0xc c:/devkitpro/devkitarm/bin/../lib/gcc/arm-none-eabi/4.8.2/../../../../arm-none-eabi/lib/thumb\libstdc++.a(eh_exception.o)
                0x080135bc                std::bad_exception::~bad_exception()
                0x080135bc                std::bad_exception::~bad_exception()
 .text._ZN10__cxxabiv115__forced_unwindD2Ev
                0x080135c8        0xc c:/devkitpro/devkitarm/bin/../lib/gcc/arm-none-eabi/4.8.2/../../../../arm-none-eabi/lib/thumb\libstdc++.a(eh_exception.o)
                0x080135c8                __cxxabiv1::__forced_unwind::~__forced_unwind()
                0x080135c8                __cxxabiv1::__forced_unwind::~__forced_unwind()
 .text._ZN10__cxxabiv119__foreign_exceptionD2Ev
                0x080135d4        0xc c:/devkitpro/devkitarm/bin/../lib/gcc/arm-none-eabi/4.8.2/../../../../arm-none-eabi/lib/thumb\libstdc++.a(eh_exception.o)
                0x080135d4                __cxxabiv1::__foreign_exception::~__foreign_exception()
                0x080135d4                __cxxabiv1::__foreign_exception::~__foreign_exception()
 .text._ZNKSt9exception4whatEv
                0x080135e0        0x8 c:/devkitpro/devkitarm/bin/../lib/gcc/arm-none-eabi/4.8.2/../../../../arm-none-eabi/lib/thumb\libstdc++.a(eh_exception.o)
                0x080135e0                std::exception::what() const
 .text._ZNKSt13bad_exception4whatEv
                0x080135e8        0x8 c:/devkitpro/devkitarm/bin/../lib/gcc/arm-none-eabi/4.8.2/../../../../arm-none-eabi/lib/thumb\libstdc++.a(eh_exception.o)
                0x080135e8                std::bad_exception::what() const
 .text._ZNSt9exceptionD0Ev
                0x080135f0       0x1c c:/devkitpro/devkitarm/bin/../lib/gcc/arm-none-eabi/4.8.2/../../../../arm-none-eabi/lib/thumb\libstdc++.a(eh_exception.o)
                0x080135f0                std::exception::~exception()
 .text._ZNSt13bad_exceptionD0Ev
                0x0801360c       0x1c c:/devkitpro/devkitarm/bin/../lib/gcc/arm-none-eabi/4.8.2/../../../../arm-none-eabi/lib/thumb\libstdc++.a(eh_exception.o)
                0x0801360c                std::bad_exception::~bad_exception()
 .text._ZN10__cxxabiv115__forced_unwindD0Ev
                0x08013628       0x1c c:/devkitpro/devkitarm/bin/../lib/gcc/arm-none-eabi/4.8.2/../../../../arm-none-eabi/lib/thumb\libstdc++.a(eh_exception.o)
                0x08013628                __cxxabiv1::__forced_unwind::~__forced_unwind()
 .text._ZN10__cxxabiv119__foreign_exceptionD0Ev
                0x08013644       0x1c c:/devkitpro/devkitarm/bin/../lib/gcc/arm-none-eabi/4.8.2/../../../../arm-none-eabi/lib/thumb\libstdc++.a(eh_exception.o)
                0x08013644                __cxxabiv1::__foreign_exception::~__foreign_exception()
 .text.__cxa_allocate_exception
                0x08013660       0x68 c:/devkitpro/devkitarm/bin/../lib/gcc/arm-none-eabi/4.8.2/../../../../arm-none-eabi/lib/thumb\libstdc++.a(eh_alloc.o)
                0x08013660                __cxa_allocate_exception
 .text.__cxa_free_exception
                0x080136c8       0x38 c:/devkitpro/devkitarm/bin/../lib/gcc/arm-none-eabi/4.8.2/../../../../arm-none-eabi/lib/thumb\libstdc++.a(eh_alloc.o)
                0x080136c8                __cxa_free_exception
 .text.__cxa_allocate_dependent_exception
                0x08013700       0x60 c:/devkitpro/devkitarm/bin/../lib/gcc/arm-none-eabi/4.8.2/../../../../arm-none-eabi/lib/thumb\libstdc++.a(eh_alloc.o)
                0x08013700                __cxa_allocate_dependent_exception
 .text.__cxa_free_dependent_exception
                0x08013760       0x3c c:/devkitpro/devkitarm/bin/../lib/gcc/arm-none-eabi/4.8.2/../../../../arm-none-eabi/lib/thumb\libstdc++.a(eh_alloc.o)
                0x08013760                __cxa_free_dependent_exception
 .text._ZNKSt9bad_alloc4whatEv
                0x0801379c        0x8 c:/devkitpro/devkitarm/bin/../lib/gcc/arm-none-eabi/4.8.2/../../../../arm-none-eabi/lib/thumb\libstdc++.a(bad_alloc.o)
                0x0801379c                std::bad_alloc::what() const
 .text._ZNSt9bad_allocD2Ev
                0x080137a4       0x1c c:/devkitpro/devkitarm/bin/../lib/gcc/arm-none-eabi/4.8.2/../../../../arm-none-eabi/lib/thumb\libstdc++.a(bad_alloc.o)
                0x080137a4                std::bad_alloc::~bad_alloc()
                0x080137a4                std::bad_alloc::~bad_alloc()
 .text._ZNSt9bad_allocD0Ev
                0x080137c0       0x20 c:/devkitpro/devkitarm/bin/../lib/gcc/arm-none-eabi/4.8.2/../../../../arm-none-eabi/lib/thumb\libstdc++.a(bad_alloc.o)
                0x080137c0                std::bad_alloc::~bad_alloc()
 .text._ZdaPv   0x080137e0        0xc c:/devkitpro/devkitarm/bin/../lib/gcc/arm-none-eabi/4.8.2/../../../../arm-none-eabi/lib/thumb\libstdc++.a(del_opv.o)
                0x080137e0                operator delete[](void*)
 .text._ZNK10__cxxabiv117__class_type_info11__do_upcastEPKS0_PPv
                0x080137ec       0x40 c:/devkitpro/devkitarm/bin/../lib/gcc/arm-none-eabi/4.8.2/../../../../arm-none-eabi/lib/thumb\libstdc++.a(class_type_info.o)
                0x080137ec                __cxxabiv1::__class_type_info::__do_upcast(__cxxabiv1::__class_type_info const*, void**) const
 .text._ZNK10__cxxabiv117__class_type_info20__do_find_public_srcEiPKvPKS0_S2_
                0x0801382c       0x14 c:/devkitpro/devkitarm/bin/../lib/gcc/arm-none-eabi/4.8.2/../../../../arm-none-eabi/lib/thumb\libstdc++.a(class_type_info.o)
                0x0801382c                __cxxabiv1::__class_type_info::__do_find_public_src(int, void const*, __cxxabiv1::__class_type_info const*, void const*) const
 .text._ZN10__cxxabiv117__class_type_infoD2Ev
                0x08013840       0x1c c:/devkitpro/devkitarm/bin/../lib/gcc/arm-none-eabi/4.8.2/../../../../arm-none-eabi/lib/thumb\libstdc++.a(class_type_info.o)
                0x08013840                __cxxabiv1::__class_type_info::~__class_type_info()
                0x08013840                __cxxabiv1::__class_type_info::~__class_type_info()
 .text._ZN10__cxxabiv117__class_type_infoD0Ev
                0x0801385c       0x20 c:/devkitpro/devkitarm/bin/../lib/gcc/arm-none-eabi/4.8.2/../../../../arm-none-eabi/lib/thumb\libstdc++.a(class_type_info.o)
                0x0801385c                __cxxabiv1::__class_type_info::~__class_type_info()
 .text._ZNK10__cxxabiv117__class_type_info11__do_upcastEPKS0_PKvRNS0_15__upcast_resultE
                0x0801387c       0x20 c:/devkitpro/devkitarm/bin/../lib/gcc/arm-none-eabi/4.8.2/../../../../arm-none-eabi/lib/thumb\libstdc++.a(class_type_info.o)
                0x0801387c                __cxxabiv1::__class_type_info::__do_upcast(__cxxabiv1::__class_type_info const*, void const*, __cxxabiv1::__class_type_info::__upcast_result&) const
 .text._ZNK10__cxxabiv117__class_type_info10__do_catchEPKSt9type_infoPPvj
                0x0801389c       0x30 c:/devkitpro/devkitarm/bin/../lib/gcc/arm-none-eabi/4.8.2/../../../../arm-none-eabi/lib/thumb\libstdc++.a(class_type_info.o)
                0x0801389c                __cxxabiv1::__class_type_info::__do_catch(std::type_info const*, void**, unsigned int) const
 .text._ZNK10__cxxabiv117__class_type_info12__do_dyncastEiNS0_10__sub_kindEPKS0_PKvS3_S5_RNS0_16__dyncast_resultE
                0x080138cc       0x44 c:/devkitpro/devkitarm/bin/../lib/gcc/arm-none-eabi/4.8.2/../../../../arm-none-eabi/lib/thumb\libstdc++.a(class_type_info.o)
                0x080138cc                __cxxabiv1::__class_type_info::__do_dyncast(int, __cxxabiv1::__class_type_info::__sub_kind, __cxxabiv1::__class_type_info const*, void const*, __cxxabiv1::__class_type_info const*, void const*, __cxxabiv1::__class_type_info::__dyncast_result&) const
 .text._ZSt15set_new_handlerPFvvE
                0x08013910       0x10 c:/devkitpro/devkitarm/bin/../lib/gcc/arm-none-eabi/4.8.2/../../../../arm-none-eabi/lib/thumb\libstdc++.a(new_handler.o)
                0x08013910                std::set_new_handler(void (*)())
 .text._ZNSt8__detail15_List_node_base4swapERS0_S1_
                0x08013920       0x54 c:/devkitpro/devkitarm/bin/../lib/gcc/arm-none-eabi/4.8.2/../../../../arm-none-eabi/lib/thumb\libstdc++.a(list.o)
                0x08013920                std::__detail::_List_node_base::swap(std::__detail::_List_node_base&, std::__detail::_List_node_base&)
 .text._ZNSt8__detail15_List_node_base11_M_transferEPS0_S1_
                0x08013974       0x20 c:/devkitpro/devkitarm/bin/../lib/gcc/arm-none-eabi/4.8.2/../../../../arm-none-eabi/lib/thumb\libstdc++.a(list.o)
                0x08013974                std::__detail::_List_node_base::_M_transfer(std::__detail::_List_node_base*, std::__detail::_List_node_base*)
 .text._ZNSt8__detail15_List_node_base10_M_reverseEv
                0x08013994       0x18 c:/devkitpro/devkitarm/bin/../lib/gcc/arm-none-eabi/4.8.2/../../../../arm-none-eabi/lib/thumb\libstdc++.a(list.o)
                0x08013994                std::__detail::_List_node_base::_M_reverse()
 .text._ZNSt8__detail15_List_node_base7_M_hookEPS0_
                0x080139ac       0x10 c:/devkitpro/devkitarm/bin/../lib/gcc/arm-none-eabi/4.8.2/../../../../arm-none-eabi/lib/thumb\libstdc++.a(list.o)
                0x080139ac                std::__detail::_List_node_base::_M_hook(std::__detail::_List_node_base*)
 .text._ZNSt8__detail15_List_node_base9_M_unhookEv
                0x080139bc        0xc c:/devkitpro/devkitarm/bin/../lib/gcc/arm-none-eabi/4.8.2/../../../../arm-none-eabi/lib/thumb\libstdc++.a(list.o)
                0x080139bc                std::__detail::_List_node_base::_M_unhook()
 .text._ZStL25local_Rb_tree_rotate_leftPSt18_Rb_tree_node_baseRS0_
                0x080139c8       0x34 c:/devkitpro/devkitarm/bin/../lib/gcc/arm-none-eabi/4.8.2/../../../../arm-none-eabi/lib/thumb\libstdc++.a(tree.o)
 .text._ZStL26local_Rb_tree_rotate_rightPSt18_Rb_tree_node_baseRS0_
                0x080139fc       0x34 c:/devkitpro/devkitarm/bin/../lib/gcc/arm-none-eabi/4.8.2/../../../../arm-none-eabi/lib/thumb\libstdc++.a(tree.o)
 .text._ZStL23local_Rb_tree_decrementPSt18_Rb_tree_node_base
                0x08013a30       0x44 c:/devkitpro/devkitarm/bin/../lib/gcc/arm-none-eabi/4.8.2/../../../../arm-none-eabi/lib/thumb\libstdc++.a(tree.o)
 .text._ZSt18_Rb_tree_incrementPSt18_Rb_tree_node_base
                0x08013a74       0x38 c:/devkitpro/devkitarm/bin/../lib/gcc/arm-none-eabi/4.8.2/../../../../arm-none-eabi/lib/thumb\libstdc++.a(tree.o)
                0x08013a74                std::_Rb_tree_increment(std::_Rb_tree_node_base*)
 .text._ZSt18_Rb_tree_incrementPKSt18_Rb_tree_node_base
                0x08013aac       0x38 c:/devkitpro/devkitarm/bin/../lib/gcc/arm-none-eabi/4.8.2/../../../../arm-none-eabi/lib/thumb\libstdc++.a(tree.o)
                0x08013aac                std::_Rb_tree_increment(std::_Rb_tree_node_base const*)
 .text._ZSt18_Rb_tree_decrementPSt18_Rb_tree_node_base
                0x08013ae4        0xc c:/devkitpro/devkitarm/bin/../lib/gcc/arm-none-eabi/4.8.2/../../../../arm-none-eabi/lib/thumb\libstdc++.a(tree.o)
                0x08013ae4                std::_Rb_tree_decrement(std::_Rb_tree_node_base*)
 .text._ZSt18_Rb_tree_decrementPKSt18_Rb_tree_node_base
                0x08013af0        0xc c:/devkitpro/devkitarm/bin/../lib/gcc/arm-none-eabi/4.8.2/../../../../arm-none-eabi/lib/thumb\libstdc++.a(tree.o)
                0x08013af0                std::_Rb_tree_decrement(std::_Rb_tree_node_base const*)
 .text._ZSt20_Rb_tree_rotate_leftPSt18_Rb_tree_node_baseRS0_
                0x08013afc        0xc c:/devkitpro/devkitarm/bin/../lib/gcc/arm-none-eabi/4.8.2/../../../../arm-none-eabi/lib/thumb\libstdc++.a(tree.o)
                0x08013afc                std::_Rb_tree_rotate_left(std::_Rb_tree_node_base*, std::_Rb_tree_node_base*&)
 .text._ZSt21_Rb_tree_rotate_rightPSt18_Rb_tree_node_baseRS0_
                0x08013b08        0xc c:/devkitpro/devkitarm/bin/../lib/gcc/arm-none-eabi/4.8.2/../../../../arm-none-eabi/lib/thumb\libstdc++.a(tree.o)
                0x08013b08                std::_Rb_tree_rotate_right(std::_Rb_tree_node_base*, std::_Rb_tree_node_base*&)
 .text._ZSt29_Rb_tree_insert_and_rebalancebPSt18_Rb_tree_node_baseS0_RS_
                0x08013b14       0xfc c:/devkitpro/devkitarm/bin/../lib/gcc/arm-none-eabi/4.8.2/../../../../arm-none-eabi/lib/thumb\libstdc++.a(tree.o)
                0x08013b14                std::_Rb_tree_insert_and_rebalance(bool, std::_Rb_tree_node_base*, std::_Rb_tree_node_base*, std::_Rb_tree_node_base&)
 .text._ZSt28_Rb_tree_rebalance_for_erasePSt18_Rb_tree_node_baseRS_
                0x08013c10      0x254 c:/devkitpro/devkitarm/bin/../lib/gcc/arm-none-eabi/4.8.2/../../../../arm-none-eabi/lib/thumb\libstdc++.a(tree.o)
                0x08013c10                std::_Rb_tree_rebalance_for_erase(std::_Rb_tree_node_base*, std::_Rb_tree_node_base&)
 .text._ZSt20_Rb_tree_black_countPKSt18_Rb_tree_node_baseS1_
                0x08013e64       0x28 c:/devkitpro/devkitarm/bin/../lib/gcc/arm-none-eabi/4.8.2/../../../../arm-none-eabi/lib/thumb\libstdc++.a(tree.o)
                0x08013e64                std::_Rb_tree_black_count(std::_Rb_tree_node_base const*, std::_Rb_tree_node_base const*)
 .text._ZL23__gxx_exception_cleanup19_Unwind_Reason_CodeP21_Unwind_Control_Block
                0x08013e8c       0x30 c:/devkitpro/devkitarm/bin/../lib/gcc/arm-none-eabi/4.8.2/../../../../arm-none-eabi/lib/thumb\libstdc++.a(eh_throw.o)
 .text.__cxa_throw
                0x08013ebc       0x68 c:/devkitpro/devkitarm/bin/../lib/gcc/arm-none-eabi/4.8.2/../../../../arm-none-eabi/lib/thumb\libstdc++.a(eh_throw.o)
                0x08013ebc                __cxa_throw
 .text.__cxa_rethrow
                0x08013f24       0x74 c:/devkitpro/devkitarm/bin/../lib/gcc/arm-none-eabi/4.8.2/../../../../arm-none-eabi/lib/thumb\libstdc++.a(eh_throw.o)
                0x08013f24                __cxa_rethrow
 .text.__cxa_get_exception_ptr
                0x08013f98        0x4 c:/devkitpro/devkitarm/bin/../lib/gcc/arm-none-eabi/4.8.2/../../../../arm-none-eabi/lib/thumb\libstdc++.a(eh_catch.o)
                0x08013f98                __cxa_get_exception_ptr
 .text.__cxa_begin_catch
                0x08013f9c       0x88 c:/devkitpro/devkitarm/bin/../lib/gcc/arm-none-eabi/4.8.2/../../../../arm-none-eabi/lib/thumb\libstdc++.a(eh_catch.o)
                0x08013f9c                __cxa_begin_catch
 .text.__cxa_end_catch
                0x08014024       0x90 c:/devkitpro/devkitarm/bin/../lib/gcc/arm-none-eabi/4.8.2/../../../../arm-none-eabi/lib/thumb\libstdc++.a(eh_catch.o)
                0x08014024                __cxa_end_catch
 .text._ZSt18uncaught_exceptionv
                0x080140b4       0x14 c:/devkitpro/devkitarm/bin/../lib/gcc/arm-none-eabi/4.8.2/../../../../arm-none-eabi/lib/thumb\libstdc++.a(eh_catch.o)
                0x080140b4                std::uncaught_exception()
 .text._ZN9__gnu_cxx27__verbose_terminate_handlerEv
                0x080140c8      0x11c c:/devkitpro/devkitarm/bin/../lib/gcc/arm-none-eabi/4.8.2/../../../../arm-none-eabi/lib/thumb\libstdc++.a(vterminate.o)
                0x080140c8                __gnu_cxx::__verbose_terminate_handler()
 .text.__cxa_current_exception_type
                0x080141e4       0x28 c:/devkitpro/devkitarm/bin/../lib/gcc/arm-none-eabi/4.8.2/../../../../arm-none-eabi/lib/thumb\libstdc++.a(eh_type.o)
                0x080141e4                __cxa_current_exception_type
 *fill*         0x0801420c        0x4 ff
 .text.__cxa_current_exception_type.__stub
                0x08014210      0x11c linker stubs
 *(.text.*personality*)
 *(.gnu.warning)
 *(.glue_7t)
 .glue_7t       0x00000000        0x0 linker stubs
 *(.glue_7)
 .glue_7        0x00000000        0x0 linker stubs
 *(.vfp11_veneer)
 .vfp11_veneer  0x00000000        0x0 linker stubs
                0x0801432c                . = ALIGN (0x4)
                0x0801432c                __text_end = .

.v4_bx          0x08014338        0x0
 .v4_bx         0x00000000        0x0 linker stubs

.iplt           0x08014338        0x0
 .iplt          0x00000000        0x0 c:/devkitpro/devkitarm/bin/../lib/gcc/arm-none-eabi/4.8.2/../../../../arm-none-eabi/lib/thumb/gba_crt0.o

.fini           0x08014338        0xc
 *(.fini)
 .fini          0x08014338        0x4 c:/devkitpro/devkitarm/bin/../lib/gcc/arm-none-eabi/4.8.2/thumb/crti.o
                0x08014338                _fini
 .fini          0x0801433c        0x8 c:/devkitpro/devkitarm/bin/../lib/gcc/arm-none-eabi/4.8.2/thumb/crtn.o
                0x08014344                . = ALIGN (0x4)

.rodata         0x08014348     0x2ca4
 *(.rodata)
 .rodata        0x08014348       0x28 ballsystem.o
                0x08014348                vtable for BallSystem
                0x08014354                typeinfo name for BallSystem
                0x08014364                typeinfo for BallSystem
 .rodata        0x08014370       0x28 camera.o
                0x08014370                vtable for Camera
                0x08014384                typeinfo name for Camera
                0x0801438c                typeinfo for Camera
 .rodata        0x08014398       0x30 component.o
                0x08014398                vtable for BaseComponent
                0x080143ac                typeinfo name for BaseComponent
                0x080143bc                typeinfo for BaseComponent
 .rodata        0x080143c8        0x4 object.o
 *fill*         0x080143cc        0x4 ff
 .rodata        0x080143d0       0x30 particles.o
                0x080143d0                vtable for Particles
                0x080143e4                typeinfo name for Particles
                0x080143f0                typeinfo for Particles
 .rodata        0x08014400       0x40 physics.o
                0x08014400                vtable for Physics
                0x08014424                typeinfo name for Physics
                0x08014430                typeinfo for Physics
 .rodata        0x08014440       0x30 playerinputsystem.o
                0x08014440                vtable for PlayerInputSystem
                0x0801444c                typeinfo name for PlayerInputSystem
                0x08014460                typeinfo for PlayerInputSystem
 .rodata        0x08014470       0x28 rumble.o
                0x08014470                vtable for Rumble
                0x08014484                typeinfo name for Rumble
                0x0801448c                typeinfo for Rumble
 .rodata        0x08014498       0x28 sprite.o
                0x08014498                vtable for Sprite
                0x080144ac                typeinfo name for Sprite
                0x080144b4                typeinfo for Sprite
 .rodata        0x080144c0       0x28 system.o
                0x080144c0                vtable for BaseSystem
                0x080144cc                typeinfo name for BaseSystem
                0x080144dc                typeinfo for BaseSystem
 .rodata        0x080144e8       0x38 e:/dev/tonc-code/code/tonclib/lib\libtonc.a(tonc_irq.o)
 .rodata        0x08014520      0x404 e:/dev/tonc-code/code/tonclib/lib\libtonc.a(sin_lut.o)
                0x08014520                sin_lut
 .rodata        0x08014924     0x1020 c:/devkitpro/devkitarm/bin/../lib/gcc/arm-none-eabi/4.8.2/../../../../arm-none-eabi/lib/thumb\libstdc++.a(cp-demangle.o)
 .rodata        0x08015944        0x4 c:/devkitpro/devkitarm/bin/../lib/gcc/arm-none-eabi/4.8.2/../../../../arm-none-eabi/lib/thumb\libg.a(lib_a-impure.o)
                0x08015944                _global_impure_ptr
 .rodata        0x08015948      0x184 c:/devkitpro/devkitarm/bin/../lib/gcc/arm-none-eabi/4.8.2/../../../../arm-none-eabi/lib/thumb\libg.a(lib_a-svfprintf.o)
 .rodata        0x08015acc       0xf0 c:/devkitpro/devkitarm/bin/../lib/gcc/arm-none-eabi/4.8.2/../../../../arm-none-eabi/lib/thumb\libg.a(lib_a-locale.o)
 .rodata        0x08015bbc       0xa8 c:/devkitpro/devkitarm/bin/../lib/gcc/arm-none-eabi/4.8.2/../../../../arm-none-eabi/lib/thumb\libg.a(lib_a-mbtowc_r.o)
 *fill*         0x08015c64        0x4 ff
 .rodata        0x08015c68      0x128 c:/devkitpro/devkitarm/bin/../lib/gcc/arm-none-eabi/4.8.2/../../../../arm-none-eabi/lib/thumb\libg.a(lib_a-mprec.o)
                0x08015c78                __mprec_tens
                0x08015d40                __mprec_tinytens
                0x08015d68                __mprec_bigtens
 .rodata        0x08015d90      0x184 c:/devkitpro/devkitarm/bin/../lib/gcc/arm-none-eabi/4.8.2/../../../../arm-none-eabi/lib/thumb\libg.a(lib_a-svfiprintf.o)
 .rodata        0x08015f14      0x104 c:/devkitpro/devkitarm/bin/../lib/gcc/arm-none-eabi/4.8.2/../../../../arm-none-eabi/lib/thumb\libg.a(lib_a-ctype_.o)
                0x08015f14                _ctype_
 .rodata        0x08016018       0x64 c:/devkitpro/devkitarm/bin/../lib/gcc/arm-none-eabi/4.8.2/../../../../arm-none-eabi/lib/thumb\libsysbase.a(iosupport.o)
                0x08016018                dotab_stdnull
 *all.rodata*(*)
 *(.roda)
 *(.rodata.*)
 .rodata._ZN9ComponentI7PhysicsE7type_idE
                0x0801607c        0x4 ballsystem.o
                0x0801607c                Component<Physics>::type_id
 .rodata._ZTI6SystemI7PhysicsE
                0x08016080        0xc ballsystem.o
                0x08016080                typeinfo for System<Physics>
 .rodata._ZTS6SystemI7PhysicsE
                0x0801608c       0x14 ballsystem.o
                0x0801608c                typeinfo name for System<Physics>
 .rodata._ZTV6SystemI7PhysicsE
                0x080160a0       0x10 ballsystem.o
                0x080160a0                vtable for System<Physics>
 .rodata._ZTI9ComponentI6CameraE
                0x080160b0        0xc camera.o
                0x080160b0                typeinfo for Component<Camera>
 .rodata._ZTS9ComponentI6CameraE
                0x080160bc       0x14 camera.o
                0x080160bc                typeinfo name for Component<Camera>
 .rodata._ZTV9ComponentI6CameraE
                0x080160d0       0x18 camera.o
                0x080160d0                vtable for Component<Camera>
 .rodata._ZN9ComponentI6RumbleE7type_idE
                0x080160e8        0x4 main.o
                0x080160e8                Component<Rumble>::type_id
 .rodata._ZN9ComponentI6CameraE7type_idE
                0x080160ec        0x4 main.o
                0x080160ec                Component<Camera>::type_id
 .rodata._ZN9ComponentI9ParticlesE7type_idE
                0x080160f0        0x4 main.o
                0x080160f0                Component<Particles>::type_id
 .rodata._ZN9ComponentI6SpriteE7type_idE
                0x080160f4        0x4 main.o
                0x080160f4                Component<Sprite>::type_id
 .rodata._ZTI6SystemI6RumbleE
                0x080160f8        0xc main.o
                0x080160f8                typeinfo for System<Rumble>
 .rodata._ZTS6SystemI6RumbleE
                0x08016104       0x14 main.o
                0x08016104                typeinfo name for System<Rumble>
 .rodata._ZTI12RumbleSystem
                0x08016118        0xc main.o
                0x08016118                typeinfo for RumbleSystem
 .rodata._ZTS12RumbleSystem
                0x08016124       0x10 main.o
                0x08016124                typeinfo name for RumbleSystem
 .rodata._ZTI6SystemI6SpriteE
                0x08016134        0xc main.o
                0x08016134                typeinfo for System<Sprite>
 .rodata._ZTS6SystemI6SpriteE
                0x08016140       0x14 main.o
                0x08016140                typeinfo name for System<Sprite>
 .rodata._ZTI6SystemI9ParticlesE
                0x08016154        0xc main.o
                0x08016154                typeinfo for System<Particles>
 .rodata._ZTS6SystemI9ParticlesE
                0x08016160       0x14 main.o
                0x08016160                typeinfo name for System<Particles>
 .rodata._ZTI6SystemI6CameraE
                0x08016174        0xc main.o
                0x08016174                typeinfo for System<Camera>
 .rodata._ZTS6SystemI6CameraE
                0x08016180       0x14 main.o
                0x08016180                typeinfo name for System<Camera>
 *fill*         0x08016194        0x4 ff
 .rodata._ZTV6SystemI6RumbleE
                0x08016198       0x10 main.o
                0x08016198                vtable for System<Rumble>
 .rodata._ZTV12RumbleSystem
                0x080161a8       0x10 main.o
                0x080161a8                vtable for RumbleSystem
 .rodata._ZTV6SystemI6SpriteE
                0x080161b8       0x10 main.o
                0x080161b8                vtable for System<Sprite>
 .rodata._ZTV6SystemI9ParticlesE
                0x080161c8       0x10 main.o
                0x080161c8                vtable for System<Particles>
 .rodata._ZTV6SystemI6CameraE
                0x080161d8       0x10 main.o
                0x080161d8                vtable for System<Camera>
 .rodata.str1.4
                0x080161e8       0x31 main.o
                                 0x34 (size before relaxing)
 *fill*         0x08016219        0x3 ff
 .rodata._ZTI9ComponentI9ParticlesE
                0x0801621c        0xc particles.o
                0x0801621c                typeinfo for Component<Particles>
 .rodata._ZTS9ComponentI9ParticlesE
                0x08016228       0x18 particles.o
                0x08016228                typeinfo name for Component<Particles>
 .rodata._ZTV9ComponentI9ParticlesE
                0x08016240       0x18 particles.o
                0x08016240                vtable for Component<Particles>
 .rodata._ZTI9ComponentI7PhysicsE
                0x08016258        0xc physics.o
                0x08016258                typeinfo for Component<Physics>
 .rodata._ZTS9ComponentI7PhysicsE
                0x08016264       0x18 physics.o
                0x08016264                typeinfo name for Component<Physics>
 *fill*         0x0801627c        0x4 ff
 .rodata._ZTV9ComponentI7PhysicsE
                0x08016280       0x18 physics.o
                0x08016280                vtable for Component<Physics>
 .rodata._ZTI9ComponentI6RumbleE
                0x08016298        0xc rumble.o
                0x08016298                typeinfo for Component<Rumble>
 .rodata._ZTS9ComponentI6RumbleE
                0x080162a4       0x14 rumble.o
                0x080162a4                typeinfo name for Component<Rumble>
 .rodata._ZTV9ComponentI6RumbleE
                0x080162b8       0x18 rumble.o
                0x080162b8                vtable for Component<Rumble>
 .rodata._ZTI9ComponentI6SpriteE
                0x080162d0        0xc sprite.o
                0x080162d0                typeinfo for Component<Sprite>
 .rodata._ZTS9ComponentI6SpriteE
                0x080162dc       0x14 sprite.o
                0x080162dc                typeinfo name for Component<Sprite>
 .rodata._ZTV9ComponentI6SpriteE
                0x080162f0       0x18 sprite.o
                0x080162f0                vtable for Component<Sprite>
 .rodata.str1.4
                0x08016308        0xd libgbfs.o
                                 0x10 (size before relaxing)
 *fill*         0x08016315        0x3 ff
 .rodata.str1.4
                0x08016318       0x3b c:/devkitpro/devkitarm/bin/../lib/gcc/arm-none-eabi/4.8.2/../../../../arm-none-eabi/lib/thumb\libstdc++.a(pure.o)
                                 0x3c (size before relaxing)
 *fill*         0x08016353        0x5 ff
 .rodata._ZTVN10__cxxabiv120__si_class_type_infoE
                0x08016358       0x30 c:/devkitpro/devkitarm/bin/../lib/gcc/arm-none-eabi/4.8.2/../../../../arm-none-eabi/lib/thumb\libstdc++.a(si_class_type_info.o)
                0x08016358                vtable for __cxxabiv1::__si_class_type_info
 .rodata._ZTIN10__cxxabiv120__si_class_type_infoE
                0x08016388        0xc c:/devkitpro/devkitarm/bin/../lib/gcc/arm-none-eabi/4.8.2/../../../../arm-none-eabi/lib/thumb\libstdc++.a(si_class_type_info.o)
                0x08016388                typeinfo for __cxxabiv1::__si_class_type_info
 .rodata._ZTSN10__cxxabiv120__si_class_type_infoE
                0x08016394       0x28 c:/devkitpro/devkitarm/bin/../lib/gcc/arm-none-eabi/4.8.2/../../../../arm-none-eabi/lib/thumb\libstdc++.a(si_class_type_info.o)
                0x08016394                typeinfo name for __cxxabiv1::__si_class_type_info
 .rodata._ZL28read_encoded_value_with_basehjPKhPj
                0x080163bc       0x34 c:/devkitpro/devkitarm/bin/../lib/gcc/arm-none-eabi/4.8.2/../../../../arm-none-eabi/lib/thumb\libstdc++.a(eh_personality.o)
 .rodata._ZTISt9type_info
                0x080163f0        0x8 c:/devkitpro/devkitarm/bin/../lib/gcc/arm-none-eabi/4.8.2/../../../../arm-none-eabi/lib/thumb\libstdc++.a(tinfo.o)
                0x080163f0                typeinfo for std::type_info
 .rodata._ZTSSt9type_info
                0x080163f8       0x10 c:/devkitpro/devkitarm/bin/../lib/gcc/arm-none-eabi/4.8.2/../../../../arm-none-eabi/lib/thumb\libstdc++.a(tinfo.o)
                0x080163f8                typeinfo name for std::type_info
 .rodata._ZTVSt9type_info
                0x08016408       0x20 c:/devkitpro/devkitarm/bin/../lib/gcc/arm-none-eabi/4.8.2/../../../../arm-none-eabi/lib/thumb\libstdc++.a(tinfo.o)
                0x08016408                vtable for std::type_info
 .rodata._ZTVN10__cxxabiv115__forced_unwindE
                0x08016428       0x18 c:/devkitpro/devkitarm/bin/../lib/gcc/arm-none-eabi/4.8.2/../../../../arm-none-eabi/lib/thumb\libstdc++.a(eh_exception.o)
                0x08016428                vtable for __cxxabiv1::__forced_unwind
 .rodata._ZTVSt9exception
                0x08016440       0x18 c:/devkitpro/devkitarm/bin/../lib/gcc/arm-none-eabi/4.8.2/../../../../arm-none-eabi/lib/thumb\libstdc++.a(eh_exception.o)
                0x08016440                vtable for std::exception
 .rodata._ZTIN10__cxxabiv115__forced_unwindE
                0x08016458        0x8 c:/devkitpro/devkitarm/bin/../lib/gcc/arm-none-eabi/4.8.2/../../../../arm-none-eabi/lib/thumb\libstdc++.a(eh_exception.o)
                0x08016458                typeinfo for __cxxabiv1::__forced_unwind
 .rodata._ZTISt9exception
                0x08016460        0x8 c:/devkitpro/devkitarm/bin/../lib/gcc/arm-none-eabi/4.8.2/../../../../arm-none-eabi/lib/thumb\libstdc++.a(eh_exception.o)
                0x08016460                typeinfo for std::exception
 .rodata._ZTSSt13bad_exception
                0x08016468       0x14 c:/devkitpro/devkitarm/bin/../lib/gcc/arm-none-eabi/4.8.2/../../../../arm-none-eabi/lib/thumb\libstdc++.a(eh_exception.o)
                0x08016468                typeinfo name for std::bad_exception
 .rodata.str1.4
                0x0801647c       0x23 c:/devkitpro/devkitarm/bin/../lib/gcc/arm-none-eabi/4.8.2/../../../../arm-none-eabi/lib/thumb\libstdc++.a(eh_exception.o)
                                 0x24 (size before relaxing)
 *fill*         0x0801649f        0x1 ff
 .rodata._ZTSN10__cxxabiv119__foreign_exceptionE
                0x080164a0       0x24 c:/devkitpro/devkitarm/bin/../lib/gcc/arm-none-eabi/4.8.2/../../../../arm-none-eabi/lib/thumb\libstdc++.a(eh_exception.o)
                0x080164a0                typeinfo name for __cxxabiv1::__foreign_exception
 .rodata._ZTIN10__cxxabiv119__foreign_exceptionE
                0x080164c4        0x8 c:/devkitpro/devkitarm/bin/../lib/gcc/arm-none-eabi/4.8.2/../../../../arm-none-eabi/lib/thumb\libstdc++.a(eh_exception.o)
                0x080164c4                typeinfo for __cxxabiv1::__foreign_exception
 *fill*         0x080164cc        0x4 ff
 .rodata._ZTVSt13bad_exception
                0x080164d0       0x18 c:/devkitpro/devkitarm/bin/../lib/gcc/arm-none-eabi/4.8.2/../../../../arm-none-eabi/lib/thumb\libstdc++.a(eh_exception.o)
                0x080164d0                vtable for std::bad_exception
 .rodata._ZTSSt9exception
                0x080164e8       0x10 c:/devkitpro/devkitarm/bin/../lib/gcc/arm-none-eabi/4.8.2/../../../../arm-none-eabi/lib/thumb\libstdc++.a(eh_exception.o)
                0x080164e8                typeinfo name for std::exception
 .rodata._ZTVN10__cxxabiv119__foreign_exceptionE
                0x080164f8       0x18 c:/devkitpro/devkitarm/bin/../lib/gcc/arm-none-eabi/4.8.2/../../../../arm-none-eabi/lib/thumb\libstdc++.a(eh_exception.o)
                0x080164f8                vtable for __cxxabiv1::__foreign_exception
 .rodata._ZTSN10__cxxabiv115__forced_unwindE
                0x08016510       0x20 c:/devkitpro/devkitarm/bin/../lib/gcc/arm-none-eabi/4.8.2/../../../../arm-none-eabi/lib/thumb\libstdc++.a(eh_exception.o)
                0x08016510                typeinfo name for __cxxabiv1::__forced_unwind
 .rodata._ZTISt13bad_exception
                0x08016530        0xc c:/devkitpro/devkitarm/bin/../lib/gcc/arm-none-eabi/4.8.2/../../../../arm-none-eabi/lib/thumb\libstdc++.a(eh_exception.o)
                0x08016530                typeinfo for std::bad_exception
 *fill*         0x0801653c        0x4 ff
 .rodata._ZTVSt9bad_alloc
                0x08016540       0x18 c:/devkitpro/devkitarm/bin/../lib/gcc/arm-none-eabi/4.8.2/../../../../arm-none-eabi/lib/thumb\libstdc++.a(bad_alloc.o)
                0x08016540                vtable for std::bad_alloc
 .rodata._ZTISt9bad_alloc
                0x08016558        0xc c:/devkitpro/devkitarm/bin/../lib/gcc/arm-none-eabi/4.8.2/../../../../arm-none-eabi/lib/thumb\libstdc++.a(bad_alloc.o)
                0x08016558                typeinfo for std::bad_alloc
 .rodata.str1.4
                0x08016564        0xf c:/devkitpro/devkitarm/bin/../lib/gcc/arm-none-eabi/4.8.2/../../../../arm-none-eabi/lib/thumb\libstdc++.a(bad_alloc.o)
                                 0x10 (size before relaxing)
 *fill*         0x08016573        0x1 ff
 .rodata._ZTSSt9bad_alloc
                0x08016574       0x10 c:/devkitpro/devkitarm/bin/../lib/gcc/arm-none-eabi/4.8.2/../../../../arm-none-eabi/lib/thumb\libstdc++.a(bad_alloc.o)
                0x08016574                typeinfo name for std::bad_alloc
 *fill*         0x08016584        0x4 ff
 .rodata._ZTVN10__cxxabiv117__class_type_infoE
                0x08016588       0x30 c:/devkitpro/devkitarm/bin/../lib/gcc/arm-none-eabi/4.8.2/../../../../arm-none-eabi/lib/thumb\libstdc++.a(class_type_info.o)
                0x08016588                vtable for __cxxabiv1::__class_type_info
 .rodata._ZTIN10__cxxabiv117__class_type_infoE
                0x080165b8        0xc c:/devkitpro/devkitarm/bin/../lib/gcc/arm-none-eabi/4.8.2/../../../../arm-none-eabi/lib/thumb\libstdc++.a(class_type_info.o)
                0x080165b8                typeinfo for __cxxabiv1::__class_type_info
 .rodata._ZTSN10__cxxabiv117__class_type_infoE
                0x080165c4       0x24 c:/devkitpro/devkitarm/bin/../lib/gcc/arm-none-eabi/4.8.2/../../../../arm-none-eabi/lib/thumb\libstdc++.a(class_type_info.o)
                0x080165c4                typeinfo name for __cxxabiv1::__class_type_info
 .rodata._ZSt7nothrow
                0x080165e8        0x4 c:/devkitpro/devkitarm/bin/../lib/gcc/arm-none-eabi/4.8.2/../../../../arm-none-eabi/lib/thumb\libstdc++.a(new_handler.o)
                0x080165e8                std::nothrow
 .rodata.str1.4
                0x080165ec       0x94 c:/devkitpro/devkitarm/bin/../lib/gcc/arm-none-eabi/4.8.2/../../../../arm-none-eabi/lib/thumb\libstdc++.a(vterminate.o)
 .rodata.str1.4